Archive member included to satisfy reference by file (symbol)

../micro_ros_stm32cubemx_utils/microros_static_library_ide/libmicroros/libmicroros.a(librcl-publisher.c.obj)
                              ./Core/Src/main.o (rcl_publish)
../micro_ros_stm32cubemx_utils/microros_static_library_ide/libmicroros/libmicroros.a(librclc-init.c.obj)
                              ./Core/Src/main.o (rclc_support_init)
../micro_ros_stm32cubemx_utils/microros_static_library_ide/libmicroros/libmicroros.a(librclc-node.c.obj)
                              ./Core/Src/main.o (rclc_node_init_default)
../micro_ros_stm32cubemx_utils/microros_static_library_ide/libmicroros/libmicroros.a(librclc-publisher.c.obj)
                              ./Core/Src/main.o (rclc_publisher_init_default)
../micro_ros_stm32cubemx_utils/microros_static_library_ide/libmicroros/libmicroros.a(librcutils-allocator.c.obj)
                              ./Core/Src/main.o (rcutils_get_zero_initialized_allocator)
../micro_ros_stm32cubemx_utils/microros_static_library_ide/libmicroros/libmicroros.a(librcutils-error_handling.c.obj)
                              ../micro_ros_stm32cubemx_utils/microros_static_library_ide/libmicroros/libmicroros.a(librclc-init.c.obj) (rcutils_reset_error)
../micro_ros_stm32cubemx_utils/microros_static_library_ide/libmicroros/libmicroros.a(librmw-publisher_options.c.obj)
                              ../micro_ros_stm32cubemx_utils/microros_static_library_ide/libmicroros/libmicroros.a(librcl-publisher.c.obj) (rmw_get_default_publisher_options)
../micro_ros_stm32cubemx_utils/microros_static_library_ide/libmicroros/libmicroros.a(librmw_microxrcedds-custom_transport.c.obj)
                              ./Core/Src/main.o (rmw_uros_set_custom_transport)
../micro_ros_stm32cubemx_utils/microros_static_library_ide/libmicroros/libmicroros.a(librmw_microxrcedds-rmw_publish.c.obj)
                              ../micro_ros_stm32cubemx_utils/microros_static_library_ide/libmicroros/libmicroros.a(librcl-publisher.c.obj) (rmw_publish)
../micro_ros_stm32cubemx_utils/microros_static_library_ide/libmicroros/libmicroros.a(librmw_microxrcedds-rmw_publisher.c.obj)
                              ../micro_ros_stm32cubemx_utils/microros_static_library_ide/libmicroros/libmicroros.a(librcl-publisher.c.obj) (rmw_create_publisher)
../micro_ros_stm32cubemx_utils/microros_static_library_ide/libmicroros/libmicroros.a(librmw_microxrcedds-types.c.obj)
                              ../micro_ros_stm32cubemx_utils/microros_static_library_ide/libmicroros/libmicroros.a(librmw_microxrcedds-rmw_publisher.c.obj) (rmw_uxrce_fini_publisher_memory)
../micro_ros_stm32cubemx_utils/microros_static_library_ide/libmicroros/libmicroros.a(librmw_microxrcedds-utils.c.obj)
                              ../micro_ros_stm32cubemx_utils/microros_static_library_ide/libmicroros/libmicroros.a(librmw_microxrcedds-rmw_publisher.c.obj) (run_xrce_session)
../micro_ros_stm32cubemx_utils/microros_static_library_ide/libmicroros/libmicroros.a(librosidl_runtime_c-message_type_support.c.obj)
                              ../micro_ros_stm32cubemx_utils/microros_static_library_ide/libmicroros/libmicroros.a(librmw_microxrcedds-rmw_publisher.c.obj) (get_message_typesupport_handle)
../micro_ros_stm32cubemx_utils/microros_static_library_ide/libmicroros/libmicroros.a(libstd_msgs__rosidl_typesupport_c-int32__type_support.cpp.obj)
                              ./Core/Src/main.o (rosidl_typesupport_c__get_message_type_support_handle__std_msgs__msg__Int32)
../micro_ros_stm32cubemx_utils/microros_static_library_ide/libmicroros/libmicroros.a(libstd_msgs__rosidl_typesupport_introspection_c-int32__type_support.c.obj)
                              ../micro_ros_stm32cubemx_utils/microros_static_library_ide/libmicroros/libmicroros.a(libstd_msgs__rosidl_typesupport_c-int32__type_support.cpp.obj) (rosidl_typesupport_introspection_c__get_message_type_support_handle__std_msgs__msg__Int32)
../micro_ros_stm32cubemx_utils/microros_static_library_ide/libmicroros/libmicroros.a(libstd_msgs__rosidl_typesupport_microxrcedds_c-int32__type_support_c.c.obj)
                              ../micro_ros_stm32cubemx_utils/microros_static_library_ide/libmicroros/libmicroros.a(libstd_msgs__rosidl_typesupport_c-int32__type_support.cpp.obj) (rosidl_typesupport_microxrcedds_c__get_message_type_support_handle__std_msgs__msg__Int32)
../micro_ros_stm32cubemx_utils/microros_static_library_ide/libmicroros/libmicroros.a(libmicrocdr-basic.c.obj)
                              ../micro_ros_stm32cubemx_utils/microros_static_library_ide/libmicroros/libmicroros.a(libstd_msgs__rosidl_typesupport_microxrcedds_c-int32__type_support_c.c.obj) (ucdr_serialize_int32_t)
../micro_ros_stm32cubemx_utils/microros_static_library_ide/libmicroros/libmicroros.a(libmicrocdr-common.c.obj)
                              ../micro_ros_stm32cubemx_utils/microros_static_library_ide/libmicroros/libmicroros.a(libmicrocdr-basic.c.obj) (ucdr_check_buffer_available_for)
[...]
Memory Configuration

Name             Origin             Length             Attributes
RAM              0x20000000         0x00020000         xrw
FLASH            0x08000000         0x00080000         xr
*default*        0x00000000         0xffffffff

Linker script and memory map

LOAD /opt/st/stm32cubeide_1.15.1/plugins/com.st.stm32cube.ide.mcu.externaltools.gnu-tools-for-stm32.12.3.rel1.linux64_1.0.100.202403111256/tools/bin/../lib/gcc/arm-none-eabi/12.3.1/thumb/v7e-m+fp/hard/crti.o
LOAD /opt/st/stm32cubeide_1.15.1/plugins/com.st.stm32cube.ide.mcu.externaltools.gnu-tools-for-stm32.12.3.rel1.linux64_1.0.100.202403111256/tools/bin/../lib/gcc/arm-none-eabi/12.3.1/thumb/v7e-m+fp/hard/crtbegin.o
LOAD /opt/st/stm32cubeide_1.15.1/plugins/com.st.stm32cube.ide.mcu.externaltools.gnu-tools-for-stm32.12.3.rel1.linux64_1.0.100.202403111256/tools/bin/../lib/gcc/arm-none-eabi/12.3.1/../../../../arm-none-eabi/lib/thumb/v7e-m+fp/hard/crt0.o
LOAD ./Core/Src/custom_memory_manager.o
LOAD ./Core/Src/freertos.o
LOAD ./Core/Src/main.o
LOAD ./Core/Src/microros_allocators.o
LOAD ./Core/Src/microros_time.o
LOAD ./Core/Src/stm32f4xx_hal_msp.o
LOAD ./Core/Src/stm32f4xx_it.o
LOAD ./Core/Src/syscalls.o
LOAD ./Core/Src/sysmem.o
LOAD ./Core/Src/system_stm32f4xx.o
LOAD ./Core/Src/microros_transports/dma_transport.o
LOAD ./Core/Startup/startup_stm32f411vetx.o
LOAD ./Drivers/STM32F4xx_HAL_Driver/Src/stm32f4xx_hal.o
LOAD ./Drivers/STM32F4xx_HAL_Driver/Src/stm32f4xx_hal_cortex.o
LOAD ./Drivers/STM32F4xx_HAL_Driver/Src/stm32f4xx_hal_dma.o
LOAD ./Drivers/STM32F4xx_HAL_Driver/Src/stm32f4xx_hal_dma_ex.o
LOAD ./Drivers/STM32F4xx_HAL_Driver/Src/stm32f4xx_hal_exti.o
LOAD ./Drivers/STM32F4xx_HAL_Driver/Src/stm32f4xx_hal_flash.o
LOAD ./Drivers/STM32F4xx_HAL_Driver/Src/stm32f4xx_hal_flash_ex.o
LOAD ./Drivers/STM32F4xx_HAL_Driver/Src/stm32f4xx_hal_flash_ramfunc.o
LOAD ./Drivers/STM32F4xx_HAL_Driver/Src/stm32f4xx_hal_gpio.o
LOAD ./Drivers/STM32F4xx_HAL_Driver/Src/stm32f4xx_hal_pwr.o
LOAD ./Drivers/STM32F4xx_HAL_Driver/Src/stm32f4xx_hal_pwr_ex.o
LOAD ./Drivers/STM32F4xx_HAL_Driver/Src/stm32f4xx_hal_rcc.o
LOAD ./Drivers/STM32F4xx_HAL_Driver/Src/stm32f4xx_hal_rcc_ex.o
LOAD ./Drivers/STM32F4xx_HAL_Driver/Src/stm32f4xx_hal_tim.o
LOAD ./Drivers/STM32F4xx_HAL_Driver/Src/stm32f4xx_hal_tim_ex.o
LOAD ./Drivers/STM32F4xx_HAL_Driver/Src/stm32f4xx_hal_uart.o
LOAD ./Middlewares/Third_Party/FreeRTOS/Source/CMSIS_RTOS_V2/cmsis_os2.o
LOAD ./Middlewares/Third_Party/FreeRTOS/Source/croutine.o
LOAD ./Middlewares/Third_Party/FreeRTOS/Source/event_groups.o
LOAD ./Middlewares/Third_Party/FreeRTOS/Source/list.o
LOAD ./Middlewares/Third_Party/FreeRTOS/Source/queue.o
LOAD ./Middlewares/Third_Party/FreeRTOS/Source/stream_buffer.o
LOAD ./Middlewares/Third_Party/FreeRTOS/Source/tasks.o
LOAD ./Middlewares/Third_Party/FreeRTOS/Source/timers.o
LOAD ./Middlewares/Third_Party/FreeRTOS/Source/portable/GCC/ARM_CM4F/port.o
LOAD ./Middlewares/Third_Party/FreeRTOS/Source/portable/MemMang/heap_4.o
LOAD ../micro_ros_stm32cubemx_utils/microros_static_library_ide/libmicroros/libmicroros.a
START GROUP
LOAD /opt/st/stm32cubeide_1.15.1/plugins/com.st.stm32cube.ide.mcu.externaltools.gnu-tools-for-stm32.12.3.rel1.linux64_1.0.100.202403111256/tools/bin/../lib/gcc/arm-none-eabi/12.3.1/../../../../arm-none-eabi/lib/thumb/v7e-m+fp/hard/libc_nano.a
LOAD /opt/st/stm32cubeide_1.15.1/plugins/com.st.stm32cube.ide.mcu.externaltools.gnu-tools-for-stm32.12.3.rel1.linux64_1.0.100.202403111256/tools/bin/../lib/gcc/arm-none-eabi/12.3.1/../../../../arm-none-eabi/lib/thumb/v7e-m+fp/hard/libm.a
END GROUP
START GROUP
LOAD /opt/st/stm32cubeide_1.15.1/plugins/com.st.stm32cube.ide.mcu.externaltools.gnu-tools-for-stm32.12.3.rel1.linux64_1.0.100.202403111256/tools/bin/../lib/gcc/arm-none-eabi/12.3.1/thumb/v7e-m+fp/hard/libgcc.a
LOAD /opt/st/stm32cubeide_1.15.1/plugins/com.st.stm32cube.ide.mcu.externaltools.gnu-tools-for-stm32.12.3.rel1.linux64_1.0.100.202403111256/tools/bin/../lib/gcc/arm-none-eabi/12.3.1/../../../../arm-none-eabi/lib/thumb/v7e-m+fp/hard/libc_nano.a
END GROUP
START GROUP
LOAD /opt/st/stm32cubeide_1.15.1/plugins/com.st.stm32cube.ide.mcu.externaltools.gnu-tools-for-stm32.12.3.rel1.linux64_1.0.100.202403111256/tools/bin/../lib/gcc/arm-none-eabi/12.3.1/thumb/v7e-m+fp/hard/libgcc.a
LOAD /opt/st/stm32cubeide_1.15.1/plugins/com.st.stm32cube.ide.mcu.externaltools.gnu-tools-for-stm32.12.3.rel1.linux64_1.0.100.202403111256/tools/bin/../lib/gcc/arm-none-eabi/12.3.1/../../../../arm-none-eabi/lib/thumb/v7e-m+fp/hard/libc_nano.a
LOAD /opt/st/stm32cubeide_1.15.1/plugins/com.st.stm32cube.ide.mcu.externaltools.gnu-tools-for-stm32.12.3.rel1.linux64_1.0.100.202403111256/tools/bin/../lib/gcc/arm-none-eabi/12.3.1/../../../../arm-none-eabi/lib/thumb/v7e-m+fp/hard/libnosys.a
END GROUP
START GROUP
LOAD /opt/st/stm32cubeide_1.15.1/plugins/com.st.stm32cube.ide.mcu.externaltools.gnu-tools-for-stm32.12.3.rel1.linux64_1.0.100.202403111256/tools/bin/../lib/gcc/arm-none-eabi/12.3.1/thumb/v7e-m+fp/hard/libgcc.a
LOAD /opt/st/stm32cubeide_1.15.1/plugins/com.st.stm32cube.ide.mcu.externaltools.gnu-tools-for-stm32.12.3.rel1.linux64_1.0.100.202403111256/tools/bin/../lib/gcc/arm-none-eabi/12.3.1/../../../../arm-none-eabi/lib/thumb/v7e-m+fp/hard/libc_nano.a
LOAD /opt/st/stm32cubeide_1.15.1/plugins/com.st.stm32cube.ide.mcu.externaltools.gnu-tools-for-stm32.12.3.rel1.linux64_1.0.100.202403111256/tools/bin/../lib/gcc/arm-none-eabi/12.3.1/../../../../arm-none-eabi/lib/thumb/v7e-m+fp/hard/libnosys.a
END GROUP
LOAD /opt/st/stm32cubeide_1.15.1/plugins/com.st.stm32cube.ide.mcu.externaltools.gnu-tools-for-stm32.12.3.rel1.linux64_1.0.100.202403111256/tools/bin/../lib/gcc/arm-none-eabi/12.3.1/thumb/v7e-m+fp/hard/crtend.o
LOAD /opt/st/stm32cubeide_1.15.1/plugins/com.st.stm32cube.ide.mcu.externaltools.gnu-tools-for-stm32.12.3.rel1.linux64_1.0.100.202403111256/tools/bin/../lib/gcc/arm-none-eabi/12.3.1/thumb/v7e-m+fp/hard/crtn.o
                0x20020000                        _estack = (ORIGIN (RAM) + LENGTH (RAM))
                0x00000200                        _Min_Heap_Size = 0x200
                0x00000400                        _Min_Stack_Size = 0x400

.isr_vector     0x08000000      0x198
                0x08000000                        . = ALIGN (0x4)
 *(.isr_vector)
 .isr_vector    0x08000000      0x198 ./Core/Startup/startup_stm32f411vetx.o
                0x08000000                g_pfnVectors
                0x08000198                        . = ALIGN (0x4)

.text           0x080001a0    0x10fac
                0x080001a0                        . = ALIGN (0x4)
 *(.text)
 .text          0x080001a0       0x40 /opt/st/stm32cubeide_1.15.1/plugins/com.st.stm32cube.ide.mcu.externaltools.gnu-tools-for-stm32.12.3.rel1.linux64_1.0.100.202403111256/tools/bin/../lib/gcc/arm-none-eabi/12.3.1/thumb/v7e-m+fp/hard/crtbegin.o
 .text          0x080001e0       0x14 /opt/st/stm32cubeide_1.15.1/plugins/com.st.stm32cube.ide.mcu.externaltools.gnu-tools-for-stm32.12.3.rel1.linux64_1.0.100.202403111256/tools/bin/../lib/gcc/arm-none-eabi/12.3.1/../../../../arm-none-eabi/lib/thumb/v7e-m+fp/hard/libc_nano.a(libc_a-strcmp.o)
                0x080001e0                strcmp
 .text          0x080001f4       0x10 /opt/st/stm32cubeide_1.15.1/plugins/com.st.stm32cube.ide.mcu.externaltools.gnu-tools-for-stm32.12.3.rel1.linux64_1.0.100.202403111256/tools/bin/../lib/gcc/arm-none-eabi/12.3.1/../../../../arm-none-eabi/lib/thumb/v7e-m+fp/hard/libc_nano.a(libc_a-strlen.o)
                0x080001f4                strlen
 *fill*         0x08000204        0xc 
 .text          0x08000210       0xa0 /opt/st/stm32cubeide_1.15.1/plugins/com.st.stm32cube.ide.mcu.externaltools.gnu-tools-for-stm32.12.3.rel1.linux64_1.0.100.202403111256/tools/bin/../lib/gcc/arm-none-eabi/12.3.1/../../../../arm-none-eabi/lib/thumb/v7e-m+fp/hard/libc_nano.a(libc_a-memchr.o)
                0x08000210                memchr
 .text          0x080002b0       0xa0 /opt/st/stm32cubeide_1.15.1/plugins/com.st.stm32cube.ide.mcu.externaltools.gnu-tools-for-stm32.12.3.rel1.linux64_1.0.100.202403111256/tools/bin/../lib/gcc/arm-none-eabi/12.3.1/thumb/v7e-m+fp/hard/libgcc.a(_aeabi_ldivmod.o)
                0x080002b0                __aeabi_ldivmod
 .text          0x08000350       0x30 /opt/st/stm32cubeide_1.15.1/plugins/com.st.stm32cube.ide.mcu.externaltools.gnu-tools-for-stm32.12.3.rel1.linux64_1.0.100.202403111256/tools/bin/../lib/gcc/arm-none-eabi/12.3.1/thumb/v7e-m+fp/hard/libgcc.a(_aeabi_uldivmod.o)
                0x08000350                __aeabi_uldivmod
 .text          0x08000380      0x2bc /opt/st/stm32cubeide_1.15.1/plugins/com.st.stm32cube.ide.mcu.externaltools.gnu-tools-for-stm32.12.3.rel1.linux64_1.0.100.202403111256/tools/bin/../lib/gcc/arm-none-eabi/12.3.1/thumb/v7e-m+fp/hard/libgcc.a(_udivmoddi4.o)
                0x08000380                __udivmoddi4
 .text          0x0800063c        0x4 /opt/st/stm32cubeide_1.15.1/plugins/com.st.stm32cube.ide.mcu.externaltools.gnu-tools-for-stm32.12.3.rel1.linux64_1.0.100.202403111256/tools/bin/../lib/gcc/arm-none-eabi/12.3.1/thumb/v7e-m+fp/hard/libgcc.a(_dvmd_tls.o)
                0x0800063c                __aeabi_ldiv0
                0x0800063c                __aeabi_idiv0
 *(.text*)
 .text.pvPortMallocMicroROS
                0x08000640      0x190 ./Core/Src/custom_memory_manager.o
                0x08000640                pvPortMallocMicroROS
 .text.vPortFreeMicroROS
                0x080007d0       0xb8 ./Core/Src/custom_memory_manager.o
                0x080007d0                vPortFreeMicroROS
 .text.getBlockSize
                0x08000888       0x3c ./Core/Src/custom_memory_manager.o
                0x08000888                getBlockSize
 .text.pvPortReallocMicroROS
                0x080008c4       0x5a ./Core/Src/custom_memory_manager.o
                0x080008c4                pvPortReallocMicroROS
 .text.pvPortCallocMicroROS
                0x0800091e       0x48 ./Core/Src/custom_memory_manager.o
                0x0800091e                pvPortCallocMicroROS
 *fill*         0x08000966        0x2 
 .text.prvHeapInit
                0x08000968       0xc4 ./Core/Src/custom_memory_manager.o
 .text.prvInsertBlockIntoFreeList
                0x08000a2c       0xb4 ./Core/Src/custom_memory_manager.o
 .text.main     0x08000ae0       0x40 ./Core/Src/main.o
                0x08000ae0                main
 .text.SystemClock_Config
                0x08000b20       0xbc ./Core/Src/main.o
                0x08000b20                SystemClock_Config
 .text.MX_USART2_UART_Init
                0x08000bdc       0x54 ./Core/Src/main.o
 .text.MX_DMA_Init
                0x08000c30       0x50 ./Core/Src/main.o
 .text.MX_GPIO_Init
                0x08000c80       0x6c ./Core/Src/main.o
 .text.StartDefaultTask
                0x08000cec      0x114 ./Core/Src/main.o
                0x08000cec                StartDefaultTask
 .text.Error_Handler
                0x08000e00        0xc ./Core/Src/main.o
                0x08000e00                Error_Handler
 .text.microros_allocate
                0x08000e0c       0x44 ./Core/Src/microros_allocators.o
                0x08000e0c                microros_allocate
 .text.microros_deallocate
                0x08000e50       0x38 ./Core/Src/microros_allocators.o
                0x08000e50                microros_deallocate
 .text.microros_reallocate
                0x08000e88       0x6c ./Core/Src/microros_allocators.o
                0x08000e88                microros_reallocate
 .text.microros_zero_allocate
                0x08000ef4       0x50 ./Core/Src/microros_allocators.o
                0x08000ef4                microros_zero_allocate
 *fill*         0x08000f44        0x4 
 .text.UTILS_NanosecondsToTimespec
                0x08000f48       0xa0 ./Core/Src/microros_time.o
                0x08000f48                UTILS_NanosecondsToTimespec
 .text.clock_gettime
                0x08000fe8       0xee ./Core/Src/microros_time.o
                0x08000fe8                clock_gettime
 *fill*         0x080010d6        0x2 
 .text.HAL_MspInit
                0x080010d8       0x68 ./Core/Src/stm32f4xx_hal_msp.o
                0x080010d8                HAL_MspInit
 .text.HAL_UART_MspInit
                0x08001140      0x170 ./Core/Src/stm32f4xx_hal_msp.o
                0x08001140                HAL_UART_MspInit
 .text.NMI_Handler
                0x080012b0        0x8 ./Core/Src/stm32f4xx_it.o
                0x080012b0                NMI_Handler
 .text.HardFault_Handler
                0x080012b8        0x8 ./Core/Src/stm32f4xx_it.o
                0x080012b8                HardFault_Handler
 .text.MemManage_Handler
                0x080012c0        0x8 ./Core/Src/stm32f4xx_it.o
                0x080012c0                MemManage_Handler
 .text.BusFault_Handler
                0x080012c8        0x8 ./Core/Src/stm32f4xx_it.o
                0x080012c8                BusFault_Handler
 .text.UsageFault_Handler
                0x080012d0        0x8 ./Core/Src/stm32f4xx_it.o
                0x080012d0                UsageFault_Handler
 .text.DebugMon_Handler
                0x080012d8        0xe ./Core/Src/stm32f4xx_it.o
                0x080012d8                DebugMon_Handler
 .text.SysTick_Handler
                0x080012e6       0x1a ./Core/Src/stm32f4xx_it.o
                0x080012e6                SysTick_Handler
 .text.RCC_IRQHandler
                0x08001300        0xe ./Core/Src/stm32f4xx_it.o
                0x08001300                RCC_IRQHandler
 *fill*         0x0800130e        0x2 
 .text.DMA1_Stream5_IRQHandler
                0x08001310       0x14 ./Core/Src/stm32f4xx_it.o
                0x08001310                DMA1_Stream5_IRQHandler
 .text.DMA1_Stream6_IRQHandler
                0x08001324       0x14 ./Core/Src/stm32f4xx_it.o
                0x08001324                DMA1_Stream6_IRQHandler
 .text.USART2_IRQHandler
                0x08001338       0x14 ./Core/Src/stm32f4xx_it.o
                0x08001338                USART2_IRQHandler
 .text._getpid  0x0800134c       0x10 ./Core/Src/syscalls.o
                0x0800134c                _getpid
 .text._kill    0x0800135c       0x20 ./Core/Src/syscalls.o
                0x0800135c                _kill
 .text._exit    0x0800137c       0x16 ./Core/Src/syscalls.o
                0x0800137c                _exit
 .text._read    0x08001392       0x3a ./Core/Src/syscalls.o
                0x08001392                _read
 .text._write   0x080013cc       0x38 ./Core/Src/syscalls.o
                0x080013cc                _write
 .text._close   0x08001404       0x18 ./Core/Src/syscalls.o
                0x08001404                _close
 .text._fstat   0x0800141c       0x20 ./Core/Src/syscalls.o
                0x0800141c                _fstat
 .text._isatty  0x0800143c       0x16 ./Core/Src/syscalls.o
                0x0800143c                _isatty
 .text._lseek   0x08001452       0x1a ./Core/Src/syscalls.o
                0x08001452                _lseek
 .text._sbrk    0x0800146c       0x6c ./Core/Src/sysmem.o
                0x0800146c                _sbrk
 .text.SystemInit
                0x080014d8       0x24 ./Core/Src/system_stm32f4xx.o
                0x080014d8                SystemInit
 .text.cubemx_transport_open
                0x080014fc       0x2c ./Core/Src/microros_transports/dma_transport.o
                0x080014fc                cubemx_transport_open
 .text.cubemx_transport_close
                0x08001528       0x20 ./Core/Src/microros_transports/dma_transport.o
                0x08001528                cubemx_transport_close
 .text.cubemx_transport_write
                0x08001548       0x66 ./Core/Src/microros_transports/dma_transport.o
                0x08001548                cubemx_transport_write
 *fill*         0x080015ae        0x2 
 .text.cubemx_transport_read
                0x080015b0       0xa8 ./Core/Src/microros_transports/dma_transport.o
                0x080015b0                cubemx_transport_read
 .text.Reset_Handler
                0x08001658       0x50 ./Core/Startup/startup_stm32f411vetx.o
                0x08001658                Reset_Handler
 .text.Default_Handler
                0x080016a8        0x2 ./Core/Startup/startup_stm32f411vetx.o
                0x080016a8                RTC_Alarm_IRQHandler
                0x080016a8                EXTI2_IRQHandler
                0x080016a8                SPI4_IRQHandler
                0x080016a8                TIM1_CC_IRQHandler
                0x080016a8                DMA2_Stream5_IRQHandler
                0x080016a8                PVD_IRQHandler
                0x080016a8                SDIO_IRQHandler
                0x080016a8                TAMP_STAMP_IRQHandler
                0x080016a8                EXTI3_IRQHandler
                0x080016a8                TIM1_UP_TIM10_IRQHandler
                0x080016a8                I2C3_ER_IRQHandler
                0x080016a8                EXTI0_IRQHandler
                0x080016a8                I2C2_EV_IRQHandler
                0x080016a8                DMA1_Stream2_IRQHandler
                0x080016a8                FPU_IRQHandler
                0x080016a8                DMA2_Stream2_IRQHandler
                0x080016a8                SPI1_IRQHandler
                0x080016a8                TIM1_BRK_TIM9_IRQHandler
                0x080016a8                DMA2_Stream3_IRQHandler
                0x080016a8                USART6_IRQHandler
                0x080016a8                DMA2_Stream0_IRQHandler
                0x080016a8                TIM4_IRQHandler
                0x080016a8                I2C1_EV_IRQHandler
                0x080016a8                DMA1_Stream1_IRQHandler
                0x080016a8                TIM3_IRQHandler
                0x080016a8                Default_Handler
                0x080016a8                EXTI15_10_IRQHandler
                0x080016a8                ADC_IRQHandler
                0x080016a8                DMA1_Stream7_IRQHandler
                0x080016a8                SPI5_IRQHandler
                0x080016a8                TIM5_IRQHandler
                0x080016a8                DMA2_Stream7_IRQHandler
                0x080016a8                I2C3_EV_IRQHandler
                0x080016a8                EXTI9_5_IRQHandler
                0x080016a8                RTC_WKUP_IRQHandler
                0x080016a8                SPI2_IRQHandler
                0x080016a8                DMA1_Stream0_IRQHandler
                0x080016a8                EXTI4_IRQHandler
                0x080016a8                WWDG_IRQHandler
                0x080016a8                TIM2_IRQHandler
                0x080016a8                OTG_FS_WKUP_IRQHandler
                0x080016a8                TIM1_TRG_COM_TIM11_IRQHandler
                0x080016a8                EXTI1_IRQHandler
                0x080016a8                I2C2_ER_IRQHandler
                0x080016a8                DMA2_Stream1_IRQHandler
                0x080016a8                FLASH_IRQHandler
                0x080016a8                DMA2_Stream4_IRQHandler
                0x080016a8                USART1_IRQHandler
                0x080016a8                OTG_FS_IRQHandler
                0x080016a8                SPI3_IRQHandler
                0x080016a8                DMA1_Stream4_IRQHandler
                0x080016a8                I2C1_ER_IRQHandler
                0x080016a8                DMA2_Stream6_IRQHandler
                0x080016a8                DMA1_Stream3_IRQHandler
 *fill*         0x080016aa        0x2 
 .text.HAL_Init
                0x080016ac       0x44 ./Drivers/STM32F4xx_HAL_Driver/Src/stm32f4xx_hal.o
                0x080016ac                HAL_Init
 .text.HAL_InitTick
                0x080016f0       0x60 ./Drivers/STM32F4xx_HAL_Driver/Src/stm32f4xx_hal.o
                0x080016f0                HAL_InitTick
 .text.HAL_IncTick
                0x08001750       0x28 ./Drivers/STM32F4xx_HAL_Driver/Src/stm32f4xx_hal.o
                0x08001750                HAL_IncTick
 .text.HAL_GetTick
                0x08001778       0x18 ./Drivers/STM32F4xx_HAL_Driver/Src/stm32f4xx_hal.o
                0x08001778                HAL_GetTick
 .text.__NVIC_SetPriorityGrouping
                0x08001790       0x48 ./Drivers/STM32F4xx_HAL_Driver/Src/stm32f4xx_hal_cortex.o
 .text.__NVIC_GetPriorityGrouping
                0x080017d8       0x1c ./Drivers/STM32F4xx_HAL_Driver/Src/stm32f4xx_hal_cortex.o
 .text.__NVIC_EnableIRQ
                0x080017f4       0x3c ./Drivers/STM32F4xx_HAL_Driver/Src/stm32f4xx_hal_cortex.o
 .text.__NVIC_SetPriority
                0x08001830       0x54 ./Drivers/STM32F4xx_HAL_Driver/Src/stm32f4xx_hal_cortex.o
 .text.NVIC_EncodePriority
                0x08001884       0x66 ./Drivers/STM32F4xx_HAL_Driver/Src/stm32f4xx_hal_cortex.o
 *fill*         0x080018ea        0x2 
 .text.SysTick_Config
                0x080018ec       0x44 ./Drivers/STM32F4xx_HAL_Driver/Src/stm32f4xx_hal_cortex.o
 .text.HAL_NVIC_SetPriorityGrouping
                0x08001930       0x16 ./Drivers/STM32F4xx_HAL_Driver/Src/stm32f4xx_hal_cortex.o
                0x08001930                HAL_NVIC_SetPriorityGrouping
 .text.HAL_NVIC_SetPriority
                0x08001946       0x38 ./Drivers/STM32F4xx_HAL_Driver/Src/stm32f4xx_hal_cortex.o
                0x08001946                HAL_NVIC_SetPriority
 .text.HAL_NVIC_EnableIRQ
                0x0800197e       0x1c ./Drivers/STM32F4xx_HAL_Driver/Src/stm32f4xx_hal_cortex.o
                0x0800197e                HAL_NVIC_EnableIRQ
 .text.HAL_SYSTICK_Config
                0x0800199a       0x18 ./Drivers/STM32F4xx_HAL_Driver/Src/stm32f4xx_hal_cortex.o
                0x0800199a                HAL_SYSTICK_Config
 *fill*         0x080019b2        0x2 
 .text.HAL_DMA_Init
                0x080019b4      0x15c ./Drivers/STM32F4xx_HAL_Driver/Src/stm32f4xx_hal_dma.o
                0x080019b4                HAL_DMA_Init
 .text.HAL_DMA_Start_IT
                0x08001b10       0xb0 ./Drivers/STM32F4xx_HAL_Driver/Src/stm32f4xx_hal_dma.o
                0x08001b10                HAL_DMA_Start_IT
 .text.HAL_DMA_Abort
                0x08001bc0       0xe0 ./Drivers/STM32F4xx_HAL_Driver/Src/stm32f4xx_hal_dma.o
                0x08001bc0                HAL_DMA_Abort
 .text.HAL_DMA_Abort_IT
                0x08001ca0       0x44 ./Drivers/STM32F4xx_HAL_Driver/Src/stm32f4xx_hal_dma.o
                0x08001ca0                HAL_DMA_Abort_IT
 .text.HAL_DMA_IRQHandler
                0x08001ce4      0x314 ./Drivers/STM32F4xx_HAL_Driver/Src/stm32f4xx_hal_dma.o
                0x08001ce4                HAL_DMA_IRQHandler
 .text.DMA_SetConfig
                0x08001ff8       0x5c ./Drivers/STM32F4xx_HAL_Driver/Src/stm32f4xx_hal_dma.o
 .text.DMA_CalcBaseAndBitshift
                0x08002054       0x6c ./Drivers/STM32F4xx_HAL_Driver/Src/stm32f4xx_hal_dma.o
 .text.DMA_CheckFifoParam
                0x080020c0       0xf8 ./Drivers/STM32F4xx_HAL_Driver/Src/stm32f4xx_hal_dma.o
 .text.HAL_GPIO_Init
                0x080021b8      0x308 ./Drivers/STM32F4xx_HAL_Driver/Src/stm32f4xx_hal_gpio.o
                0x080021b8                HAL_GPIO_Init
 .text.HAL_RCC_OscConfig
                0x080024c0      0x4f0 ./Drivers/STM32F4xx_HAL_Driver/Src/stm32f4xx_hal_rcc.o
                0x080024c0                HAL_RCC_OscConfig
 .text.HAL_RCC_ClockConfig
                0x080029b0      0x1cc ./Drivers/STM32F4xx_HAL_Driver/Src/stm32f4xx_hal_rcc.o
                0x080029b0                HAL_RCC_ClockConfig
 .text.HAL_RCC_GetSysClockFreq
                0x08002b7c      0x18c ./Drivers/STM32F4xx_HAL_Driver/Src/stm32f4xx_hal_rcc.o
                0x08002b7c                HAL_RCC_GetSysClockFreq
 .text.HAL_RCC_GetHCLKFreq
                0x08002d08       0x18 ./Drivers/STM32F4xx_HAL_Driver/Src/stm32f4xx_hal_rcc.o
                0x08002d08                HAL_RCC_GetHCLKFreq
 .text.HAL_RCC_GetPCLK1Freq
                0x08002d20       0x28 ./Drivers/STM32F4xx_HAL_Driver/Src/stm32f4xx_hal_rcc.o
                0x08002d20                HAL_RCC_GetPCLK1Freq
 .text.HAL_RCC_GetPCLK2Freq
                0x08002d48       0x28 ./Drivers/STM32F4xx_HAL_Driver/Src/stm32f4xx_hal_rcc.o
                0x08002d48                HAL_RCC_GetPCLK2Freq
 .text.HAL_UART_Init
                0x08002d70       0xa0 ./Drivers/STM32F4xx_HAL_Driver/Src/stm32f4xx_hal_uart.o
                0x08002d70                HAL_UART_Init
 .text.HAL_UART_Transmit_DMA
                0x08002e10       0xe0 ./Drivers/STM32F4xx_HAL_Driver/Src/stm32f4xx_hal_uart.o
                0x08002e10                HAL_UART_Transmit_DMA
 .text.HAL_UART_Receive_DMA
                0x08002ef0       0x4a ./Drivers/STM32F4xx_HAL_Driver/Src/stm32f4xx_hal_uart.o
                0x08002ef0                HAL_UART_Receive_DMA
 .text.HAL_UART_DMAStop
                0x08002f3a       0xfe ./Drivers/STM32F4xx_HAL_Driver/Src/stm32f4xx_hal_uart.o
                0x08002f3a                HAL_UART_DMAStop
 .text.HAL_UART_IRQHandler
                0x08003038      0x524 ./Drivers/STM32F4xx_HAL_Driver/Src/stm32f4xx_hal_uart.o
                0x08003038                HAL_UART_IRQHandler
 .text.HAL_UART_TxCpltCallback
                0x0800355c       0x14 ./Drivers/STM32F4xx_HAL_Driver/Src/stm32f4xx_hal_uart.o
                0x0800355c                HAL_UART_TxCpltCallback
 .text.HAL_UART_TxHalfCpltCallback
                0x08003570       0x14 ./Drivers/STM32F4xx_HAL_Driver/Src/stm32f4xx_hal_uart.o
                0x08003570                HAL_UART_TxHalfCpltCallback
 .text.HAL_UART_RxCpltCallback
                0x08003584       0x14 ./Drivers/STM32F4xx_HAL_Driver/Src/stm32f4xx_hal_uart.o
                0x08003584                HAL_UART_RxCpltCallback
 .text.HAL_UART_RxHalfCpltCallback
                0x08003598       0x14 ./Drivers/STM32F4xx_HAL_Driver/Src/stm32f4xx_hal_uart.o
                0x08003598                HAL_UART_RxHalfCpltCallback
 .text.HAL_UART_ErrorCallback
                0x080035ac       0x14 ./Drivers/STM32F4xx_HAL_Driver/Src/stm32f4xx_hal_uart.o
                0x080035ac                HAL_UART_ErrorCallback
 .text.HAL_UARTEx_RxEventCallback
                0x080035c0       0x18 ./Drivers/STM32F4xx_HAL_Driver/Src/stm32f4xx_hal_uart.o
                0x080035c0                HAL_UARTEx_RxEventCallback
 .text.UART_DMATransmitCplt
                0x080035d8       0x9a ./Drivers/STM32F4xx_HAL_Driver/Src/stm32f4xx_hal_uart.o
 .text.UART_DMATxHalfCplt
                0x08003672       0x1c ./Drivers/STM32F4xx_HAL_Driver/Src/stm32f4xx_hal_uart.o
 .text.UART_DMAReceiveCplt
                0x0800368e      0x12c ./Drivers/STM32F4xx_HAL_Driver/Src/stm32f4xx_hal_uart.o
 .text.UART_DMARxHalfCplt
                0x080037ba       0x3c ./Drivers/STM32F4xx_HAL_Driver/Src/stm32f4xx_hal_uart.o
 .text.UART_DMAError
                0x080037f6       0x94 ./Drivers/STM32F4xx_HAL_Driver/Src/stm32f4xx_hal_uart.o
 *fill*         0x0800388a        0x2 
 .text.UART_Start_Receive_DMA
                0x0800388c      0x134 ./Drivers/STM32F4xx_HAL_Driver/Src/stm32f4xx_hal_uart.o
                0x0800388c                UART_Start_Receive_DMA
 .text.UART_EndTxTransfer
                0x080039c0       0x50 ./Drivers/STM32F4xx_HAL_Driver/Src/stm32f4xx_hal_uart.o
 .text.UART_EndRxTransfer
                0x08003a10       0xc6 ./Drivers/STM32F4xx_HAL_Driver/Src/stm32f4xx_hal_uart.o
 .text.UART_DMAAbortOnError
                0x08003ad6       0x28 ./Drivers/STM32F4xx_HAL_Driver/Src/stm32f4xx_hal_uart.o
 .text.UART_Transmit_IT
                0x08003afe       0xa0 ./Drivers/STM32F4xx_HAL_Driver/Src/stm32f4xx_hal_uart.o
 .text.UART_EndTransmit_IT
                0x08003b9e       0x30 ./Drivers/STM32F4xx_HAL_Driver/Src/stm32f4xx_hal_uart.o
 .text.UART_Receive_IT
                0x08003bce      0x17c ./Drivers/STM32F4xx_HAL_Driver/Src/stm32f4xx_hal_uart.o
 *fill*         0x08003d4a        0x2 
 .text.UART_SetConfig
                0x08003d4c      0x4e8 ./Drivers/STM32F4xx_HAL_Driver/Src/stm32f4xx_hal_uart.o
 .text.__NVIC_SetPriority
                0x08004234       0x54 ./Middlewares/Third_Party/FreeRTOS/Source/CMSIS_RTOS_V2/cmsis_os2.o
 .text.SVC_Setup
                0x08004288       0x12 ./Middlewares/Third_Party/FreeRTOS/Source/CMSIS_RTOS_V2/cmsis_os2.o
 *fill*         0x0800429a        0x2 
 .text.osKernelInitialize
                0x0800429c       0x48 ./Middlewares/Third_Party/FreeRTOS/Source/CMSIS_RTOS_V2/cmsis_os2.o
                0x0800429c                osKernelInitialize
 .text.osKernelStart
                0x080042e4       0x4c ./Middlewares/Third_Party/FreeRTOS/Source/CMSIS_RTOS_V2/cmsis_os2.o
                0x080042e4                osKernelStart
 .text.osThreadNew
                0x08004330      0x124 ./Middlewares/Third_Party/FreeRTOS/Source/CMSIS_RTOS_V2/cmsis_os2.o
                0x08004330                osThreadNew
 .text.osDelay  0x08004454       0x36 ./Middlewares/Third_Party/FreeRTOS/Source/CMSIS_RTOS_V2/cmsis_os2.o
                0x08004454                osDelay
 *fill*         0x0800448a        0x2 
 .text.vApplicationGetIdleTaskMemory
                0x0800448c       0x34 ./Middlewares/Third_Party/FreeRTOS/Source/CMSIS_RTOS_V2/cmsis_os2.o
                0x0800448c                vApplicationGetIdleTaskMemory
 .text.vApplicationGetTimerTaskMemory
                0x080044c0       0x34 ./Middlewares/Third_Party/FreeRTOS/Source/CMSIS_RTOS_V2/cmsis_os2.o
                0x080044c0                vApplicationGetTimerTaskMemory
 .text.vListInitialise
                0x080044f4       0x40 ./Middlewares/Third_Party/FreeRTOS/Source/list.o
                0x080044f4                vListInitialise
 .text.vListInitialiseItem
                0x08004534       0x1a ./Middlewares/Third_Party/FreeRTOS/Source/list.o
                0x08004534                vListInitialiseItem
 .text.vListInsertEnd
                0x0800454e       0x48 ./Middlewares/Third_Party/FreeRTOS/Source/list.o
                0x0800454e                vListInsertEnd
 .text.vListInsert
                0x08004596       0x72 ./Middlewares/Third_Party/FreeRTOS/Source/list.o
                0x08004596                vListInsert
 .text.uxListRemove
                0x08004608       0x54 ./Middlewares/Third_Party/FreeRTOS/Source/list.o
                0x08004608                uxListRemove
 .text.xQueueGenericReset
                0x0800465c       0xd4 ./Middlewares/Third_Party/FreeRTOS/Source/queue.o
                0x0800465c                xQueueGenericReset
 .text.xQueueGenericCreateStatic
                0x08004730       0xfa ./Middlewares/Third_Party/FreeRTOS/Source/queue.o
                0x08004730                xQueueGenericCreateStatic
 .text.prvInitialiseNewQueue
                0x0800482a       0x46 ./Middlewares/Third_Party/FreeRTOS/Source/queue.o
 .text.xQueueGenericSend
                0x08004870      0x204 ./Middlewares/Third_Party/FreeRTOS/Source/queue.o
                0x08004870                xQueueGenericSend
 .text.xQueueGenericSendFromISR
                0x08004a74      0x13c ./Middlewares/Third_Party/FreeRTOS/Source/queue.o
                0x08004a74                xQueueGenericSendFromISR
 .text.xQueueReceive
                0x08004bb0      0x1c4 ./Middlewares/Third_Party/FreeRTOS/Source/queue.o
                0x08004bb0                xQueueReceive
 .text.prvCopyDataToQueue
                0x08004d74       0xd4 ./Middlewares/Third_Party/FreeRTOS/Source/queue.o
 .text.prvCopyDataFromQueue
                0x08004e48       0x4c ./Middlewares/Third_Party/FreeRTOS/Source/queue.o
 .text.prvUnlockQueue
                0x08004e94       0xa4 ./Middlewares/Third_Party/FreeRTOS/Source/queue.o
 .text.prvIsQueueEmpty
                0x08004f38       0x2c ./Middlewares/Third_Party/FreeRTOS/Source/queue.o
 .text.prvIsQueueFull
                0x08004f64       0x30 ./Middlewares/Third_Party/FreeRTOS/Source/queue.o
 .text.vQueueAddToRegistry
                0x08004f94       0x54 ./Middlewares/Third_Party/FreeRTOS/Source/queue.o
                0x08004f94                vQueueAddToRegistry
 .text.vQueueWaitForMessageRestricted
                0x08004fe8       0x68 ./Middlewares/Third_Party/FreeRTOS/Source/queue.o
                0x08004fe8                vQueueWaitForMessageRestricted
 .text.xTaskCreateStatic
                0x08005050       0xc0 ./Middlewares/Third_Party/FreeRTOS/Source/tasks.o
                0x08005050                xTaskCreateStatic
 .text.xTaskCreate
                0x08005110       0x8a ./Middlewares/Third_Party/FreeRTOS/Source/tasks.o
                0x08005110                xTaskCreate
 .text.prvInitialiseNewTask
                0x0800519a      0x120 ./Middlewares/Third_Party/FreeRTOS/Source/tasks.o
 *fill*         0x080052ba        0x2 
 .text.prvAddNewTaskToReadyList
                0x080052bc       0xe0 ./Middlewares/Third_Party/FreeRTOS/Source/tasks.o
 .text.vTaskDelay
                0x0800539c       0x6c ./Middlewares/Third_Party/FreeRTOS/Source/tasks.o
                0x0800539c                vTaskDelay
 .text.vTaskStartScheduler
                0x08005408       0xd0 ./Middlewares/Third_Party/FreeRTOS/Source/tasks.o
                0x08005408                vTaskStartScheduler
 .text.vTaskSuspendAll
                0x080054d8       0x1c ./Middlewares/Third_Party/FreeRTOS/Source/tasks.o
                0x080054d8                vTaskSuspendAll
 .text.xTaskResumeAll
                0x080054f4      0x13c ./Middlewares/Third_Party/FreeRTOS/Source/tasks.o
                0x080054f4                xTaskResumeAll
 .text.xTaskGetTickCount
                0x08005630       0x20 ./Middlewares/Third_Party/FreeRTOS/Source/tasks.o
                0x08005630                xTaskGetTickCount
 .text.xTaskIncrementTick
                0x08005650      0x174 ./Middlewares/Third_Party/FreeRTOS/Source/tasks.o
                0x08005650                xTaskIncrementTick
 .text.vTaskSwitchContext
                0x080057c4       0xbc ./Middlewares/Third_Party/FreeRTOS/Source/tasks.o
                0x080057c4                vTaskSwitchContext
 .text.vTaskPlaceOnEventList
                0x08005880       0x4c ./Middlewares/Third_Party/FreeRTOS/Source/tasks.o
                0x08005880                vTaskPlaceOnEventList
 .text.vTaskPlaceOnEventListRestricted
                0x080058cc       0x58 ./Middlewares/Third_Party/FreeRTOS/Source/tasks.o
                0x080058cc                vTaskPlaceOnEventListRestricted
 .text.xTaskRemoveFromEventList
                0x08005924       0xc8 ./Middlewares/Third_Party/FreeRTOS/Source/tasks.o
                0x08005924                xTaskRemoveFromEventList
 .text.vTaskSetTimeOutState
                0x080059ec       0x50 ./Middlewares/Third_Party/FreeRTOS/Source/tasks.o
                0x080059ec                vTaskSetTimeOutState
 .text.vTaskInternalSetTimeOutState
                0x08005a3c       0x2c ./Middlewares/Third_Party/FreeRTOS/Source/tasks.o
                0x08005a3c                vTaskInternalSetTimeOutState
 .text.xTaskCheckForTimeOut
                0x08005a68       0xc8 ./Middlewares/Third_Party/FreeRTOS/Source/tasks.o
                0x08005a68                xTaskCheckForTimeOut
 .text.vTaskMissedYield
                0x08005b30       0x18 ./Middlewares/Third_Party/FreeRTOS/Source/tasks.o
                0x08005b30                vTaskMissedYield
 .text.prvIdleTask
                0x08005b48       0x30 ./Middlewares/Third_Party/FreeRTOS/Source/tasks.o
 .text.prvInitialiseTaskLists
                0x08005b78       0x80 ./Middlewares/Third_Party/FreeRTOS/Source/tasks.o
 .text.prvCheckTasksWaitingTermination
                0x08005bf8       0x5c ./Middlewares/Third_Party/FreeRTOS/Source/tasks.o
 .text.prvDeleteTCB
                0x08005c54       0x60 ./Middlewares/Third_Party/FreeRTOS/Source/tasks.o
 .text.prvResetNextTaskUnblockTime
                0x08005cb4       0x40 ./Middlewares/Third_Party/FreeRTOS/Source/tasks.o
 .text.xTaskGetSchedulerState
                0x08005cf4       0x3c ./Middlewares/Third_Party/FreeRTOS/Source/tasks.o
                0x08005cf4                xTaskGetSchedulerState
 .text.xTaskPriorityDisinherit
                0x08005d30       0xe0 ./Middlewares/Third_Party/FreeRTOS/Source/tasks.o
                0x08005d30                xTaskPriorityDisinherit
 .text.prvAddCurrentTaskToDelayedList
                0x08005e10       0xa8 ./Middlewares/Third_Party/FreeRTOS/Source/tasks.o
 .text.xTimerCreateTimerTask
                0x08005eb8       0x94 ./Middlewares/Third_Party/FreeRTOS/Source/timers.o
                0x08005eb8                xTimerCreateTimerTask
 .text.xTimerGenericCommand
                0x08005f4c       0x9c ./Middlewares/Third_Party/FreeRTOS/Source/timers.o
                0x08005f4c                xTimerGenericCommand
 .text.prvProcessExpiredTimer
                0x08005fe8       0x9c ./Middlewares/Third_Party/FreeRTOS/Source/timers.o
 .text.prvTimerTask
                0x08006084       0x26 ./Middlewares/Third_Party/FreeRTOS/Source/timers.o
 *fill*         0x080060aa        0x2 
 .text.prvProcessTimerOrBlockTask
                0x080060ac       0x9c ./Middlewares/Third_Party/FreeRTOS/Source/timers.o
 .text.prvGetNextExpireTime
                0x08006148       0x48 ./Middlewares/Third_Party/FreeRTOS/Source/timers.o
 .text.prvSampleTimeNow
                0x08006190       0x40 ./Middlewares/Third_Party/FreeRTOS/Source/timers.o
 .text.prvInsertTimerInActiveList
                0x080061d0       0x84 ./Middlewares/Third_Party/FreeRTOS/Source/timers.o
 .text.prvProcessReceivedCommands
                0x08006254      0x1cc ./Middlewares/Third_Party/FreeRTOS/Source/timers.o
 .text.prvSwitchTimerLists
                0x08006420       0xcc ./Middlewares/Third_Party/FreeRTOS/Source/timers.o
 .text.prvCheckForValidListAndQueue
                0x080064ec       0x80 ./Middlewares/Third_Party/FreeRTOS/Source/timers.o
 .text.pxPortInitialiseStack
                0x0800656c       0x68 ./Middlewares/Third_Party/FreeRTOS/Source/portable/GCC/ARM_CM4F/port.o
                0x0800656c                pxPortInitialiseStack
 .text.prvTaskExitError
                0x080065d4       0x5c ./Middlewares/Third_Party/FreeRTOS/Source/portable/GCC/ARM_CM4F/port.o
 .text.SVC_Handler
                0x08006630       0x28 ./Middlewares/Third_Party/FreeRTOS/Source/portable/GCC/ARM_CM4F/port.o
                0x08006630                SVC_Handler
 .text.prvPortStartFirstTask
                0x08006658       0x28 ./Middlewares/Third_Party/FreeRTOS/Source/portable/GCC/ARM_CM4F/port.o
 .text.xPortStartScheduler
                0x08006680      0x148 ./Middlewares/Third_Party/FreeRTOS/Source/portable/GCC/ARM_CM4F/port.o
                0x08006680                xPortStartScheduler
 .text.vPortEnterCritical
                0x080067c8       0x64 ./Middlewares/Third_Party/FreeRTOS/Source/portable/GCC/ARM_CM4F/port.o
                0x080067c8                vPortEnterCritical
 .text.vPortExitCritical
                0x0800682c       0x54 ./Middlewares/Third_Party/FreeRTOS/Source/portable/GCC/ARM_CM4F/port.o
                0x0800682c                vPortExitCritical
 .text.PendSV_Handler
                0x08006880       0x68 ./Middlewares/Third_Party/FreeRTOS/Source/portable/GCC/ARM_CM4F/port.o
                0x08006880                PendSV_Handler
 .text.xPortSysTickHandler
                0x080068e8       0x44 ./Middlewares/Third_Party/FreeRTOS/Source/portable/GCC/ARM_CM4F/port.o
                0x080068e8                xPortSysTickHandler
 .text.vPortSetupTimerInterrupt
                0x0800692c       0x48 ./Middlewares/Third_Party/FreeRTOS/Source/portable/GCC/ARM_CM4F/port.o
                0x0800692c                vPortSetupTimerInterrupt
 .text.vPortEnableVFP
                0x08006974       0x14 ./Middlewares/Third_Party/FreeRTOS/Source/portable/GCC/ARM_CM4F/port.o
 .text.vPortValidateInterruptPriority
                0x08006988       0x84 ./Middlewares/Third_Party/FreeRTOS/Source/portable/GCC/ARM_CM4F/port.o
                0x08006988                vPortValidateInterruptPriority
 .text.pvPortMalloc
                0x08006a0c      0x19c ./Middlewares/Third_Party/FreeRTOS/Source/portable/MemMang/heap_4.o
                0x08006a0c                pvPortMalloc
 .text.vPortFree
                0x08006ba8       0xc8 ./Middlewares/Third_Party/FreeRTOS/Source/portable/MemMang/heap_4.o
                0x08006ba8                vPortFree
 .text.prvHeapInit
                0x08006c70       0xc4 ./Middlewares/Third_Party/FreeRTOS/Source/portable/MemMang/heap_4.o
 .text.prvInsertBlockIntoFreeList
                0x08006d34       0xb4 ./Middlewares/Third_Party/FreeRTOS/Source/portable/MemMang/heap_4.o
 .text.rcl_get_zero_initialized_publisher
                0x08006de8        0xc ../micro_ros_stm32cubemx_utils/microros_static_library_ide/libmicroros/libmicroros.a(librcl-publisher.c.obj)
                0x08006de8                rcl_get_zero_initialized_publisher
 .text.rcl_publisher_init
                0x08006df4      0x12c ../micro_ros_stm32cubemx_utils/microros_static_library_ide/libmicroros/libmicroros.a(librcl-publisher.c.obj)
                0x08006df4                rcl_publisher_init
 .text.rcl_publisher_get_default_options
                0x08006f20       0x5c ../micro_ros_stm32cubemx_utils/microros_static_library_ide/libmicroros/libmicroros.a(librcl-publisher.c.obj)
                0x08006f20                rcl_publisher_get_default_options
 .text.rcl_publish
                0x08006f7c       0x48 ../micro_ros_stm32cubemx_utils/microros_static_library_ide/libmicroros/libmicroros.a(librcl-publisher.c.obj)
                0x08006f7c                rcl_publish
 .text.rclc_support_init
                0x08006fc4       0x94 ../micro_ros_stm32cubemx_utils/microros_static_library_ide/libmicroros/libmicroros.a(librclc-init.c.obj)
                0x08006fc4                rclc_support_init
 .text.rclc_node_init_default
                0x08007058       0x78 ../micro_ros_stm32cubemx_utils/microros_static_library_ide/libmicroros/libmicroros.a(librclc-node.c.obj)
                0x08007058                rclc_node_init_default
 .text.rclc_publisher_init_default
                0x080070d0       0x68 ../micro_ros_stm32cubemx_utils/microros_static_library_ide/libmicroros/libmicroros.a(librclc-publisher.c.obj)
                0x080070d0                rclc_publisher_init_default
 .text.__default_zero_allocate
                0x08007138        0x4 ../micro_ros_stm32cubemx_utils/microros_static_library_ide/libmicroros/libmicroros.a(librcutils-allocator.c.obj)
 .text.__default_reallocate
                0x0800713c        0x4 ../micro_ros_stm32cubemx_utils/microros_static_library_ide/libmicroros/libmicroros.a(librcutils-allocator.c.obj)
 .text.__default_deallocate
                0x08007140        0x4 ../micro_ros_stm32cubemx_utils/microros_static_library_ide/libmicroros/libmicroros.a(librcutils-allocator.c.obj)
 .text.__default_allocate
                0x08007144        0x4 ../micro_ros_stm32cubemx_utils/microros_static_library_ide/libmicroros/libmicroros.a(librcutils-allocator.c.obj)
 .text.rcutils_get_zero_initialized_allocator
                0x08007148       0x1c ../micro_ros_stm32cubemx_utils/microros_static_library_ide/libmicroros/libmicroros.a(librcutils-allocator.c.obj)
                0x08007148                rcutils_get_zero_initialized_allocator
 .text.rcutils_set_default_allocator
                0x08007164       0x3c ../micro_ros_stm32cubemx_utils/microros_static_library_ide/libmicroros/libmicroros.a(librcutils-allocator.c.obj)
                0x08007164                rcutils_set_default_allocator
 .text.rcutils_get_default_allocator
                0x080071a0       0x1c ../micro_ros_stm32cubemx_utils/microros_static_library_ide/libmicroros/libmicroros.a(librcutils-allocator.c.obj)
                0x080071a0                rcutils_get_default_allocator
 .text.rcutils_allocator_is_valid
                0x080071bc       0x1c ../micro_ros_stm32cubemx_utils/microros_static_library_ide/libmicroros/libmicroros.a(librcutils-allocator.c.obj)
                0x080071bc                rcutils_allocator_is_valid
 .text.rcutils_get_error_string
                0x080071d8       0x2c ../micro_ros_stm32cubemx_utils/microros_static_library_ide/libmicroros/libmicroros.a(librcutils-error_handling.c.obj)
                0x080071d8                rcutils_get_error_string
 *fill*         0x08007204        0x4 
 .text.rcutils_reset_error
                0x08007208       0x38 ../micro_ros_stm32cubemx_utils/microros_static_library_ide/libmicroros/libmicroros.a(librcutils-error_handling.c.obj)
                0x08007208                rcutils_reset_error
 .text.rmw_get_default_publisher_options
                0x08007240        0x8 ../micro_ros_stm32cubemx_utils/microros_static_library_ide/libmicroros/libmicroros.a(librmw-publisher_options.c.obj)
                0x08007240                rmw_get_default_publisher_options
 .text.rmw_uros_set_custom_transport
                0x08007248       0x2c ../micro_ros_stm32cubemx_utils/microros_static_library_ide/libmicroros/libmicroros.a(librmw_microxrcedds-custom_transport.c.obj)
                0x08007248                rmw_uros_set_custom_transport
 .text.flush_session
                0x08007274        0x8 ../micro_ros_stm32cubemx_utils/microros_static_library_ide/libmicroros/libmicroros.a(librmw_microxrcedds-rmw_publish.c.obj)
                0x08007274                flush_session
 .text.rmw_publish
                0x0800727c       0xc0 ../micro_ros_stm32cubemx_utils/microros_static_library_ide/libmicroros/libmicroros.a(librmw_microxrcedds-rmw_publish.c.obj)
                0x0800727c                rmw_publish
 .text.rmw_create_publisher
                0x0800733c      0x1bc ../micro_ros_stm32cubemx_utils/microros_static_library_ide/libmicroros/libmicroros.a(librmw_microxrcedds-rmw_publisher.c.obj)
                0x0800733c                rmw_create_publisher
 .text.rmw_publisher_get_actual_qos
                0x080074f8       0x20 ../micro_ros_stm32cubemx_utils/microros_static_library_ide/libmicroros/libmicroros.a(librmw_microxrcedds-rmw_publisher.c.obj)
                0x080074f8                rmw_publisher_get_actual_qos
 .text.rmw_destroy_publisher
                0x08007518       0xa4 ../micro_ros_stm32cubemx_utils/microros_static_library_ide/libmicroros/libmicroros.a(librmw_microxrcedds-rmw_publisher.c.obj)
                0x08007518                rmw_destroy_publisher
 .text.rmw_uxrce_init_service_memory
                0x080075bc       0x40 ../micro_ros_stm32cubemx_utils/microros_static_library_ide/libmicroros/libmicroros.a(librmw_microxrcedds-types.c.obj)
                0x080075bc                rmw_uxrce_init_service_memory
 .text.rmw_uxrce_init_client_memory
                0x080075fc       0x40 ../micro_ros_stm32cubemx_utils/microros_static_library_ide/libmicroros/libmicroros.a(librmw_microxrcedds-types.c.obj)
                0x080075fc                rmw_uxrce_init_client_memory
 .text.rmw_uxrce_init_publisher_memory
                0x0800763c       0x40 ../micro_ros_stm32cubemx_utils/microros_static_library_ide/libmicroros/libmicroros.a(librmw_microxrcedds-types.c.obj)
                0x0800763c                rmw_uxrce_init_publisher_memory
 .text.rmw_uxrce_init_subscription_memory
                0x0800767c       0x40 ../micro_ros_stm32cubemx_utils/microros_static_library_ide/libmicroros/libmicroros.a(librmw_microxrcedds-types.c.obj)
                0x0800767c                rmw_uxrce_init_subscription_memory
 .text.rmw_uxrce_init_node_memory
                0x080076bc       0x40 ../micro_ros_stm32cubemx_utils/microros_static_library_ide/libmicroros/libmicroros.a(librmw_microxrcedds-types.c.obj)
                0x080076bc                rmw_uxrce_init_node_memory
 .text.rmw_uxrce_init_session_memory
                0x080076fc       0x40 ../micro_ros_stm32cubemx_utils/microros_static_library_ide/libmicroros/libmicroros.a(librmw_microxrcedds-types.c.obj)
                0x080076fc                rmw_uxrce_init_session_memory
 .text.rmw_uxrce_init_topic_memory
                0x0800773c       0x40 ../micro_ros_stm32cubemx_utils/microros_static_library_ide/libmicroros/libmicroros.a(librmw_microxrcedds-types.c.obj)
                0x0800773c                rmw_uxrce_init_topic_memory
 .text.rmw_uxrce_init_static_input_buffer_memory
                0x0800777c       0x40 ../micro_ros_stm32cubemx_utils/microros_static_library_ide/libmicroros/libmicroros.a(librmw_microxrcedds-types.c.obj)
                0x0800777c                rmw_uxrce_init_static_input_buffer_memory
 .text.rmw_uxrce_init_init_options_impl_memory
                0x080077bc       0x40 ../micro_ros_stm32cubemx_utils/microros_static_library_ide/libmicroros/libmicroros.a(librmw_microxrcedds-types.c.obj)
                0x080077bc                rmw_uxrce_init_init_options_impl_memory
 .text.rmw_uxrce_init_wait_set_memory
                0x080077fc       0x40 ../micro_ros_stm32cubemx_utils/microros_static_library_ide/libmicroros/libmicroros.a(librmw_microxrcedds-types.c.obj)
                0x080077fc                rmw_uxrce_init_wait_set_memory
 .text.rmw_uxrce_init_guard_condition_memory
                0x0800783c       0x40 ../micro_ros_stm32cubemx_utils/microros_static_library_ide/libmicroros/libmicroros.a(librmw_microxrcedds-types.c.obj)
                0x0800783c                rmw_uxrce_init_guard_condition_memory
 .text.rmw_uxrce_fini_session_memory
                0x0800787c        0xc ../micro_ros_stm32cubemx_utils/microros_static_library_ide/libmicroros/libmicroros.a(librmw_microxrcedds-types.c.obj)
                0x0800787c                rmw_uxrce_fini_session_memory
 .text.rmw_uxrce_fini_node_memory
                0x08007888       0x30 ../micro_ros_stm32cubemx_utils/microros_static_library_ide/libmicroros/libmicroros.a(librmw_microxrcedds-types.c.obj)
                0x08007888                rmw_uxrce_fini_node_memory
 .text.rmw_uxrce_fini_publisher_memory
                0x080078b8       0x2c ../micro_ros_stm32cubemx_utils/microros_static_library_ide/libmicroros/libmicroros.a(librmw_microxrcedds-types.c.obj)
                0x080078b8                rmw_uxrce_fini_publisher_memory
 .text.rmw_uxrce_fini_subscription_memory
                0x080078e4       0x2c ../micro_ros_stm32cubemx_utils/microros_static_library_ide/libmicroros/libmicroros.a(librmw_microxrcedds-types.c.obj)
                0x080078e4                rmw_uxrce_fini_subscription_memory
 .text.rmw_uxrce_fini_service_memory
                0x08007910       0x2c ../micro_ros_stm32cubemx_utils/microros_static_library_ide/libmicroros/libmicroros.a(librmw_microxrcedds-types.c.obj)
                0x08007910                rmw_uxrce_fini_service_memory
 .text.rmw_uxrce_fini_client_memory
                0x0800793c       0x2c ../micro_ros_stm32cubemx_utils/microros_static_library_ide/libmicroros/libmicroros.a(librmw_microxrcedds-types.c.obj)
                0x0800793c                rmw_uxrce_fini_client_memory
 .text.rmw_uxrce_fini_topic_memory
                0x08007968       0x18 ../micro_ros_stm32cubemx_utils/microros_static_library_ide/libmicroros/libmicroros.a(librmw_microxrcedds-types.c.obj)
                0x08007968                rmw_uxrce_fini_topic_memory
 .text.rmw_uxrce_get_static_input_buffer_for_entity
                0x08007980       0xa0 ../micro_ros_stm32cubemx_utils/microros_static_library_ide/libmicroros/libmicroros.a(librmw_microxrcedds-types.c.obj)
                0x08007980                rmw_uxrce_get_static_input_buffer_for_entity
 .text.run_xrce_session
                0x08007a20       0x38 ../micro_ros_stm32cubemx_utils/microros_static_library_ide/libmicroros/libmicroros.a(librmw_microxrcedds-utils.c.obj)
                0x08007a20                run_xrce_session
 .text.convert_qos_profile
                0x08007a58       0x34 ../micro_ros_stm32cubemx_utils/microros_static_library_ide/libmicroros/libmicroros.a(librmw_microxrcedds-utils.c.obj)
                0x08007a58                convert_qos_profile
 .text.generate_type_name
                0x08007a8c       0x60 ../micro_ros_stm32cubemx_utils/microros_static_library_ide/libmicroros/libmicroros.a(librmw_microxrcedds-utils.c.obj)
                0x08007a8c                generate_type_name
 .text.generate_topic_name
                0x08007aec       0x34 ../micro_ros_stm32cubemx_utils/microros_static_library_ide/libmicroros/libmicroros.a(librmw_microxrcedds-utils.c.obj)
                0x08007aec                generate_topic_name
 .text.is_uxrce_rmw_identifier_valid
                0x08007b20       0x1c ../micro_ros_stm32cubemx_utils/microros_static_library_ide/libmicroros/libmicroros.a(librmw_microxrcedds-utils.c.obj)
                0x08007b20                is_uxrce_rmw_identifier_valid
 .text.get_message_typesupport_handle
                0x08007b3c        0x4 ../micro_ros_stm32cubemx_utils/microros_static_library_ide/libmicroros/libmicroros.a(librosidl_runtime_c-message_type_support.c.obj)
                0x08007b3c                get_message_typesupport_handle
 .text.get_message_typesupport_handle_function
                0x08007b40       0x14 ../micro_ros_stm32cubemx_utils/microros_static_library_ide/libmicroros/libmicroros.a(librosidl_runtime_c-message_type_support.c.obj)
                0x08007b40                get_message_typesupport_handle_function
 .text.rosidl_typesupport_c__get_message_type_support_handle__std_msgs__msg__Int32
                0x08007b54       0x1c ../micro_ros_stm32cubemx_utils/microros_static_library_ide/libmicroros/libmicroros.a(libstd_msgs__rosidl_typesupport_c-int32__type_support.cpp.obj)
                0x08007b54                rosidl_typesupport_c__get_message_type_support_handle__std_msgs__msg__Int32
 .text.startup._GLOBAL__sub_I_rosidl_typesupport_c__get_message_type_support_handle__std_msgs__msg__Int32
                0x08007b70       0x14 ../micro_ros_stm32cubemx_utils/microros_static_library_ide/libmicroros/libmicroros.a(libstd_msgs__rosidl_typesupport_c-int32__type_support.cpp.obj)
 .text.std_msgs__msg__Int32__rosidl_typesupport_introspection_c__Int32_init_function
                0x08007b84        0x4 ../micro_ros_stm32cubemx_utils/microros_static_library_ide/libmicroros/libmicroros.a(libstd_msgs__rosidl_typesupport_introspection_c-int32__type_support.c.obj)
                0x08007b84                std_msgs__msg__Int32__rosidl_typesupport_introspection_c__Int32_init_function
 .text.std_msgs__msg__Int32__rosidl_typesupport_introspection_c__Int32_fini_function
                0x08007b88        0x4 ../micro_ros_stm32cubemx_utils/microros_static_library_ide/libmicroros/libmicroros.a(libstd_msgs__rosidl_typesupport_introspection_c-int32__type_support.c.obj)
                0x08007b88                std_msgs__msg__Int32__rosidl_typesupport_introspection_c__Int32_fini_function
 .text.rosidl_typesupport_introspection_c__get_message_type_support_handle__std_msgs__msg__Int32
                0x08007b8c       0x1c ../micro_ros_stm32cubemx_utils/microros_static_library_ide/libmicroros/libmicroros.a(libstd_msgs__rosidl_typesupport_introspection_c-int32__type_support.c.obj)
                0x08007b8c                rosidl_typesupport_introspection_c__get_message_type_support_handle__std_msgs__msg__Int32
 .text._Int32__max_serialized_size
                0x08007ba8       0x10 ../micro_ros_stm32cubemx_utils/microros_static_library_ide/libmicroros/libmicroros.a(libstd_msgs__rosidl_typesupport_microxrcedds_c-int32__type_support_c.c.obj)
 .text._Int32__cdr_deserialize
                0x08007bb8        0xc ../micro_ros_stm32cubemx_utils/microros_static_library_ide/libmicroros/libmicroros.a(libstd_msgs__rosidl_typesupport_microxrcedds_c-int32__type_support_c.c.obj)
 .text.get_serialized_size_std_msgs__msg__Int32
                0x08007bc4       0x14 ../micro_ros_stm32cubemx_utils/microros_static_library_ide/libmicroros/libmicroros.a(libstd_msgs__rosidl_typesupport_microxrcedds_c-int32__type_support_c.c.obj)
                0x08007bc4                get_serialized_size_std_msgs__msg__Int32
 .text._Int32__cdr_serialize
                0x08007bd8       0x10 ../micro_ros_stm32cubemx_utils/microros_static_library_ide/libmicroros/libmicroros.a(libstd_msgs__rosidl_typesupport_microxrcedds_c-int32__type_support_c.c.obj)
 .text._Int32__get_serialized_size
                0x08007be8       0x14 ../micro_ros_stm32cubemx_utils/microros_static_library_ide/libmicroros/libmicroros.a(libstd_msgs__rosidl_typesupport_microxrcedds_c-int32__type_support_c.c.obj)
 .text.rosidl_typesupport_microxrcedds_c__get_message_type_support_handle__std_msgs__msg__Int32
                0x08007bfc        0x8 ../micro_ros_stm32cubemx_utils/microros_static_library_ide/libmicroros/libmicroros.a(libstd_msgs__rosidl_typesupport_microxrcedds_c-int32__type_support_c.c.obj)
                0x08007bfc                rosidl_typesupport_microxrcedds_c__get_message_type_support_handle__std_msgs__msg__Int32
 .text.ucdr_serialize_bool
                0x08007c04       0x2c ../micro_ros_stm32cubemx_utils/microros_static_library_ide/libmicroros/libmicroros.a(libmicrocdr-basic.c.obj)
                0x08007c04                ucdr_serialize_bool
 .text.ucdr_deserialize_bool
                0x08007c30       0x30 ../micro_ros_stm32cubemx_utils/microros_static_library_ide/libmicroros/libmicroros.a(libmicrocdr-basic.c.obj)
                0x08007c30                ucdr_deserialize_bool
 .text.ucdr_serialize_uint8_t
                0x08007c60       0x2c ../micro_ros_stm32cubemx_utils/microros_static_library_ide/libmicroros/libmicroros.a(libmicrocdr-basic.c.obj)
                0x08007c60                ucdr_serialize_uint8_t
 .text.ucdr_deserialize_uint8_t
                0x08007c8c       0x2c ../micro_ros_stm32cubemx_utils/microros_static_library_ide/libmicroros/libmicroros.a(libmicrocdr-basic.c.obj)
                0x08007c8c                ucdr_deserialize_uint8_t
 .text.ucdr_serialize_uint16_t
                0x08007cb8      0x100 ../micro_ros_stm32cubemx_utils/microros_static_library_ide/libmicroros/libmicroros.a(libmicrocdr-basic.c.obj)
                0x08007cb8                ucdr_serialize_uint16_t
 .text.ucdr_serialize_endian_uint16_t
                0x08007db8      0x100 ../micro_ros_stm32cubemx_utils/microros_static_library_ide/libmicroros/libmicroros.a(libmicrocdr-basic.c.obj)
                0x08007db8                ucdr_serialize_endian_uint16_t
 .text.ucdr_deserialize_uint16_t
                0x08007eb8       0xe8 ../micro_ros_stm32cubemx_utils/microros_static_library_ide/libmicroros/libmicroros.a(libmicrocdr-basic.c.obj)
                0x08007eb8                ucdr_deserialize_uint16_t
 .text.ucdr_deserialize_endian_uint16_t
                0x08007fa0       0xec ../micro_ros_stm32cubemx_utils/microros_static_library_ide/libmicroros/libmicroros.a(libmicrocdr-basic.c.obj)
                0x08007fa0                ucdr_deserialize_endian_uint16_t
 .text.ucdr_serialize_uint32_t
                0x0800808c      0x130 ../micro_ros_stm32cubemx_utils/microros_static_library_ide/libmicroros/libmicroros.a(libmicrocdr-basic.c.obj)
                0x0800808c                ucdr_serialize_uint32_t
 .text.ucdr_serialize_endian_uint32_t
                0x080081bc      0x130 ../micro_ros_stm32cubemx_utils/microros_static_library_ide/libmicroros/libmicroros.a(libmicrocdr-basic.c.obj)
                0x080081bc                ucdr_serialize_endian_uint32_t
 .text.ucdr_deserialize_uint32_t
                0x080082ec      0x120 ../micro_ros_stm32cubemx_utils/microros_static_library_ide/libmicroros/libmicroros.a(libmicrocdr-basic.c.obj)
                0x080082ec                ucdr_deserialize_uint32_t
 .text.ucdr_deserialize_endian_uint32_t
                0x0800840c      0x12c ../micro_ros_stm32cubemx_utils/microros_static_library_ide/libmicroros/libmicroros.a(libmicrocdr-basic.c.obj)
                0x0800840c                ucdr_deserialize_endian_uint32_t
 .text.ucdr_serialize_uint64_t
                0x08008538      0x1a0 ../micro_ros_stm32cubemx_utils/microros_static_library_ide/libmicroros/libmicroros.a(libmicrocdr-basic.c.obj)
                0x08008538                ucdr_serialize_uint64_t
 .text.ucdr_serialize_int16_t
                0x080086d8      0x100 ../micro_ros_stm32cubemx_utils/microros_static_library_ide/libmicroros/libmicroros.a(libmicrocdr-basic.c.obj)
                0x080086d8                ucdr_serialize_int16_t
 .text.ucdr_deserialize_int16_t
                0x080087d8       0xe8 ../micro_ros_stm32cubemx_utils/microros_static_library_ide/libmicroros/libmicroros.a(libmicrocdr-basic.c.obj)
                0x080087d8                ucdr_deserialize_int16_t
 .text.ucdr_serialize_int32_t
                0x080088c0      0x130 ../micro_ros_stm32cubemx_utils/microros_static_library_ide/libmicroros/libmicroros.a(libmicrocdr-basic.c.obj)
                0x080088c0                ucdr_serialize_int32_t
 .text.ucdr_deserialize_int32_t
                0x080089f0      0x120 ../micro_ros_stm32cubemx_utils/microros_static_library_ide/libmicroros/libmicroros.a(libmicrocdr-basic.c.obj)
                0x080089f0                ucdr_deserialize_int32_t
 .text.ucdr_check_buffer_available_for
                0x08008b10       0x18 ../micro_ros_stm32cubemx_utils/microros_static_library_ide/libmicroros/libmicroros.a(libmicrocdr-common.c.obj)
                0x08008b10                ucdr_check_buffer_available_for
 .text.ucdr_check_final_buffer_behavior
                0x08008b28       0x38 ../micro_ros_stm32cubemx_utils/microros_static_library_ide/libmicroros/libmicroros.a(libmicrocdr-common.c.obj)
                0x08008b28                ucdr_check_final_buffer_behavior
 .text.ucdr_set_on_full_buffer_callback
                0x08008b60        0x8 ../micro_ros_stm32cubemx_utils/microros_static_library_ide/libmicroros/libmicroros.a(libmicrocdr-common.c.obj)
                0x08008b60                ucdr_set_on_full_buffer_callback
 .text.ucdr_init_buffer_origin_offset_endian
                0x08008b68       0x2c ../micro_ros_stm32cubemx_utils/microros_static_library_ide/libmicroros/libmicroros.a(libmicrocdr-common.c.obj)
                0x08008b68                ucdr_init_buffer_origin_offset_endian
 .text.ucdr_init_buffer_origin_offset
                0x08008b94       0x14 ../micro_ros_stm32cubemx_utils/microros_static_library_ide/libmicroros/libmicroros.a(libmicrocdr-common.c.obj)
                0x08008b94                ucdr_init_buffer_origin_offset
 .text.ucdr_init_buffer_origin
                0x08008ba8       0x10 ../micro_ros_stm32cubemx_utils/microros_static_library_ide/libmicroros/libmicroros.a(libmicrocdr-common.c.obj)
                0x08008ba8                ucdr_init_buffer_origin
 .text.ucdr_init_buffer
                0x08008bb8        0x8 ../micro_ros_stm32cubemx_utils/microros_static_library_ide/libmicroros/libmicroros.a(libmicrocdr-common.c.obj)
                0x08008bb8                ucdr_init_buffer
 .text.ucdr_alignment
                0x08008bc0       0x10 ../micro_ros_stm32cubemx_utils/microros_static_library_ide/libmicroros/libmicroros.a(libmicrocdr-common.c.obj)
                0x08008bc0                ucdr_alignment
 .text.ucdr_buffer_alignment
                0x08008bd0       0x1c ../micro_ros_stm32cubemx_utils/microros_static_library_ide/libmicroros/libmicroros.a(libmicrocdr-common.c.obj)
                0x08008bd0                ucdr_buffer_alignment
 .text.ucdr_align_to
                0x08008bec       0x24 ../micro_ros_stm32cubemx_utils/microros_static_library_ide/libmicroros/libmicroros.a(libmicrocdr-common.c.obj)
                0x08008bec                ucdr_align_to
 .text.ucdr_buffer_length
                0x08008c10        0x8 ../micro_ros_stm32cubemx_utils/microros_static_library_ide/libmicroros/libmicroros.a(libmicrocdr-common.c.obj)
                0x08008c10                ucdr_buffer_length
 .text.ucdr_buffer_remaining
                0x08008c18        0x8 ../micro_ros_stm32cubemx_utils/microros_static_library_ide/libmicroros/libmicroros.a(libmicrocdr-common.c.obj)
                0x08008c18                ucdr_buffer_remaining
 .text.ucdr_check_final_buffer_behavior_array
                0x08008c20       0x38 ../micro_ros_stm32cubemx_utils/microros_static_library_ide/libmicroros/libmicroros.a(libmicrocdr-common.c.obj)
                0x08008c20                ucdr_check_final_buffer_behavior_array
 .text.ucdr_advance_buffer
                0x08008c58       0x40 ../micro_ros_stm32cubemx_utils/microros_static_library_ide/libmicroros/libmicroros.a(libmicrocdr-common.c.obj)
                0x08008c58                ucdr_advance_buffer
 .text.uxr_buffer_delete_entity
                0x08008c98       0x40 ../micro_ros_stm32cubemx_utils/microros_static_library_ide/libmicroros/libmicroros.a(libmicroxrcedds_client-common_create_entities.c.obj)
                0x08008c98                uxr_buffer_delete_entity
 .text.uxr_common_create_entity
                0x08008cd8       0x58 ../micro_ros_stm32cubemx_utils/microros_static_library_ide/libmicroros/libmicroros.a(libmicroxrcedds_client-common_create_entities.c.obj)
                0x08008cd8                uxr_common_create_entity
 .text.uxr_buffer_create_participant_bin
                0x08008d30       0x64 ../micro_ros_stm32cubemx_utils/microros_static_library_ide/libmicroros/libmicroros.a(libmicroxrcedds_client-create_entities_bin.c.obj)
                0x08008d30                uxr_buffer_create_participant_bin
 .text.uxr_buffer_create_topic_bin
                0x08008d94       0x6c ../micro_ros_stm32cubemx_utils/microros_static_library_ide/libmicroros/libmicroros.a(libmicroxrcedds_client-create_entities_bin.c.obj)
                0x08008d94                uxr_buffer_create_topic_bin
 .text.uxr_buffer_create_publisher_bin
                0x08008e00       0x60 ../micro_ros_stm32cubemx_utils/microros_static_library_ide/libmicroros/libmicroros.a(libmicroxrcedds_client-create_entities_bin.c.obj)
                0x08008e00                uxr_buffer_create_publisher_bin
 .text.uxr_buffer_create_datawriter_bin
                0x08008e60       0xec ../micro_ros_stm32cubemx_utils/microros_static_library_ide/libmicroros/libmicroros.a(libmicroxrcedds_client-create_entities_bin.c.obj)
                0x08008e60                uxr_buffer_create_datawriter_bin
 .text.uxr_object_id
                0x08008f4c       0x1c ../micro_ros_stm32cubemx_utils/microros_static_library_ide/libmicroros/libmicroros.a(libmicroxrcedds_client-object_id.c.obj)
                0x08008f4c                uxr_object_id
 .text.uxr_object_id_from_raw
                0x08008f68       0x28 ../micro_ros_stm32cubemx_utils/microros_static_library_ide/libmicroros/libmicroros.a(libmicroxrcedds_client-object_id.c.obj)
                0x08008f68                uxr_object_id_from_raw
 .text.uxr_object_id_to_raw
                0x08008f90       0x1c ../micro_ros_stm32cubemx_utils/microros_static_library_ide/libmicroros/libmicroros.a(libmicroxrcedds_client-object_id.c.obj)
                0x08008f90                uxr_object_id_to_raw
 .text.on_get_fragmentation_info
                0x08008fac       0x44 ../micro_ros_stm32cubemx_utils/microros_static_library_ide/libmicroros/libmicroros.a(libmicroxrcedds_client-session.c.obj)
 .text.read_submessage_get_info
                0x08008ff0       0x6c ../micro_ros_stm32cubemx_utils/microros_static_library_ide/libmicroros/libmicroros.a(libmicroxrcedds_client-session.c.obj)
 .text.write_submessage_acknack.isra.0
                0x0800905c       0x6c ../micro_ros_stm32cubemx_utils/microros_static_library_ide/libmicroros/libmicroros.a(libmicroxrcedds_client-session.c.obj)
 .text.uxr_init_session
                0x080090c8       0x40 ../micro_ros_stm32cubemx_utils/microros_static_library_ide/libmicroros/libmicroros.a(libmicroxrcedds_client-session.c.obj)
                0x080090c8                uxr_init_session
 .text.uxr_set_status_callback
                0x08009108        0x8 ../micro_ros_stm32cubemx_utils/microros_static_library_ide/libmicroros/libmicroros.a(libmicroxrcedds_client-session.c.obj)
                0x08009108                uxr_set_status_callback
 .text.uxr_set_topic_callback
                0x08009110        0x8 ../micro_ros_stm32cubemx_utils/microros_static_library_ide/libmicroros/libmicroros.a(libmicroxrcedds_client-session.c.obj)
                0x08009110                uxr_set_topic_callback
 .text.uxr_set_request_callback
                0x08009118        0x8 ../micro_ros_stm32cubemx_utils/microros_static_library_ide/libmicroros/libmicroros.a(libmicroxrcedds_client-session.c.obj)
                0x08009118                uxr_set_request_callback
 .text.uxr_set_reply_callback
                0x08009120        0x8 ../micro_ros_stm32cubemx_utils/microros_static_library_ide/libmicroros/libmicroros.a(libmicroxrcedds_client-session.c.obj)
                0x08009120                uxr_set_reply_callback
 .text.uxr_create_output_best_effort_stream
                0x08009128       0x24 ../micro_ros_stm32cubemx_utils/microros_static_library_ide/libmicroros/libmicroros.a(libmicroxrcedds_client-session.c.obj)
                0x08009128                uxr_create_output_best_effort_stream
 .text.uxr_create_output_reliable_stream
                0x0800914c       0x44 ../micro_ros_stm32cubemx_utils/microros_static_library_ide/libmicroros/libmicroros.a(libmicroxrcedds_client-session.c.obj)
                0x0800914c                uxr_create_output_reliable_stream
 .text.uxr_create_input_best_effort_stream
                0x08009190        0xc ../micro_ros_stm32cubemx_utils/microros_static_library_ide/libmicroros/libmicroros.a(libmicroxrcedds_client-session.c.obj)
                0x08009190                uxr_create_input_best_effort_stream
 .text.uxr_create_input_reliable_stream
                0x0800919c       0x38 ../micro_ros_stm32cubemx_utils/microros_static_library_ide/libmicroros/libmicroros.a(libmicroxrcedds_client-session.c.obj)
                0x0800919c                uxr_create_input_reliable_stream
 .text.uxr_epoch_nanos
                0x080091d4       0x14 ../micro_ros_stm32cubemx_utils/microros_static_library_ide/libmicroros/libmicroros.a(libmicroxrcedds_client-session.c.obj)
                0x080091d4                uxr_epoch_nanos
 .text.uxr_flash_output_streams
                0x080091e8       0xec ../micro_ros_stm32cubemx_utils/microros_static_library_ide/libmicroros/libmicroros.a(libmicroxrcedds_client-session.c.obj)
                0x080091e8                uxr_flash_output_streams
 .text.read_submessage_info
                0x080092d4       0x90 ../micro_ros_stm32cubemx_utils/microros_static_library_ide/libmicroros/libmicroros.a(libmicroxrcedds_client-session.c.obj)
                0x080092d4                read_submessage_info
 .text.read_submessage_list
                0x08009364      0x310 ../micro_ros_stm32cubemx_utils/microros_static_library_ide/libmicroros/libmicroros.a(libmicroxrcedds_client-session.c.obj)
 .text.listen_message_reliably
                0x08009674      0x280 ../micro_ros_stm32cubemx_utils/microros_static_library_ide/libmicroros/libmicroros.a(libmicroxrcedds_client-session.c.obj)
 .text.uxr_run_session_until_confirm_delivery
                0x080098f4       0x4c ../micro_ros_stm32cubemx_utils/microros_static_library_ide/libmicroros/libmicroros.a(libmicroxrcedds_client-session.c.obj)
                0x080098f4                uxr_run_session_until_confirm_delivery
 .text.uxr_run_session_until_all_status
                0x08009940       0xa4 ../micro_ros_stm32cubemx_utils/microros_static_library_ide/libmicroros/libmicroros.a(libmicroxrcedds_client-session.c.obj)
                0x08009940                uxr_run_session_until_all_status
 .text.wait_session_status
                0x080099e4      0x1a0 ../micro_ros_stm32cubemx_utils/microros_static_library_ide/libmicroros/libmicroros.a(libmicroxrcedds_client-session.c.obj)
 .text.uxr_delete_session_retries
                0x08009b84       0x50 ../micro_ros_stm32cubemx_utils/microros_static_library_ide/libmicroros/libmicroros.a(libmicroxrcedds_client-session.c.obj)
                0x08009b84                uxr_delete_session_retries
 .text.uxr_create_session
                0x08009bd4      0x1bc ../micro_ros_stm32cubemx_utils/microros_static_library_ide/libmicroros/libmicroros.a(libmicroxrcedds_client-session.c.obj)
                0x08009bd4                uxr_create_session
 .text.uxr_prepare_stream_to_write_submessage
                0x08009d90       0x88 ../micro_ros_stm32cubemx_utils/microros_static_library_ide/libmicroros/libmicroros.a(libmicroxrcedds_client-session.c.obj)
                0x08009d90                uxr_prepare_stream_to_write_submessage
 .text.uxr_init_session_info
                0x08009e18       0x20 ../micro_ros_stm32cubemx_utils/microros_static_library_ide/libmicroros/libmicroros.a(libmicroxrcedds_client-session_info.c.obj)
                0x08009e18                uxr_init_session_info
 .text.uxr_buffer_create_session
                0x08009e38       0x54 ../micro_ros_stm32cubemx_utils/microros_static_library_ide/libmicroros/libmicroros.a(libmicroxrcedds_client-session_info.c.obj)
                0x08009e38                uxr_buffer_create_session
 .text.uxr_buffer_delete_session
                0x08009e8c       0x38 ../micro_ros_stm32cubemx_utils/microros_static_library_ide/libmicroros/libmicroros.a(libmicroxrcedds_client-session_info.c.obj)
                0x08009e8c                uxr_buffer_delete_session
 .text.uxr_read_create_session_status
                0x08009ec4       0x18 ../micro_ros_stm32cubemx_utils/microros_static_library_ide/libmicroros/libmicroros.a(libmicroxrcedds_client-session_info.c.obj)
                0x08009ec4                uxr_read_create_session_status
 .text.uxr_read_delete_session_status
                0x08009edc       0x3c ../micro_ros_stm32cubemx_utils/microros_static_library_ide/libmicroros/libmicroros.a(libmicroxrcedds_client-session_info.c.obj)
                0x08009edc                uxr_read_delete_session_status
 .text.uxr_stamp_create_session_header
                0x08009f18       0x28 ../micro_ros_stm32cubemx_utils/microros_static_library_ide/libmicroros/libmicroros.a(libmicroxrcedds_client-session_info.c.obj)
                0x08009f18                uxr_stamp_create_session_header
 .text.uxr_stamp_session_header
                0x08009f40       0x28 ../micro_ros_stm32cubemx_utils/microros_static_library_ide/libmicroros/libmicroros.a(libmicroxrcedds_client-session_info.c.obj)
                0x08009f40                uxr_stamp_session_header
 .text.uxr_read_session_header
                0x08009f68       0x84 ../micro_ros_stm32cubemx_utils/microros_static_library_ide/libmicroros/libmicroros.a(libmicroxrcedds_client-session_info.c.obj)
                0x08009f68                uxr_read_session_header
 .text.uxr_session_header_offset
                0x08009fec       0x10 ../micro_ros_stm32cubemx_utils/microros_static_library_ide/libmicroros/libmicroros.a(libmicroxrcedds_client-session_info.c.obj)
                0x08009fec                uxr_session_header_offset
 .text.uxr_init_base_object_request
                0x08009ffc       0x3c ../micro_ros_stm32cubemx_utils/microros_static_library_ide/libmicroros/libmicroros.a(libmicroxrcedds_client-session_info.c.obj)
                0x08009ffc                uxr_init_base_object_request
 .text.uxr_parse_base_object_request
                0x0800a038       0x24 ../micro_ros_stm32cubemx_utils/microros_static_library_ide/libmicroros/libmicroros.a(libmicroxrcedds_client-session_info.c.obj)
                0x0800a038                uxr_parse_base_object_request
 .text.uxr_stream_id
                0x0800a05c       0x54 ../micro_ros_stm32cubemx_utils/microros_static_library_ide/libmicroros/libmicroros.a(libmicroxrcedds_client-stream_id.c.obj)
                0x0800a05c                uxr_stream_id
 .text.uxr_stream_id_from_raw
                0x0800a0b0       0x54 ../micro_ros_stm32cubemx_utils/microros_static_library_ide/libmicroros/libmicroros.a(libmicroxrcedds_client-stream_id.c.obj)
                0x0800a0b0                uxr_stream_id_from_raw
 .text.uxr_init_stream_storage
                0x0800a104       0x14 ../micro_ros_stm32cubemx_utils/microros_static_library_ide/libmicroros/libmicroros.a(libmicroxrcedds_client-stream_storage.c.obj)
                0x0800a104                uxr_init_stream_storage
 .text.uxr_reset_stream_storage
                0x0800a118       0x80 ../micro_ros_stm32cubemx_utils/microros_static_library_ide/libmicroros/libmicroros.a(libmicroxrcedds_client-stream_storage.c.obj)
                0x0800a118                uxr_reset_stream_storage
 .text.uxr_add_output_best_effort_buffer
                0x0800a198       0x28 ../micro_ros_stm32cubemx_utils/microros_static_library_ide/libmicroros/libmicroros.a(libmicroxrcedds_client-stream_storage.c.obj)
                0x0800a198                uxr_add_output_best_effort_buffer
 .text.uxr_add_output_reliable_buffer
                0x0800a1c0       0x34 ../micro_ros_stm32cubemx_utils/microros_static_library_ide/libmicroros/libmicroros.a(libmicroxrcedds_client-stream_storage.c.obj)
                0x0800a1c0                uxr_add_output_reliable_buffer
 .text.uxr_add_input_best_effort_buffer
                0x0800a1f4       0x2c ../micro_ros_stm32cubemx_utils/microros_static_library_ide/libmicroros/libmicroros.a(libmicroxrcedds_client-stream_storage.c.obj)
                0x0800a1f4                uxr_add_input_best_effort_buffer
 .text.uxr_add_input_reliable_buffer
                0x0800a220       0x34 ../micro_ros_stm32cubemx_utils/microros_static_library_ide/libmicroros/libmicroros.a(libmicroxrcedds_client-stream_storage.c.obj)
                0x0800a220                uxr_add_input_reliable_buffer
 .text.uxr_get_output_best_effort_stream
                0x0800a254       0x10 ../micro_ros_stm32cubemx_utils/microros_static_library_ide/libmicroros/libmicroros.a(libmicroxrcedds_client-stream_storage.c.obj)
                0x0800a254                uxr_get_output_best_effort_stream
 .text.uxr_get_output_reliable_stream
                0x0800a264       0x14 ../micro_ros_stm32cubemx_utils/microros_static_library_ide/libmicroros/libmicroros.a(libmicroxrcedds_client-stream_storage.c.obj)
                0x0800a264                uxr_get_output_reliable_stream
 .text.uxr_get_input_best_effort_stream
                0x0800a278       0x14 ../micro_ros_stm32cubemx_utils/microros_static_library_ide/libmicroros/libmicroros.a(libmicroxrcedds_client-stream_storage.c.obj)
                0x0800a278                uxr_get_input_best_effort_stream
 .text.uxr_get_input_reliable_stream
                0x0800a28c       0x14 ../micro_ros_stm32cubemx_utils/microros_static_library_ide/libmicroros/libmicroros.a(libmicroxrcedds_client-stream_storage.c.obj)
                0x0800a28c                uxr_get_input_reliable_stream
 .text.uxr_output_streams_confirmed
                0x0800a2a0       0x2c ../micro_ros_stm32cubemx_utils/microros_static_library_ide/libmicroros/libmicroros.a(libmicroxrcedds_client-stream_storage.c.obj)
                0x0800a2a0                uxr_output_streams_confirmed
 .text.uxr_buffer_submessage_header
                0x0800a2cc       0x34 ../micro_ros_stm32cubemx_utils/microros_static_library_ide/libmicroros/libmicroros.a(libmicroxrcedds_client-submessage.c.obj)
                0x0800a2cc                uxr_buffer_submessage_header
 .text.uxr_read_submessage_header
                0x0800a300       0x4c ../micro_ros_stm32cubemx_utils/microros_static_library_ide/libmicroros/libmicroros.a(libmicroxrcedds_client-submessage.c.obj)
                0x0800a300                uxr_read_submessage_header
 .text.uxr_submessage_padding
                0x0800a34c        0xc ../micro_ros_stm32cubemx_utils/microros_static_library_ide/libmicroros/libmicroros.a(libmicroxrcedds_client-submessage.c.obj)
                0x0800a34c                uxr_submessage_padding
 .text.uxr_millis
                0x0800a358       0x34 ../micro_ros_stm32cubemx_utils/microros_static_library_ide/libmicroros/libmicroros.a(libmicroxrcedds_client-time.c.obj)
                0x0800a358                uxr_millis
 .text.uxr_nanos
                0x0800a38c       0x2c ../micro_ros_stm32cubemx_utils/microros_static_library_ide/libmicroros/libmicroros.a(libmicroxrcedds_client-time.c.obj)
                0x0800a38c                uxr_nanos
 .text.on_full_output_buffer_fragmented
                0x0800a3b8      0x114 ../micro_ros_stm32cubemx_utils/microros_static_library_ide/libmicroros/libmicroros.a(libmicroxrcedds_client-write_access.c.obj)
                0x0800a3b8                on_full_output_buffer_fragmented
 .text.uxr_prepare_output_stream
                0x0800a4cc       0x60 ../micro_ros_stm32cubemx_utils/microros_static_library_ide/libmicroros/libmicroros.a(libmicroxrcedds_client-write_access.c.obj)
                0x0800a4cc                uxr_prepare_output_stream
 .text.uxr_prepare_output_stream_fragmented
                0x0800a52c      0x194 ../micro_ros_stm32cubemx_utils/microros_static_library_ide/libmicroros/libmicroros.a(libmicroxrcedds_client-write_access.c.obj)
                0x0800a52c                uxr_prepare_output_stream_fragmented
 .text.uxr_serialize_message_header
                0x0800a6c0       0x3c ../micro_ros_stm32cubemx_utils/microros_static_library_ide/libmicroros/libmicroros.a(libmicroxrcedds_client-xrce_header.c.obj)
                0x0800a6c0                uxr_serialize_message_header
 .text.uxr_deserialize_message_header
                0x0800a6fc       0x40 ../micro_ros_stm32cubemx_utils/microros_static_library_ide/libmicroros/libmicroros.a(libmicroxrcedds_client-xrce_header.c.obj)
                0x0800a6fc                uxr_deserialize_message_header
 .text.uxr_serialize_submessage_header
                0x0800a73c       0x28 ../micro_ros_stm32cubemx_utils/microros_static_library_ide/libmicroros/libmicroros.a(libmicroxrcedds_client-xrce_subheader.c.obj)
                0x0800a73c                uxr_serialize_submessage_header
 .text.uxr_deserialize_submessage_header
                0x0800a764       0x28 ../micro_ros_stm32cubemx_utils/microros_static_library_ide/libmicroros/libmicroros.a(libmicroxrcedds_client-xrce_subheader.c.obj)
                0x0800a764                uxr_deserialize_submessage_header
 .text.uxr_serialize_CLIENT_Representation
                0x0800a78c       0xb0 ../micro_ros_stm32cubemx_utils/microros_static_library_ide/libmicroros/libmicroros.a(libmicroxrcedds_client-xrce_types.c.obj)
                0x0800a78c                uxr_serialize_CLIENT_Representation
 .text.uxr_deserialize_CLIENT_Representation
                0x0800a83c       0xc8 ../micro_ros_stm32cubemx_utils/microros_static_library_ide/libmicroros/libmicroros.a(libmicroxrcedds_client-xrce_types.c.obj)
                0x0800a83c                uxr_deserialize_CLIENT_Representation
 .text.uxr_serialize_AGENT_Representation
                0x0800a904       0x94 ../micro_ros_stm32cubemx_utils/microros_static_library_ide/libmicroros/libmicroros.a(libmicroxrcedds_client-xrce_types.c.obj)
                0x0800a904                uxr_serialize_AGENT_Representation
 .text.uxr_serialize_DATAWRITER_Representation
                0x0800a998       0x50 ../micro_ros_stm32cubemx_utils/microros_static_library_ide/libmicroros/libmicroros.a(libmicroxrcedds_client-xrce_types.c.obj)
                0x0800a998                uxr_serialize_DATAWRITER_Representation
 .text.uxr_serialize_ObjectVariant.part.0
                0x0800a9e8       0xe8 ../micro_ros_stm32cubemx_utils/microros_static_library_ide/libmicroros/libmicroros.a(libmicroxrcedds_client-xrce_types.c.obj)
 .text.uxr_deserialize_DATAWRITER_Representation
                0x0800aad0       0x54 ../micro_ros_stm32cubemx_utils/microros_static_library_ide/libmicroros/libmicroros.a(libmicroxrcedds_client-xrce_types.c.obj)
                0x0800aad0                uxr_deserialize_DATAWRITER_Representation
 .text.uxr_serialize_OBJK_DomainParticipant_Binary
                0x0800ab24       0x44 ../micro_ros_stm32cubemx_utils/microros_static_library_ide/libmicroros/libmicroros.a(libmicroxrcedds_client-xrce_types.c.obj)
                0x0800ab24                uxr_serialize_OBJK_DomainParticipant_Binary
 .text.uxr_serialize_OBJK_Topic_Binary
                0x0800ab68       0x4c ../micro_ros_stm32cubemx_utils/microros_static_library_ide/libmicroros/libmicroros.a(libmicroxrcedds_client-xrce_types.c.obj)
                0x0800ab68                uxr_serialize_OBJK_Topic_Binary
 .text.uxr_serialize_OBJK_Publisher_Binary_Qos
                0x0800abb4      0x11c ../micro_ros_stm32cubemx_utils/microros_static_library_ide/libmicroros/libmicroros.a(libmicroxrcedds_client-xrce_types.c.obj)
                0x0800abb4                uxr_serialize_OBJK_Publisher_Binary_Qos
 .text.uxr_serialize_OBJK_Publisher_Binary
                0x0800acd0       0x44 ../micro_ros_stm32cubemx_utils/microros_static_library_ide/libmicroros/libmicroros.a(libmicroxrcedds_client-xrce_types.c.obj)
                0x0800acd0                uxr_serialize_OBJK_Publisher_Binary
 .text.uxr_serialize_OBJK_Endpoint_QosBinary
                0x0800ad14       0xa8 ../micro_ros_stm32cubemx_utils/microros_static_library_ide/libmicroros/libmicroros.a(libmicroxrcedds_client-xrce_types.c.obj)
                0x0800ad14                uxr_serialize_OBJK_Endpoint_QosBinary
 .text.uxr_serialize_OBJK_DataWriter_Binary
                0x0800adbc       0x58 ../micro_ros_stm32cubemx_utils/microros_static_library_ide/libmicroros/libmicroros.a(libmicroxrcedds_client-xrce_types.c.obj)
                0x0800adbc                uxr_serialize_OBJK_DataWriter_Binary
 .text.uxr_deserialize_ObjectVariant
                0x0800ae14      0x144 ../micro_ros_stm32cubemx_utils/microros_static_library_ide/libmicroros/libmicroros.a(libmicroxrcedds_client-xrce_types.c.obj)
                0x0800ae14                uxr_deserialize_ObjectVariant
 .text.uxr_deserialize_BaseObjectRequest
                0x0800af58       0x20 ../micro_ros_stm32cubemx_utils/microros_static_library_ide/libmicroros/libmicroros.a(libmicroxrcedds_client-xrce_types.c.obj)
                0x0800af58                uxr_deserialize_BaseObjectRequest
 .text.uxr_serialize_ActivityInfoVariant
                0x0800af78      0x14c ../micro_ros_stm32cubemx_utils/microros_static_library_ide/libmicroros/libmicroros.a(libmicroxrcedds_client-xrce_types.c.obj)
                0x0800af78                uxr_serialize_ActivityInfoVariant
 .text.uxr_deserialize_BaseObjectReply
                0x0800b0c4       0x3c ../micro_ros_stm32cubemx_utils/microros_static_library_ide/libmicroros/libmicroros.a(libmicroxrcedds_client-xrce_types.c.obj)
                0x0800b0c4                uxr_deserialize_BaseObjectReply
 .text.uxr_serialize_ReadSpecification
                0x0800b100       0x84 ../micro_ros_stm32cubemx_utils/microros_static_library_ide/libmicroros/libmicroros.a(libmicroxrcedds_client-xrce_types.c.obj)
                0x0800b100                uxr_serialize_ReadSpecification
 .text.uxr_serialize_CREATE_CLIENT_Payload
                0x0800b184        0x4 ../micro_ros_stm32cubemx_utils/microros_static_library_ide/libmicroros/libmicroros.a(libmicroxrcedds_client-xrce_types.c.obj)
                0x0800b184                uxr_serialize_CREATE_CLIENT_Payload
 .text.uxr_serialize_CREATE_Payload
                0x0800b188      0x120 ../micro_ros_stm32cubemx_utils/microros_static_library_ide/libmicroros/libmicroros.a(libmicroxrcedds_client-xrce_types.c.obj)
                0x0800b188                uxr_serialize_CREATE_Payload
 .text.uxr_deserialize_GET_INFO_Payload
                0x0800b2a8       0x28 ../micro_ros_stm32cubemx_utils/microros_static_library_ide/libmicroros/libmicroros.a(libmicroxrcedds_client-xrce_types.c.obj)
                0x0800b2a8                uxr_deserialize_GET_INFO_Payload
 .text.uxr_serialize_DELETE_Payload
                0x0800b2d0       0x20 ../micro_ros_stm32cubemx_utils/microros_static_library_ide/libmicroros/libmicroros.a(libmicroxrcedds_client-xrce_types.c.obj)
                0x0800b2d0                uxr_serialize_DELETE_Payload
 .text.uxr_deserialize_STATUS_AGENT_Payload
                0x0800b2f0       0x60 ../micro_ros_stm32cubemx_utils/microros_static_library_ide/libmicroros/libmicroros.a(libmicroxrcedds_client-xrce_types.c.obj)
                0x0800b2f0                uxr_deserialize_STATUS_AGENT_Payload
 .text.uxr_deserialize_STATUS_Payload
                0x0800b350       0x3c ../micro_ros_stm32cubemx_utils/microros_static_library_ide/libmicroros/libmicroros.a(libmicroxrcedds_client-xrce_types.c.obj)
                0x0800b350                uxr_deserialize_STATUS_Payload
 .text.uxr_serialize_INFO_Payload
                0x0800b38c       0x98 ../micro_ros_stm32cubemx_utils/microros_static_library_ide/libmicroros/libmicroros.a(libmicroxrcedds_client-xrce_types.c.obj)
                0x0800b38c                uxr_serialize_INFO_Payload
 .text.uxr_serialize_READ_DATA_Payload
                0x0800b424       0x28 ../micro_ros_stm32cubemx_utils/microros_static_library_ide/libmicroros/libmicroros.a(libmicroxrcedds_client-xrce_types.c.obj)
                0x0800b424                uxr_serialize_READ_DATA_Payload
 .text.uxr_serialize_WRITE_DATA_Payload_Data
                0x0800b44c       0x20 ../micro_ros_stm32cubemx_utils/microros_static_library_ide/libmicroros/libmicroros.a(libmicroxrcedds_client-xrce_types.c.obj)
                0x0800b44c                uxr_serialize_WRITE_DATA_Payload_Data
 .text.uxr_serialize_ACKNACK_Payload
                0x0800b46c       0x2c ../micro_ros_stm32cubemx_utils/microros_static_library_ide/libmicroros/libmicroros.a(libmicroxrcedds_client-xrce_types.c.obj)
                0x0800b46c                uxr_serialize_ACKNACK_Payload
 .text.uxr_deserialize_ACKNACK_Payload
                0x0800b498       0x28 ../micro_ros_stm32cubemx_utils/microros_static_library_ide/libmicroros/libmicroros.a(libmicroxrcedds_client-xrce_types.c.obj)
                0x0800b498                uxr_deserialize_ACKNACK_Payload
 .text.uxr_serialize_HEARTBEAT_Payload
                0x0800b4c0       0x28 ../micro_ros_stm32cubemx_utils/microros_static_library_ide/libmicroros/libmicroros.a(libmicroxrcedds_client-xrce_types.c.obj)
                0x0800b4c0                uxr_serialize_HEARTBEAT_Payload
 .text.uxr_deserialize_HEARTBEAT_Payload
                0x0800b4e8       0x24 ../micro_ros_stm32cubemx_utils/microros_static_library_ide/libmicroros/libmicroros.a(libmicroxrcedds_client-xrce_types.c.obj)
                0x0800b4e8                uxr_deserialize_HEARTBEAT_Payload
 .text.uxr_deserialize_TIMESTAMP_REPLY_Payload
                0x0800b50c       0x58 ../micro_ros_stm32cubemx_utils/microros_static_library_ide/libmicroros/libmicroros.a(libmicroxrcedds_client-xrce_types.c.obj)
                0x0800b50c                uxr_deserialize_TIMESTAMP_REPLY_Payload
 .text.uxr_deserialize_SampleIdentity
                0x0800b564       0x54 ../micro_ros_stm32cubemx_utils/microros_static_library_ide/libmicroros/libmicroros.a(libmicroxrcedds_client-xrce_types.c.obj)
                0x0800b564                uxr_deserialize_SampleIdentity
 .text.rcl_convert_rmw_ret_to_rcl_ret
                0x0800b5b8       0x28 ../micro_ros_stm32cubemx_utils/microros_static_library_ide/libmicroros/libmicroros.a(librcl-common.c.obj)
                0x0800b5b8                rcl_convert_rmw_ret_to_rcl_ret
 .text.rcl_get_zero_initialized_context
                0x0800b5e0       0x14 ../micro_ros_stm32cubemx_utils/microros_static_library_ide/libmicroros/libmicroros.a(librcl-context.c.obj)
                0x0800b5e0                rcl_get_zero_initialized_context
 .text.rcl_context_is_valid
                0x0800b5f4        0xc ../micro_ros_stm32cubemx_utils/microros_static_library_ide/libmicroros/libmicroros.a(librcl-context.c.obj)
                0x0800b5f4                rcl_context_is_valid
 .text.__cleanup_context
                0x0800b600       0xc0 ../micro_ros_stm32cubemx_utils/microros_static_library_ide/libmicroros/libmicroros.a(librcl-context.c.obj)
                0x0800b600                __cleanup_context
 .text.rcl_init
                0x0800b6c0      0x208 ../micro_ros_stm32cubemx_utils/microros_static_library_ide/libmicroros/libmicroros.a(librcl-init.c.obj)
                0x0800b6c0                rcl_init
 .text.rcl_get_zero_initialized_init_options
                0x0800b8c8        0x4 ../micro_ros_stm32cubemx_utils/microros_static_library_ide/libmicroros/libmicroros.a(librcl-init_options.c.obj)
                0x0800b8c8                rcl_get_zero_initialized_init_options
 .text.rcl_init_options_init
                0x0800b8cc       0xcc ../micro_ros_stm32cubemx_utils/microros_static_library_ide/libmicroros/libmicroros.a(librcl-init_options.c.obj)
                0x0800b8cc                rcl_init_options_init
 .text.rcl_init_options_fini
                0x0800b998       0x54 ../micro_ros_stm32cubemx_utils/microros_static_library_ide/libmicroros/libmicroros.a(librcl-init_options.c.obj)
                0x0800b998                rcl_init_options_fini
 .text.rcl_init_options_copy
                0x0800b9ec       0xd8 ../micro_ros_stm32cubemx_utils/microros_static_library_ide/libmicroros/libmicroros.a(librcl-init_options.c.obj)
                0x0800b9ec                rcl_init_options_copy
 .text.rcl_get_localhost_only
                0x0800bac4       0x44 ../micro_ros_stm32cubemx_utils/microros_static_library_ide/libmicroros/libmicroros.a(librcl-localhost.c.obj)
                0x0800bac4                rcl_get_localhost_only
 .text.rcl_get_zero_initialized_node
                0x0800bb08       0x14 ../micro_ros_stm32cubemx_utils/microros_static_library_ide/libmicroros/libmicroros.a(librcl-node.c.obj)
                0x0800bb08                rcl_get_zero_initialized_node
 .text.rcl_node_init
                0x0800bb1c      0x28c ../micro_ros_stm32cubemx_utils/microros_static_library_ide/libmicroros/libmicroros.a(librcl-node.c.obj)
                0x0800bb1c                rcl_node_init
 .text.rcl_node_is_valid
                0x0800bda8       0x14 ../micro_ros_stm32cubemx_utils/microros_static_library_ide/libmicroros/libmicroros.a(librcl-node.c.obj)
                0x0800bda8                rcl_node_is_valid
 .text.rcl_node_get_name
                0x0800bdbc       0x10 ../micro_ros_stm32cubemx_utils/microros_static_library_ide/libmicroros/libmicroros.a(librcl-node.c.obj)