18:41:46 **** Incremental Build of configuration Debug for project microros ****
make -j16 all 
docker pull microros/micro_ros_static_library_builder:humble && docker run --rm -v /home/abhay/STM32CubeIDE/microROS_ws/microros:/project --env MICROROS_LIBRARY_FOLDER=micro_ros_stm32cubemx_utils/microros_static_library_ide microros/micro_ros_static_library_builder:humble
humble: Pulling from microros/micro_ros_static_library_builder
Digest: sha256:8df17bda10fac82ff893bc51d80cf7383ceacf4d9ba550ee8bdcd89a016413ef
Status: Image is up to date for microros/micro_ros_static_library_builder:humble
docker.io/microros/micro_ros_static_library_builder:humble
dos2unix: converting file /project/micro_ros_stm32cubemx_utils/microros_static_library_ide/library_generation/library_generation.sh to Unix format...
micro-ROS library found. Skipping...
Delete micro_ros_stm32cubemx_utils/microros_static_library_ide/libmicroros/ for rebuild.
 
arm-none-eabi-gcc "../Core/Src/main.c" -mcpu=cortex-m4 -std=gnu11 -g3 -DDEBUG -DUSE_HAL_DRIVER -DSTM32F411xE -c -I../Core/Inc -I../micro_ros_stm32cubemx_utils/microros_static_library_ide/libmicroros/include -I../Drivers/STM32F4xx_HAL_Driver/Inc -I../Drivers/STM32F4xx_HAL_Driver/Inc/Legacy -I../Drivers/CMSIS/Device/ST/STM32F4xx/Include -I../Drivers/CMSIS/Include -I../Middlewares/Third_Party/FreeRTOS/Source/include -I../Middlewares/Third_Party/FreeRTOS/Source/CMSIS_RTOS_V2 -I../Middlewares/Third_Party/FreeRTOS/Source/portable/GCC/ARM_CM4F -O0 -ffunction-sections -fdata-sections -Wall -fstack-usage -fcyclomatic-complexity -MMD -MP -MF"Core/Src/main.d" -MT"Core/Src/main.o" --specs=nano.specs -mfpu=fpv4-sp-d16 -mfloat-abi=hard -mthumb -o "Core/Src/main.o"
../Core/Src/main.c:103:29: warning: type defaults to 'int' in declaration of 'msgin' [-Wimplicit-int]
  103 | void cmd_vel_callback(const*msgin)
      |                             ^~~~~
../Core/Src/main.c:117:36: warning: type defaults to 'int' in declaration of 'msgin' [-Wimplicit-int]
  117 | void cmd_vel_status_callback(const*msgin)
      |                                    ^~~~~
../Core/Src/main.c: In function 'cmd_vel_status_callback':
../Core/Src/main.c:122:60: error: expected expression before 'double'
  122 |                 sprintf(msg->linear.x, "DABOSS heard: %d", double);
      |                                                            ^~~~~~
../Core/Src/main.c:122:36: error: incompatible type for argument 1 of 'sprintf'
  122 |                 sprintf(msg->linear.x, "DABOSS heard: %d", double);
      |                         ~~~~~~~~~~~^~
      |                                    |
      |                                    double
In file included from ../micro_ros_stm32cubemx_utils/microros_static_library_ide/libmicroros/include/rcutils/logging.h:22,
                 from ../micro_ros_stm32cubemx_utils/microros_static_library_ide/libmicroros/include/rmw/types.h:28,
                 from ../micro_ros_stm32cubemx_utils/microros_static_library_ide/libmicroros/include/rcl/types.h:20,
                 from ../micro_ros_stm32cubemx_utils/microros_static_library_ide/libmicroros/include/rcl/init_options.h:29,
                 from ../micro_ros_stm32cubemx_utils/microros_static_library_ide/libmicroros/include/rcl/context.h:31,
                 from ../micro_ros_stm32cubemx_utils/microros_static_library_ide/libmicroros/include/rcl/init.h:26,
                 from ../micro_ros_stm32cubemx_utils/microros_static_library_ide/libmicroros/include/rcl/rcl.h:76,
                 from ../Core/Src/main.c:25:
/opt/st/stm32cubeide_1.14.0/plugins/com.st.stm32cube.ide.mcu.externaltools.gnu-tools-for-stm32.11.3.rel1.linux64_1.1.100.202309141235/tools/arm-none-eabi/include/stdio.h:254:18: note: expected 'char * restrict' but argument is of type 'double'
  254 | int     sprintf (char *__restrict, const char *__restrict, ...)
      |                  ^
../Core/Src/main.c:124:60: error: expected expression before 'double'
  124 |                 sprintf(msg->linear.x, "DABOSS heard: %d", double);
      |                                                            ^~~~~~
../Core/Src/main.c:124:36: error: incompatible type for argument 1 of 'sprintf'
  124 |                 sprintf(msg->linear.x, "DABOSS heard: %d", double);
      |                         ~~~~~~~~~~~^~
      |                                    |
      |                                    double
In file included from ../micro_ros_stm32cubemx_utils/microros_static_library_ide/libmicroros/include/rcutils/logging.h:22,
                 from ../micro_ros_stm32cubemx_utils/microros_static_library_ide/libmicroros/include/rmw/types.h:28,
                 from ../micro_ros_stm32cubemx_utils/microros_static_library_ide/libmicroros/include/rcl/types.h:20,
                 from ../micro_ros_stm32cubemx_utils/microros_static_library_ide/libmicroros/include/rcl/init_options.h:29,
                 from ../micro_ros_stm32cubemx_utils/microros_static_library_ide/libmicroros/include/rcl/context.h:31,
                 from ../micro_ros_stm32cubemx_utils/microros_static_library_ide/libmicroros/include/rcl/init.h:26,
                 from ../micro_ros_stm32cubemx_utils/microros_static_library_ide/libmicroros/include/rcl/rcl.h:76,
                 from ../Core/Src/main.c:25:
/opt/st/stm32cubeide_1.14.0/plugins/com.st.stm32cube.ide.mcu.externaltools.gnu-tools-for-stm32.11.3.rel1.linux64_1.1.100.202309141235/tools/arm-none-eabi/include/stdio.h:254:18: note: expected 'char * restrict' but argument is of type 'double'
  254 | int     sprintf (char *__restrict, const char *__restrict, ...)
      |                  ^
../Core/Src/main.c: In function 'StartDefaultTask':
../Core/Src/main.c:507:88: warning: passing argument 4 of 'rclc_executor_add_subscription' from incompatible pointer type [-Wincompatible-pointer-types]
  507 |           rclc_executor_add_subscription(&executor, &subscriber_cmd_vel, &cmd_vel_msg, &cmd_vel_callback, ON_NEW_DATA);
      |                                                                                        ^~~~~~~~~~~~~~~~~
      |                                                                                        |
      |                                                                                        void (*)(const int *)
In file included from ../Core/Src/main.c:28:
../micro_ros_stm32cubemx_utils/microros_static_library_ide/libmicroros/include/rclc/executor.h:247:32: note: expected 'rclc_subscription_callback_t' {aka 'void (*)(const void *)'} but argument is of type 'void (*)(const int *)'
  247 |   rclc_subscription_callback_t callback,
      |   ~~~~~~~~~~~~~~~~~~~~~~~~~~~~~^~~~~~~~
../Core/Src/main.c:508:102: warning: passing argument 4 of 'rclc_executor_add_subscription' from incompatible pointer type [-Wincompatible-pointer-types]
  508 |           rclc_executor_add_subscription(&executor, &subscriber_cmd_vel_status, &cmd_vel_status_msg, &cmd_vel_status_callback, ON_NEW_DATA);
      |                                                                                                      ^~~~~~~~~~~~~~~~~~~~~~~~
      |                                                                                                      |
      |                                                                                                      void (*)(const int *)
In file included from ../Core/Src/main.c:28:
../micro_ros_stm32cubemx_utils/microros_static_library_ide/libmicroros/include/rclc/executor.h:247:32: note: expected 'rclc_subscription_callback_t' {aka 'void (*)(const void *)'} but argument is of type 'void (*)(const int *)'
  247 |   rclc_subscription_callback_t callback,
      |   ~~~~~~~~~~~~~~~~~~~~~~~~~~~~~^~~~~~~~
../Core/Src/main.c:523:32: warning: passing argument 1 of 'rcl_publisher_fini' from incompatible pointer type [-Wincompatible-pointer-types]
  523 |             rcl_publisher_fini(&subscriber_cmd_vel_status, &node);
      |                                ^~~~~~~~~~~~~~~~~~~~~~~~~~
      |                                |
      |                                rcl_subscription_t * {aka struct rcl_subscription_s *}
In file included from ../micro_ros_stm32cubemx_utils/microros_static_library_ide/libmicroros/include/rcl/rcl.h:78,
                 from ../Core/Src/main.c:25:
../micro_ros_stm32cubemx_utils/microros_static_library_ide/libmicroros/include/rcl/publisher.h:188:38: note: expected 'rcl_publisher_t *' {aka 'struct rcl_publisher_s *'} but argument is of type 'rcl_subscription_t *' {aka 'struct rcl_subscription_s *'}
  188 | rcl_publisher_fini(rcl_publisher_t * publisher, rcl_node_t * node);
      |                    ~~~~~~~~~~~~~~~~~~^~~~~~~~~
../Core/Src/main.c:461:33: warning: unused variable 'sub_str_msg' [-Wunused-variable]
  461 |           std_msgs__msg__String sub_str_msg;
      |                                 ^~~~~~~~~~~
../Core/Src/main.c:523:13: warning: ignoring return value of 'rcl_publisher_fini' declared with attribute 'warn_unused_result' [-Wunused-result]
  523 |             rcl_publisher_fini(&subscriber_cmd_vel_status, &node);
      |             ^~~~~~~~~~~~~~~~~~~~~~~~~~~~~~~~~~~~~~~~~~~~~~~~~~~~~
../Core/Src/main.c:524:13: warning: ignoring return value of 'rcl_subscription_fini' declared with attribute 'warn_unused_result' [-Wunused-result]
  524 |             rcl_subscription_fini(&subscriber_cmd_vel, &node);
      |             ^~~~~~~~~~~~~~~~~~~~~~~~~~~~~~~~~~~~~~~~~~~~~~~~~
../Core/Src/main.c:525:13: warning: ignoring return value of 'rcl_subscription_fini' declared with attribute 'warn_unused_result' [-Wunused-result]
  525 |             rcl_subscription_fini(&subscriber_cmd_vel_status, &node);
      |             ^~~~~~~~~~~~~~~~~~~~~~~~~~~~~~~~~~~~~~~~~~~~~~~~~~~~~~~~
../Core/Src/main.c:526:13: warning: ignoring return value of 'rcl_node_fini' declared with attribute 'warn_unused_result' [-Wunused-result]
  526 |             rcl_node_fini(&node);
      |             ^~~~~~~~~~~~~~~~~~~~
make[1]: *** [Core/Src/subdir.mk:46: Core/Src/main.o] Error 1
make: *** [makefile:63: all] Error 2
"make -j16 all" terminated with exit code 2. Build might be incomplete.
18:43:07 **** Incremental Build of configuration Debug for project microros ****
make -j16 all 
docker pull microros/micro_ros_static_library_builder:humble && docker run --rm -v /home/abhay/STM32CubeIDE/microROS_ws/microros:/project --env MICROROS_LIBRARY_FOLDER=micro_ros_stm32cubemx_utils/microros_static_library_ide microros/micro_ros_static_library_builder:humble
humble: Pulling from microros/micro_ros_static_library_builder
Digest: sha256:8df17bda10fac82ff893bc51d80cf7383ceacf4d9ba550ee8bdcd89a016413ef
Status: Image is up to date for microros/micro_ros_static_library_builder:humble
docker.io/microros/micro_ros_static_library_builder:humble
dos2unix: converting file /project/micro_ros_stm32cubemx_utils/microros_static_library_ide/library_generation/library_generation.sh to Unix format...
micro-ROS library found. Skipping...
Delete micro_ros_stm32cubemx_utils/microros_static_library_ide/libmicroros/ for rebuild.
 
arm-none-eabi-gcc "../Core/Src/main.c" -mcpu=cortex-m4 -std=gnu11 -g3 -DDEBUG -DUSE_HAL_DRIVER -DSTM32F411xE -c -I../Core/Inc -I../micro_ros_stm32cubemx_utils/microros_static_library_ide/libmicroros/include -I../Drivers/STM32F4xx_HAL_Driver/Inc -I../Drivers/STM32F4xx_HAL_Driver/Inc/Legacy -I../Drivers/CMSIS/Device/ST/STM32F4xx/Include -I../Drivers/CMSIS/Include -I../Middlewares/Third_Party/FreeRTOS/Source/include -I../Middlewares/Third_Party/FreeRTOS/Source/CMSIS_RTOS_V2 -I../Middlewares/Third_Party/FreeRTOS/Source/portable/GCC/ARM_CM4F -O0 -ffunction-sections -fdata-sections -Wall -fstack-usage -fcyclomatic-complexity -MMD -MP -MF"Core/Src/main.d" -MT"Core/Src/main.o" --specs=nano.specs -mfpu=fpv4-sp-d16 -mfloat-abi=hard -mthumb -o "Core/Src/main.o"
../Core/Src/main.c:103:29: warning: type defaults to 'int' in declaration of 'msgin' [-Wimplicit-int]
  103 | void cmd_vel_callback(const*msgin)
      |                             ^~~~~
../Core/Src/main.c:117:36: warning: type defaults to 'int' in declaration of 'msgin' [-Wimplicit-int]
  117 | void cmd_vel_status_callback(const*msgin)
      |                                    ^~~~~
../Core/Src/main.c: In function 'cmd_vel_status_callback':
../Core/Src/main.c:122:24: warning: passing argument 1 of 'printf' from incompatible pointer type [-Wincompatible-pointer-types]
  122 |                 printf(msg);
      |                        ^~~
      |                        |
      |                        geometry_msgs__msg__Twist *
In file included from ../micro_ros_stm32cubemx_utils/microros_static_library_ide/libmicroros/include/rcutils/logging.h:22,
                 from ../micro_ros_stm32cubemx_utils/microros_static_library_ide/libmicroros/include/rmw/types.h:28,
                 from ../micro_ros_stm32cubemx_utils/microros_static_library_ide/libmicroros/include/rcl/types.h:20,
                 from ../micro_ros_stm32cubemx_utils/microros_static_library_ide/libmicroros/include/rcl/init_options.h:29,
                 from ../micro_ros_stm32cubemx_utils/microros_static_library_ide/libmicroros/include/rcl/context.h:31,
                 from ../micro_ros_stm32cubemx_utils/microros_static_library_ide/libmicroros/include/rcl/init.h:26,
                 from ../micro_ros_stm32cubemx_utils/microros_static_library_ide/libmicroros/include/rcl/rcl.h:76,
                 from ../Core/Src/main.c:25:
/opt/st/stm32cubeide_1.14.0/plugins/com.st.stm32cube.ide.mcu.externaltools.gnu-tools-for-stm32.11.3.rel1.linux64_1.1.100.202309141235/tools/arm-none-eabi/include/stdio.h:210:17: note: expected 'const char * restrict' but argument is of type 'geometry_msgs__msg__Twist *'
  210 | int     printf (const char *__restrict, ...)
      |                 ^
../Core/Src/main.c:124:24: warning: passing argument 1 of 'printf' from incompatible pointer type [-Wincompatible-pointer-types]
  124 |                 printf(msg);
      |                        ^~~
      |                        |
      |                        geometry_msgs__msg__Twist *
In file included from ../micro_ros_stm32cubemx_utils/microros_static_library_ide/libmicroros/include/rcutils/logging.h:22,
                 from ../micro_ros_stm32cubemx_utils/microros_static_library_ide/libmicroros/include/rmw/types.h:28,
                 from ../micro_ros_stm32cubemx_utils/microros_static_library_ide/libmicroros/include/rcl/types.h:20,
                 from ../micro_ros_stm32cubemx_utils/microros_static_library_ide/libmicroros/include/rcl/init_options.h:29,
                 from ../micro_ros_stm32cubemx_utils/microros_static_library_ide/libmicroros/include/rcl/context.h:31,
                 from ../micro_ros_stm32cubemx_utils/microros_static_library_ide/libmicroros/include/rcl/init.h:26,
                 from ../micro_ros_stm32cubemx_utils/microros_static_library_ide/libmicroros/include/rcl/rcl.h:76,
                 from ../Core/Src/main.c:25:
/opt/st/stm32cubeide_1.14.0/plugins/com.st.stm32cube.ide.mcu.externaltools.gnu-tools-for-stm32.11.3.rel1.linux64_1.1.100.202309141235/tools/arm-none-eabi/include/stdio.h:210:17: note: expected 'const char * restrict' but argument is of type 'geometry_msgs__msg__Twist *'
  210 | int     printf (const char *__restrict, ...)
      |                 ^
../Core/Src/main.c: In function 'StartDefaultTask':
../Core/Src/main.c:506:88: warning: passing argument 4 of 'rclc_executor_add_subscription' from incompatible pointer type [-Wincompatible-pointer-types]
  506 |           rclc_executor_add_subscription(&executor, &subscriber_cmd_vel, &cmd_vel_msg, &cmd_vel_callback, ON_NEW_DATA);
      |                                                                                        ^~~~~~~~~~~~~~~~~
      |                                                                                        |
      |                                                                                        void (*)(const int *)
In file included from ../Core/Src/main.c:28:
../micro_ros_stm32cubemx_utils/microros_static_library_ide/libmicroros/include/rclc/executor.h:247:32: note: expected 'rclc_subscription_callback_t' {aka 'void (*)(const void *)'} but argument is of type 'void (*)(const int *)'
  247 |   rclc_subscription_callback_t callback,
      |   ~~~~~~~~~~~~~~~~~~~~~~~~~~~~~^~~~~~~~
../Core/Src/main.c:507:102: warning: passing argument 4 of 'rclc_executor_add_subscription' from incompatible pointer type [-Wincompatible-pointer-types]
  507 |           rclc_executor_add_subscription(&executor, &subscriber_cmd_vel_status, &cmd_vel_status_msg, &cmd_vel_status_callback, ON_NEW_DATA);
      |                                                                                                      ^~~~~~~~~~~~~~~~~~~~~~~~
      |                                                                                                      |
      |                                                                                                      void (*)(const int *)
In file included from ../Core/Src/main.c:28:
../micro_ros_stm32cubemx_utils/microros_static_library_ide/libmicroros/include/rclc/executor.h:247:32: note: expected 'rclc_subscription_callback_t' {aka 'void (*)(const void *)'} but argument is of type 'void (*)(const int *)'
  247 |   rclc_subscription_callback_t callback,
      |   ~~~~~~~~~~~~~~~~~~~~~~~~~~~~~^~~~~~~~
../Core/Src/main.c:522:32: warning: passing argument 1 of 'rcl_publisher_fini' from incompatible pointer type [-Wincompatible-pointer-types]
  522 |             rcl_publisher_fini(&subscriber_cmd_vel_status, &node);
      |                                ^~~~~~~~~~~~~~~~~~~~~~~~~~
      |                                |
      |                                rcl_subscription_t * {aka struct rcl_subscription_s *}
In file included from ../micro_ros_stm32cubemx_utils/microros_static_library_ide/libmicroros/include/rcl/rcl.h:78,
                 from ../Core/Src/main.c:25:
../micro_ros_stm32cubemx_utils/microros_static_library_ide/libmicroros/include/rcl/publisher.h:188:38: note: expected 'rcl_publisher_t *' {aka 'struct rcl_publisher_s *'} but argument is of type 'rcl_subscription_t *' {aka 'struct rcl_subscription_s *'}
  188 | rcl_publisher_fini(rcl_publisher_t * publisher, rcl_node_t * node);
      |                    ~~~~~~~~~~~~~~~~~~^~~~~~~~~
../Core/Src/main.c:460:33: warning: unused variable 'sub_str_msg' [-Wunused-variable]
  460 |           std_msgs__msg__String sub_str_msg;
      |                                 ^~~~~~~~~~~
../Core/Src/main.c:522:13: warning: ignoring return value of 'rcl_publisher_fini' declared with attribute 'warn_unused_result' [-Wunused-result]
  522 |             rcl_publisher_fini(&subscriber_cmd_vel_status, &node);
      |             ^~~~~~~~~~~~~~~~~~~~~~~~~~~~~~~~~~~~~~~~~~~~~~~~~~~~~
../Core/Src/main.c:523:13: warning: ignoring return value of 'rcl_subscription_fini' declared with attribute 'warn_unused_result' [-Wunused-result]
  523 |             rcl_subscription_fini(&subscriber_cmd_vel, &node);
      |             ^~~~~~~~~~~~~~~~~~~~~~~~~~~~~~~~~~~~~~~~~~~~~~~~~
../Core/Src/main.c:524:13: warning: ignoring return value of 'rcl_subscription_fini' declared with attribute 'warn_unused_result' [-Wunused-result]
  524 |             rcl_subscription_fini(&subscriber_cmd_vel_status, &node);
      |             ^~~~~~~~~~~~~~~~~~~~~~~~~~~~~~~~~~~~~~~~~~~~~~~~~~~~~~~~
../Core/Src/main.c:525:13: warning: ignoring return value of 'rcl_node_fini' declared with attribute 'warn_unused_result' [-Wunused-result]
  525 |             rcl_node_fini(&node);
      |             ^~~~~~~~~~~~~~~~~~~~
arm-none-eabi-gcc -o "microros.elf" @"objects.list"  -lmicroros -mcpu=cortex-m4 -T"/home/abhay/STM32CubeIDE/microROS_ws/microros/STM32F411VETX_FLASH.ld" --specs=nosys.specs -Wl,-Map="microros.map" -Wl,--gc-sections -static -L../micro_ros_stm32cubemx_utils/microros_static_library_ide/libmicroros --specs=nano.specs -mfpu=fpv4-sp-d16 -mfloat-abi=hard -mthumb -Wl,--start-group -lc -lm -Wl,--end-group
/opt/st/stm32cubeide_1.14.0/plugins/com.st.stm32cube.ide.mcu.externaltools.gnu-tools-for-stm32.11.3.rel1.linux64_1.1.100.202309141235/tools/bin/../lib/gcc/arm-none-eabi/11.3.1/../../../../arm-none-eabi/bin/ld: /opt/st/stm32cubeide_1.14.0/plugins/com.st.stm32cube.ide.mcu.externaltools.gnu-tools-for-stm32.11.3.rel1.linux64_1.1.100.202309141235/tools/bin/../lib/gcc/arm-none-eabi/11.3.1/../../../../arm-none-eabi/lib/thumb/v7e-m+fp/hard/libc_nano.a(libc_a-gettimeofdayr.o): in function `_gettimeofday_r':
(.text._gettimeofday_r+0xe): warning: _gettimeofday is not implemented and will always fail
Finished building target: microros.elf
 
arm-none-eabi-size  microros.elf 
arm-none-eabi-objdump -h -S microros.elf  > "microros.list"
   text	   data	    bss	    dec	    hex	filename
  94612	    712	  57792	 153116	  2561c	microros.elf
Finished building: default.size.stdout
 
Finished building: microros.list
 
18:45:58 **** Incremental Build of configuration Debug for project microros ****
make -j16 all 
docker pull microros/micro_ros_static_library_builder:humble && docker run --rm -v /home/abhay/STM32CubeIDE/microROS_ws/microros:/project --env MICROROS_LIBRARY_FOLDER=micro_ros_stm32cubemx_utils/microros_static_library_ide microros/micro_ros_static_library_builder:humble
humble: Pulling from microros/micro_ros_static_library_builder
Digest: sha256:8df17bda10fac82ff893bc51d80cf7383ceacf4d9ba550ee8bdcd89a016413ef
Status: Image is up to date for microros/micro_ros_static_library_builder:humble
docker.io/microros/micro_ros_static_library_builder:humble
dos2unix: converting file /project/micro_ros_stm32cubemx_utils/microros_static_library_ide/library_generation/library_generation.sh to Unix format...
micro-ROS library found. Skipping...
Delete micro_ros_stm32cubemx_utils/microros_static_library_ide/libmicroros/ for rebuild.
 
arm-none-eabi-gcc "../Core/Src/main.c" -mcpu=cortex-m4 -std=gnu11 -g3 -DDEBUG -DUSE_HAL_DRIVER -DSTM32F411xE -c -I../Core/Inc -I../micro_ros_stm32cubemx_utils/microros_static_library_ide/libmicroros/include -I../Drivers/STM32F4xx_HAL_Driver/Inc -I../Drivers/STM32F4xx_HAL_Driver/Inc/Legacy -I../Drivers/CMSIS/Device/ST/STM32F4xx/Include -I../Drivers/CMSIS/Include -I../Middlewares/Third_Party/FreeRTOS/Source/include -I../Middlewares/Third_Party/FreeRTOS/Source/CMSIS_RTOS_V2 -I../Middlewares/Third_Party/FreeRTOS/Source/portable/GCC/ARM_CM4F -O0 -ffunction-sections -fdata-sections -Wall -fstack-usage -fcyclomatic-complexity -MMD -MP -MF"Core/Src/main.d" -MT"Core/Src/main.o" --specs=nano.specs -mfpu=fpv4-sp-d16 -mfloat-abi=hard -mthumb -o "Core/Src/main.o"
../Core/Src/main.c:103:29: warning: type defaults to 'int' in declaration of 'msgin' [-Wimplicit-int]
  103 | void cmd_vel_callback(const*msgin)
      |                             ^~~~~
../Core/Src/main.c:117:36: warning: type defaults to 'int' in declaration of 'msgin' [-Wimplicit-int]
  117 | void cmd_vel_status_callback(const*msgin)
      |                                    ^~~~~
../Core/Src/main.c: In function 'cmd_vel_status_callback':
../Core/Src/main.c:122:24: warning: passing argument 1 of 'printf' from incompatible pointer type [-Wincompatible-pointer-types]
  122 |                 printf(msg);
      |                        ^~~
      |                        |
      |                        geometry_msgs__msg__Twist *
In file included from ../micro_ros_stm32cubemx_utils/microros_static_library_ide/libmicroros/include/rcutils/logging.h:22,
                 from ../micro_ros_stm32cubemx_utils/microros_static_library_ide/libmicroros/include/rmw/types.h:28,
                 from ../micro_ros_stm32cubemx_utils/microros_static_library_ide/libmicroros/include/rcl/types.h:20,
                 from ../micro_ros_stm32cubemx_utils/microros_static_library_ide/libmicroros/include/rcl/init_options.h:29,
                 from ../micro_ros_stm32cubemx_utils/microros_static_library_ide/libmicroros/include/rcl/context.h:31,
                 from ../micro_ros_stm32cubemx_utils/microros_static_library_ide/libmicroros/include/rcl/init.h:26,
                 from ../micro_ros_stm32cubemx_utils/microros_static_library_ide/libmicroros/include/rcl/rcl.h:76,
                 from ../Core/Src/main.c:25:
/opt/st/stm32cubeide_1.14.0/plugins/com.st.stm32cube.ide.mcu.externaltools.gnu-tools-for-stm32.11.3.rel1.linux64_1.1.100.202309141235/tools/arm-none-eabi/include/stdio.h:210:17: note: expected 'const char * restrict' but argument is of type 'geometry_msgs__msg__Twist *'
  210 | int     printf (const char *__restrict, ...)
      |                 ^
../Core/Src/main.c:124:24: warning: passing argument 1 of 'printf' from incompatible pointer type [-Wincompatible-pointer-types]
  124 |                 printf(msg);
      |                        ^~~
      |                        |
      |                        geometry_msgs__msg__Twist *
In file included from ../micro_ros_stm32cubemx_utils/microros_static_library_ide/libmicroros/include/rcutils/logging.h:22,
                 from ../micro_ros_stm32cubemx_utils/microros_static_library_ide/libmicroros/include/rmw/types.h:28,
                 from ../micro_ros_stm32cubemx_utils/microros_static_library_ide/libmicroros/include/rcl/types.h:20,
                 from ../micro_ros_stm32cubemx_utils/microros_static_library_ide/libmicroros/include/rcl/init_options.h:29,
                 from ../micro_ros_stm32cubemx_utils/microros_static_library_ide/libmicroros/include/rcl/context.h:31,
                 from ../micro_ros_stm32cubemx_utils/microros_static_library_ide/libmicroros/include/rcl/init.h:26,
                 from ../micro_ros_stm32cubemx_utils/microros_static_library_ide/libmicroros/include/rcl/rcl.h:76,
                 from ../Core/Src/main.c:25:
/opt/st/stm32cubeide_1.14.0/plugins/com.st.stm32cube.ide.mcu.externaltools.gnu-tools-for-stm32.11.3.rel1.linux64_1.1.100.202309141235/tools/arm-none-eabi/include/stdio.h:210:17: note: expected 'const char * restrict' but argument is of type 'geometry_msgs__msg__Twist *'
  210 | int     printf (const char *__restrict, ...)
      |                 ^
../Core/Src/main.c: In function 'StartDefaultTask':
../Core/Src/main.c:485:27: warning: passing argument 1 of 'rclc_publisher_init_default' from incompatible pointer type [-Wincompatible-pointer-types]
  485 |                           &subscriber_cmd_vel_status,
      |                           ^~~~~~~~~~~~~~~~~~~~~~~~~~
      |                           |
      |                           rcl_subscription_t * {aka struct rcl_subscription_s *}
In file included from ../micro_ros_stm32cubemx_utils/microros_static_library_ide/libmicroros/include/rclc/rclc.h:30,
                 from ../Core/Src/main.c:27:
../micro_ros_stm32cubemx_utils/microros_static_library_ide/libmicroros/include/rclc/publisher.h:52:21: note: expected 'rcl_publisher_t *' {aka 'struct rcl_publisher_s *'} but argument is of type 'rcl_subscription_t *' {aka 'struct rcl_subscription_s *'}
   52 |   rcl_publisher_t * publisher,
      |   ~~~~~~~~~~~~~~~~~~^~~~~~~~~
../Core/Src/main.c:506:88: warning: passing argument 4 of 'rclc_executor_add_subscription' from incompatible pointer type [-Wincompatible-pointer-types]
  506 |           rclc_executor_add_subscription(&executor, &subscriber_cmd_vel, &cmd_vel_msg, &cmd_vel_callback, ON_NEW_DATA);
      |                                                                                        ^~~~~~~~~~~~~~~~~
      |                                                                                        |
      |                                                                                        void (*)(const int *)
In file included from ../Core/Src/main.c:28:
../micro_ros_stm32cubemx_utils/microros_static_library_ide/libmicroros/include/rclc/executor.h:247:32: note: expected 'rclc_subscription_callback_t' {aka 'void (*)(const void *)'} but argument is of type 'void (*)(const int *)'
  247 |   rclc_subscription_callback_t callback,
      |   ~~~~~~~~~~~~~~~~~~~~~~~~~~~~~^~~~~~~~
../Core/Src/main.c:522:32: warning: passing argument 1 of 'rcl_publisher_fini' from incompatible pointer type [-Wincompatible-pointer-types]
  522 |             rcl_publisher_fini(&subscriber_cmd_vel_status, &node);
      |                                ^~~~~~~~~~~~~~~~~~~~~~~~~~
      |                                |
      |                                rcl_subscription_t * {aka struct rcl_subscription_s *}
In file included from ../micro_ros_stm32cubemx_utils/microros_static_library_ide/libmicroros/include/rcl/rcl.h:78,
                 from ../Core/Src/main.c:25:
../micro_ros_stm32cubemx_utils/microros_static_library_ide/libmicroros/include/rcl/publisher.h:188:38: note: expected 'rcl_publisher_t *' {aka 'struct rcl_publisher_s *'} but argument is of type 'rcl_subscription_t *' {aka 'struct rcl_subscription_s *'}
  188 | rcl_publisher_fini(rcl_publisher_t * publisher, rcl_node_t * node);
      |                    ~~~~~~~~~~~~~~~~~~^~~~~~~~~
../Core/Src/main.c:524:32: warning: passing argument 1 of 'rcl_publisher_fini' from incompatible pointer type [-Wincompatible-pointer-types]
  524 |             rcl_publisher_fini(&subscriber_cmd_vel_status, &node);
      |                                ^~~~~~~~~~~~~~~~~~~~~~~~~~
      |                                |
      |                                rcl_subscription_t * {aka struct rcl_subscription_s *}
In file included from ../micro_ros_stm32cubemx_utils/microros_static_library_ide/libmicroros/include/rcl/rcl.h:78,
                 from ../Core/Src/main.c:25:
../micro_ros_stm32cubemx_utils/microros_static_library_ide/libmicroros/include/rcl/publisher.h:188:38: note: expected 'rcl_publisher_t *' {aka 'struct rcl_publisher_s *'} but argument is of type 'rcl_subscription_t *' {aka 'struct rcl_subscription_s *'}
  188 | rcl_publisher_fini(rcl_publisher_t * publisher, rcl_node_t * node);
      |                    ~~~~~~~~~~~~~~~~~~^~~~~~~~~
../Core/Src/main.c:462:37: warning: unused variable 'cmd_vel_status_msg' [-Wunused-variable]
  462 |           geometry_msgs__msg__Twist cmd_vel_status_msg;
      |                                     ^~~~~~~~~~~~~~~~~~
../Core/Src/main.c:460:33: warning: unused variable 'sub_str_msg' [-Wunused-variable]
  460 |           std_msgs__msg__String sub_str_msg;
      |                                 ^~~~~~~~~~~
../Core/Src/main.c:522:13: warning: ignoring return value of 'rcl_publisher_fini' declared with attribute 'warn_unused_result' [-Wunused-result]
  522 |             rcl_publisher_fini(&subscriber_cmd_vel_status, &node);
      |             ^~~~~~~~~~~~~~~~~~~~~~~~~~~~~~~~~~~~~~~~~~~~~~~~~~~~~
../Core/Src/main.c:523:13: warning: ignoring return value of 'rcl_subscription_fini' declared with attribute 'warn_unused_result' [-Wunused-result]
  523 |             rcl_subscription_fini(&subscriber_cmd_vel, &node);
      |             ^~~~~~~~~~~~~~~~~~~~~~~~~~~~~~~~~~~~~~~~~~~~~~~~~
../Core/Src/main.c:524:13: warning: ignoring return value of 'rcl_publisher_fini' declared with attribute 'warn_unused_result' [-Wunused-result]
  524 |             rcl_publisher_fini(&subscriber_cmd_vel_status, &node);
      |             ^~~~~~~~~~~~~~~~~~~~~~~~~~~~~~~~~~~~~~~~~~~~~~~~~~~~~
../Core/Src/main.c:525:13: warning: ignoring return value of 'rcl_node_fini' declared with attribute 'warn_unused_result' [-Wunused-result]
  525 |             rcl_node_fini(&node);
      |             ^~~~~~~~~~~~~~~~~~~~
arm-none-eabi-gcc -o "microros.elf" @"objects.list"  -lmicroros -mcpu=cortex-m4 -T"/home/abhay/STM32CubeIDE/microROS_ws/microros/STM32F411VETX_FLASH.ld" --specs=nosys.specs -Wl,-Map="microros.map" -Wl,--gc-sections -static -L../micro_ros_stm32cubemx_utils/microros_static_library_ide/libmicroros --specs=nano.specs -mfpu=fpv4-sp-d16 -mfloat-abi=hard -mthumb -Wl,--start-group -lc -lm -Wl,--end-group
/opt/st/stm32cubeide_1.14.0/plugins/com.st.stm32cube.ide.mcu.externaltools.gnu-tools-for-stm32.11.3.rel1.linux64_1.1.100.202309141235/tools/bin/../lib/gcc/arm-none-eabi/11.3.1/../../../../arm-none-eabi/bin/ld: /opt/st/stm32cubeide_1.14.0/plugins/com.st.stm32cube.ide.mcu.externaltools.gnu-tools-for-stm32.11.3.rel1.linux64_1.1.100.202309141235/tools/bin/../lib/gcc/arm-none-eabi/11.3.1/../../../../arm-none-eabi/lib/thumb/v7e-m+fp/hard/libc_nano.a(libc_a-gettimeofdayr.o): in function `_gettimeofday_r':
(.text._gettimeofday_r+0xe): warning: _gettimeofday is not implemented and will always fail
Finished building target: microros.elf
 
arm-none-eabi-size  microros.elf 
arm-none-eabi-objdump -h -S microros.elf  > "microros.list"
   text	   data	    bss	    dec	    hex	filename
  94716	    712	  57792	 153220	  25684	microros.elf
Finished building: default.size.stdout
 
Finished building: microros.list
 
13:20:44 **** Incremental Build of configuration Debug for project microros ****
make -j16 all 
docker pull microros/micro_ros_static_library_builder:humble && docker run --rm -v /home/abhay/STM32CubeIDE/microROS_ws/microros:/project --env MICROROS_LIBRARY_FOLDER=micro_ros_stm32cubemx_utils/microros_static_library_ide microros/micro_ros_static_library_builder:humble
humble: Pulling from microros/micro_ros_static_library_builder
Digest: sha256:8df17bda10fac82ff893bc51d80cf7383ceacf4d9ba550ee8bdcd89a016413ef
Status: Image is up to date for microros/micro_ros_static_library_builder:humble
docker.io/microros/micro_ros_static_library_builder:humble
dos2unix: converting file /project/micro_ros_stm32cubemx_utils/microros_static_library_ide/library_generation/library_generation.sh to Unix format...
micro-ROS library found. Skipping...
Delete micro_ros_stm32cubemx_utils/microros_static_library_ide/libmicroros/ for rebuild.
 
arm-none-eabi-gcc "../Middlewares/Third_Party/FreeRTOS/Source/portable/MemMang/heap_4.c" -mcpu=cortex-m4 -std=gnu11 -g3 -DDEBUG -DUSE_HAL_DRIVER -DSTM32F411xE -c -I../Core/Inc -I../micro_ros_stm32cubemx_utils/microros_static_library_ide/libmicroros/include -I../Drivers/STM32F4xx_HAL_Driver/Inc -I../Drivers/STM32F4xx_HAL_Driver/Inc/Legacy -I../Drivers/CMSIS/Device/ST/STM32F4xx/Include -I../Drivers/CMSIS/Include -I../Middlewares/Third_Party/FreeRTOS/Source/include -I../Middlewares/Third_Party/FreeRTOS/Source/CMSIS_RTOS_V2 -I../Middlewares/Third_Party/FreeRTOS/Source/portable/GCC/ARM_CM4F -O0 -ffunction-sections -fdata-sections -Wall -fstack-usage -fcyclomatic-complexity -MMD -MP -MF"Middlewares/Third_Party/FreeRTOS/Source/portable/MemMang/heap_4.d" -MT"Middlewares/Third_Party/FreeRTOS/Source/portable/MemMang/heap_4.o" --specs=nano.specs -mfpu=fpv4-sp-d16 -mfloat-abi=hard -mthumb -o "Middlewares/Third_Party/FreeRTOS/Source/portable/MemMang/heap_4.o"
arm-none-eabi-gcc "../Middlewares/Third_Party/FreeRTOS/Source/portable/GCC/ARM_CM4F/port.c" -mcpu=cortex-m4 -std=gnu11 -g3 -DDEBUG -DUSE_HAL_DRIVER -DSTM32F411xE -c -I../Core/Inc -I../micro_ros_stm32cubemx_utils/microros_static_library_ide/libmicroros/include -I../Drivers/STM32F4xx_HAL_Driver/Inc -I../Drivers/STM32F4xx_HAL_Driver/Inc/Legacy -I../Drivers/CMSIS/Device/ST/STM32F4xx/Include -I../Drivers/CMSIS/Include -I../Middlewares/Third_Party/FreeRTOS/Source/include -I../Middlewares/Third_Party/FreeRTOS/Source/CMSIS_RTOS_V2 -I../Middlewares/Third_Party/FreeRTOS/Source/portable/GCC/ARM_CM4F -O0 -ffunction-sections -fdata-sections -Wall -fstack-usage -fcyclomatic-complexity -MMD -MP -MF"Middlewares/Third_Party/FreeRTOS/Source/portable/GCC/ARM_CM4F/port.d" -MT"Middlewares/Third_Party/FreeRTOS/Source/portable/GCC/ARM_CM4F/port.o" --specs=nano.specs -mfpu=fpv4-sp-d16 -mfloat-abi=hard -mthumb -o "Middlewares/Third_Party/FreeRTOS/Source/portable/GCC/ARM_CM4F/port.o"
arm-none-eabi-gcc "../Middlewares/Third_Party/FreeRTOS/Source/CMSIS_RTOS_V2/cmsis_os2.c" -mcpu=cortex-m4 -std=gnu11 -g3 -DDEBUG -DUSE_HAL_DRIVER -DSTM32F411xE -c -I../Core/Inc -I../micro_ros_stm32cubemx_utils/microros_static_library_ide/libmicroros/include -I../Drivers/STM32F4xx_HAL_Driver/Inc -I../Drivers/STM32F4xx_HAL_Driver/Inc/Legacy -I../Drivers/CMSIS/Device/ST/STM32F4xx/Include -I../Drivers/CMSIS/Include -I../Middlewares/Third_Party/FreeRTOS/Source/include -I../Middlewares/Third_Party/FreeRTOS/Source/CMSIS_RTOS_V2 -I../Middlewares/Third_Party/FreeRTOS/Source/portable/GCC/ARM_CM4F -O0 -ffunction-sections -fdata-sections -Wall -fstack-usage -fcyclomatic-complexity -MMD -MP -MF"Middlewares/Third_Party/FreeRTOS/Source/CMSIS_RTOS_V2/cmsis_os2.d" -MT"Middlewares/Third_Party/FreeRTOS/Source/CMSIS_RTOS_V2/cmsis_os2.o" --specs=nano.specs -mfpu=fpv4-sp-d16 -mfloat-abi=hard -mthumb -o "Middlewares/Third_Party/FreeRTOS/Source/CMSIS_RTOS_V2/cmsis_os2.o"
arm-none-eabi-gcc "../Middlewares/Third_Party/FreeRTOS/Source/croutine.c" -mcpu=cortex-m4 -std=gnu11 -g3 -DDEBUG -DUSE_HAL_DRIVER -DSTM32F411xE -c -I../Core/Inc -I../micro_ros_stm32cubemx_utils/microros_static_library_ide/libmicroros/include -I../Drivers/STM32F4xx_HAL_Driver/Inc -I../Drivers/STM32F4xx_HAL_Driver/Inc/Legacy -I../Drivers/CMSIS/Device/ST/STM32F4xx/Include -I../Drivers/CMSIS/Include -I../Middlewares/Third_Party/FreeRTOS/Source/include -I../Middlewares/Third_Party/FreeRTOS/Source/CMSIS_RTOS_V2 -I../Middlewares/Third_Party/FreeRTOS/Source/portable/GCC/ARM_CM4F -O0 -ffunction-sections -fdata-sections -Wall -fstack-usage -fcyclomatic-complexity -MMD -MP -MF"Middlewares/Third_Party/FreeRTOS/Source/croutine.d" -MT"Middlewares/Third_Party/FreeRTOS/Source/croutine.o" --specs=nano.specs -mfpu=fpv4-sp-d16 -mfloat-abi=hard -mthumb -o "Middlewares/Third_Party/FreeRTOS/Source/croutine.o"
arm-none-eabi-gcc "../Middlewares/Third_Party/FreeRTOS/Source/event_groups.c" -mcpu=cortex-m4 -std=gnu11 -g3 -DDEBUG -DUSE_HAL_DRIVER -DSTM32F411xE -c -I../Core/Inc -I../micro_ros_stm32cubemx_utils/microros_static_library_ide/libmicroros/include -I../Drivers/STM32F4xx_HAL_Driver/Inc -I../Drivers/STM32F4xx_HAL_Driver/Inc/Legacy -I../Drivers/CMSIS/Device/ST/STM32F4xx/Include -I../Drivers/CMSIS/Include -I../Middlewares/Third_Party/FreeRTOS/Source/include -I../Middlewares/Third_Party/FreeRTOS/Source/CMSIS_RTOS_V2 -I../Middlewares/Third_Party/FreeRTOS/Source/portable/GCC/ARM_CM4F -O0 -ffunction-sections -fdata-sections -Wall -fstack-usage -fcyclomatic-complexity -MMD -MP -MF"Middlewares/Third_Party/FreeRTOS/Source/event_groups.d" -MT"Middlewares/Third_Party/FreeRTOS/Source/event_groups.o" --specs=nano.specs -mfpu=fpv4-sp-d16 -mfloat-abi=hard -mthumb -o "Middlewares/Third_Party/FreeRTOS/Source/event_groups.o"
arm-none-eabi-gcc "../Middlewares/Third_Party/FreeRTOS/Source/list.c" -mcpu=cortex-m4 -std=gnu11 -g3 -DDEBUG -DUSE_HAL_DRIVER -DSTM32F411xE -c -I../Core/Inc -I../micro_ros_stm32cubemx_utils/microros_static_library_ide/libmicroros/include -I../Drivers/STM32F4xx_HAL_Driver/Inc -I../Drivers/STM32F4xx_HAL_Driver/Inc/Legacy -I../Drivers/CMSIS/Device/ST/STM32F4xx/Include -I../Drivers/CMSIS/Include -I../Middlewares/Third_Party/FreeRTOS/Source/include -I../Middlewares/Third_Party/FreeRTOS/Source/CMSIS_RTOS_V2 -I../Middlewares/Third_Party/FreeRTOS/Source/portable/GCC/ARM_CM4F -O0 -ffunction-sections -fdata-sections -Wall -fstack-usage -fcyclomatic-complexity -MMD -MP -MF"Middlewares/Third_Party/FreeRTOS/Source/list.d" -MT"Middlewares/Third_Party/FreeRTOS/Source/list.o" --specs=nano.specs -mfpu=fpv4-sp-d16 -mfloat-abi=hard -mthumb -o "Middlewares/Third_Party/FreeRTOS/Source/list.o"
arm-none-eabi-gcc "../Middlewares/Third_Party/FreeRTOS/Source/queue.c" -mcpu=cortex-m4 -std=gnu11 -g3 -DDEBUG -DUSE_HAL_DRIVER -DSTM32F411xE -c -I../Core/Inc -I../micro_ros_stm32cubemx_utils/microros_static_library_ide/libmicroros/include -I../Drivers/STM32F4xx_HAL_Driver/Inc -I../Drivers/STM32F4xx_HAL_Driver/Inc/Legacy -I../Drivers/CMSIS/Device/ST/STM32F4xx/Include -I../Drivers/CMSIS/Include -I../Middlewares/Third_Party/FreeRTOS/Source/include -I../Middlewares/Third_Party/FreeRTOS/Source/CMSIS_RTOS_V2 -I../Middlewares/Third_Party/FreeRTOS/Source/portable/GCC/ARM_CM4F -O0 -ffunction-sections -fdata-sections -Wall -fstack-usage -fcyclomatic-complexity -MMD -MP -MF"Middlewares/Third_Party/FreeRTOS/Source/queue.d" -MT"Middlewares/Third_Party/FreeRTOS/Source/queue.o" --specs=nano.specs -mfpu=fpv4-sp-d16 -mfloat-abi=hard -mthumb -o "Middlewares/Third_Party/FreeRTOS/Source/queue.o"
arm-none-eabi-gcc "../Middlewares/Third_Party/FreeRTOS/Source/stream_buffer.c" -mcpu=cortex-m4 -std=gnu11 -g3 -DDEBUG -DUSE_HAL_DRIVER -DSTM32F411xE -c -I../Core/Inc -I../micro_ros_stm32cubemx_utils/microros_static_library_ide/libmicroros/include -I../Drivers/STM32F4xx_HAL_Driver/Inc -I../Drivers/STM32F4xx_HAL_Driver/Inc/Legacy -I../Drivers/CMSIS/Device/ST/STM32F4xx/Include -I../Drivers/CMSIS/Include -I../Middlewares/Third_Party/FreeRTOS/Source/include -I../Middlewares/Third_Party/FreeRTOS/Source/CMSIS_RTOS_V2 -I../Middlewares/Third_Party/FreeRTOS/Source/portable/GCC/ARM_CM4F -O0 -ffunction-sections -fdata-sections -Wall -fstack-usage -fcyclomatic-complexity -MMD -MP -MF"Middlewares/Third_Party/FreeRTOS/Source/stream_buffer.d" -MT"Middlewares/Third_Party/FreeRTOS/Source/stream_buffer.o" --specs=nano.specs -mfpu=fpv4-sp-d16 -mfloat-abi=hard -mthumb -o "Middlewares/Third_Party/FreeRTOS/Source/stream_buffer.o"
arm-none-eabi-gcc "../Middlewares/Third_Party/FreeRTOS/Source/tasks.c" -mcpu=cortex-m4 -std=gnu11 -g3 -DDEBUG -DUSE_HAL_DRIVER -DSTM32F411xE -c -I../Core/Inc -I../micro_ros_stm32cubemx_utils/microros_static_library_ide/libmicroros/include -I../Drivers/STM32F4xx_HAL_Driver/Inc -I../Drivers/STM32F4xx_HAL_Driver/Inc/Legacy -I../Drivers/CMSIS/Device/ST/STM32F4xx/Include -I../Drivers/CMSIS/Include -I../Middlewares/Third_Party/FreeRTOS/Source/include -I../Middlewares/Third_Party/FreeRTOS/Source/CMSIS_RTOS_V2 -I../Middlewares/Third_Party/FreeRTOS/Source/portable/GCC/ARM_CM4F -O0 -ffunction-sections -fdata-sections -Wall -fstack-usage -fcyclomatic-complexity -MMD -MP -MF"Middlewares/Third_Party/FreeRTOS/Source/tasks.d" -MT"Middlewares/Third_Party/FreeRTOS/Source/tasks.o" --specs=nano.specs -mfpu=fpv4-sp-d16 -mfloat-abi=hard -mthumb -o "Middlewares/Third_Party/FreeRTOS/Source/tasks.o"
arm-none-eabi-gcc "../Middlewares/Third_Party/FreeRTOS/Source/timers.c" -mcpu=cortex-m4 -std=gnu11 -g3 -DDEBUG -DUSE_HAL_DRIVER -DSTM32F411xE -c -I../Core/Inc -I../micro_ros_stm32cubemx_utils/microros_static_library_ide/libmicroros/include -I../Drivers/STM32F4xx_HAL_Driver/Inc -I../Drivers/STM32F4xx_HAL_Driver/Inc/Legacy -I../Drivers/CMSIS/Device/ST/STM32F4xx/Include -I../Drivers/CMSIS/Include -I../Middlewares/Third_Party/FreeRTOS/Source/include -I../Middlewares/Third_Party/FreeRTOS/Source/CMSIS_RTOS_V2 -I../Middlewares/Third_Party/FreeRTOS/Source/portable/GCC/ARM_CM4F -O0 -ffunction-sections -fdata-sections -Wall -fstack-usage -fcyclomatic-complexity -MMD -MP -MF"Middlewares/Third_Party/FreeRTOS/Source/timers.d" -MT"Middlewares/Third_Party/FreeRTOS/Source/timers.o" --specs=nano.specs -mfpu=fpv4-sp-d16 -mfloat-abi=hard -mthumb -o "Middlewares/Third_Party/FreeRTOS/Source/timers.o"
arm-none-eabi-gcc "../Drivers/STM32F4xx_HAL_Driver/Src/stm32f4xx_hal.c" -mcpu=cortex-m4 -std=gnu11 -g3 -DDEBUG -DUSE_HAL_DRIVER -DSTM32F411xE -c -I../Core/Inc -I../micro_ros_stm32cubemx_utils/microros_static_library_ide/libmicroros/include -I../Drivers/STM32F4xx_HAL_Driver/Inc -I../Drivers/STM32F4xx_HAL_Driver/Inc/Legacy -I../Drivers/CMSIS/Device/ST/STM32F4xx/Include -I../Drivers/CMSIS/Include -I../Middlewares/Third_Party/FreeRTOS/Source/include -I../Middlewares/Third_Party/FreeRTOS/Source/CMSIS_RTOS_V2 -I../Middlewares/Third_Party/FreeRTOS/Source/portable/GCC/ARM_CM4F -O0 -ffunction-sections -fdata-sections -Wall -fstack-usage -fcyclomatic-complexity -MMD -MP -MF"Drivers/STM32F4xx_HAL_Driver/Src/stm32f4xx_hal.d" -MT"Drivers/STM32F4xx_HAL_Driver/Src/stm32f4xx_hal.o" --specs=nano.specs -mfpu=fpv4-sp-d16 -mfloat-abi=hard -mthumb -o "Drivers/STM32F4xx_HAL_Driver/Src/stm32f4xx_hal.o"
arm-none-eabi-gcc "../Drivers/STM32F4xx_HAL_Driver/Src/stm32f4xx_hal_cortex.c" -mcpu=cortex-m4 -std=gnu11 -g3 -DDEBUG -DUSE_HAL_DRIVER -DSTM32F411xE -c -I../Core/Inc -I../micro_ros_stm32cubemx_utils/microros_static_library_ide/libmicroros/include -I../Drivers/STM32F4xx_HAL_Driver/Inc -I../Drivers/STM32F4xx_HAL_Driver/Inc/Legacy -I../Drivers/CMSIS/Device/ST/STM32F4xx/Include -I../Drivers/CMSIS/Include -I../Middlewares/Third_Party/FreeRTOS/Source/include -I../Middlewares/Third_Party/FreeRTOS/Source/CMSIS_RTOS_V2 -I../Middlewares/Third_Party/FreeRTOS/Source/portable/GCC/ARM_CM4F -O0 -ffunction-sections -fdata-sections -Wall -fstack-usage -fcyclomatic-complexity -MMD -MP -MF"Drivers/STM32F4xx_HAL_Driver/Src/stm32f4xx_hal_cortex.d" -MT"Drivers/STM32F4xx_HAL_Driver/Src/stm32f4xx_hal_cortex.o" --specs=nano.specs -mfpu=fpv4-sp-d16 -mfloat-abi=hard -mthumb -o "Drivers/STM32F4xx_HAL_Driver/Src/stm32f4xx_hal_cortex.o"
arm-none-eabi-gcc "../Drivers/STM32F4xx_HAL_Driver/Src/stm32f4xx_hal_dma.c" -mcpu=cortex-m4 -std=gnu11 -g3 -DDEBUG -DUSE_HAL_DRIVER -DSTM32F411xE -c -I../Core/Inc -I../micro_ros_stm32cubemx_utils/microros_static_library_ide/libmicroros/include -I../Drivers/STM32F4xx_HAL_Driver/Inc -I../Drivers/STM32F4xx_HAL_Driver/Inc/Legacy -I../Drivers/CMSIS/Device/ST/STM32F4xx/Include -I../Drivers/CMSIS/Include -I../Middlewares/Third_Party/FreeRTOS/Source/include -I../Middlewares/Third_Party/FreeRTOS/Source/CMSIS_RTOS_V2 -I../Middlewares/Third_Party/FreeRTOS/Source/portable/GCC/ARM_CM4F -O0 -ffunction-sections -fdata-sections -Wall -fstack-usage -fcyclomatic-complexity -MMD -MP -MF"Drivers/STM32F4xx_HAL_Driver/Src/stm32f4xx_hal_dma.d" -MT"Drivers/STM32F4xx_HAL_Driver/Src/stm32f4xx_hal_dma.o" --specs=nano.specs -mfpu=fpv4-sp-d16 -mfloat-abi=hard -mthumb -o "Drivers/STM32F4xx_HAL_Driver/Src/stm32f4xx_hal_dma.o"
arm-none-eabi-gcc "../Drivers/STM32F4xx_HAL_Driver/Src/stm32f4xx_hal_dma_ex.c" -mcpu=cortex-m4 -std=gnu11 -g3 -DDEBUG -DUSE_HAL_DRIVER -DSTM32F411xE -c -I../Core/Inc -I../micro_ros_stm32cubemx_utils/microros_static_library_ide/libmicroros/include -I../Drivers/STM32F4xx_HAL_Driver/Inc -I../Drivers/STM32F4xx_HAL_Driver/Inc/Legacy -I../Drivers/CMSIS/Device/ST/STM32F4xx/Include -I../Drivers/CMSIS/Include -I../Middlewares/Third_Party/FreeRTOS/Source/include -I../Middlewares/Third_Party/FreeRTOS/Source/CMSIS_RTOS_V2 -I../Middlewares/Third_Party/FreeRTOS/Source/portable/GCC/ARM_CM4F -O0 -ffunction-sections -fdata-sections -Wall -fstack-usage -fcyclomatic-complexity -MMD -MP -MF"Drivers/STM32F4xx_HAL_Driver/Src/stm32f4xx_hal_dma_ex.d" -MT"Drivers/STM32F4xx_HAL_Driver/Src/stm32f4xx_hal_dma_ex.o" --specs=nano.specs -mfpu=fpv4-sp-d16 -mfloat-abi=hard -mthumb -o "Drivers/STM32F4xx_HAL_Driver/Src/stm32f4xx_hal_dma_ex.o"
arm-none-eabi-gcc "../Drivers/STM32F4xx_HAL_Driver/Src/stm32f4xx_hal_exti.c" -mcpu=cortex-m4 -std=gnu11 -g3 -DDEBUG -DUSE_HAL_DRIVER -DSTM32F411xE -c -I../Core/Inc -I../micro_ros_stm32cubemx_utils/microros_static_library_ide/libmicroros/include -I../Drivers/STM32F4xx_HAL_Driver/Inc -I../Drivers/STM32F4xx_HAL_Driver/Inc/Legacy -I../Drivers/CMSIS/Device/ST/STM32F4xx/Include -I../Drivers/CMSIS/Include -I../Middlewares/Third_Party/FreeRTOS/Source/include -I../Middlewares/Third_Party/FreeRTOS/Source/CMSIS_RTOS_V2 -I../Middlewares/Third_Party/FreeRTOS/Source/portable/GCC/ARM_CM4F -O0 -ffunction-sections -fdata-sections -Wall -fstack-usage -fcyclomatic-complexity -MMD -MP -MF"Drivers/STM32F4xx_HAL_Driver/Src/stm32f4xx_hal_exti.d" -MT"Drivers/STM32F4xx_HAL_Driver/Src/stm32f4xx_hal_exti.o" --specs=nano.specs -mfpu=fpv4-sp-d16 -mfloat-abi=hard -mthumb -o "Drivers/STM32F4xx_HAL_Driver/Src/stm32f4xx_hal_exti.o"
arm-none-eabi-gcc "../Drivers/STM32F4xx_HAL_Driver/Src/stm32f4xx_hal_flash.c" -mcpu=cortex-m4 -std=gnu11 -g3 -DDEBUG -DUSE_HAL_DRIVER -DSTM32F411xE -c -I../Core/Inc -I../micro_ros_stm32cubemx_utils/microros_static_library_ide/libmicroros/include -I../Drivers/STM32F4xx_HAL_Driver/Inc -I../Drivers/STM32F4xx_HAL_Driver/Inc/Legacy -I../Drivers/CMSIS/Device/ST/STM32F4xx/Include -I../Drivers/CMSIS/Include -I../Middlewares/Third_Party/FreeRTOS/Source/include -I../Middlewares/Third_Party/FreeRTOS/Source/CMSIS_RTOS_V2 -I../Middlewares/Third_Party/FreeRTOS/Source/portable/GCC/ARM_CM4F -O0 -ffunction-sections -fdata-sections -Wall -fstack-usage -fcyclomatic-complexity -MMD -MP -MF"Drivers/STM32F4xx_HAL_Driver/Src/stm32f4xx_hal_flash.d" -MT"Drivers/STM32F4xx_HAL_Driver/Src/stm32f4xx_hal_flash.o" --specs=nano.specs -mfpu=fpv4-sp-d16 -mfloat-abi=hard -mthumb -o "Drivers/STM32F4xx_HAL_Driver/Src/stm32f4xx_hal_flash.o"
arm-none-eabi-gcc "../Drivers/STM32F4xx_HAL_Driver/Src/stm32f4xx_hal_flash_ex.c" -mcpu=cortex-m4 -std=gnu11 -g3 -DDEBUG -DUSE_HAL_DRIVER -DSTM32F411xE -c -I../Core/Inc -I../micro_ros_stm32cubemx_utils/microros_static_library_ide/libmicroros/include -I../Drivers/STM32F4xx_HAL_Driver/Inc -I../Drivers/STM32F4xx_HAL_Driver/Inc/Legacy -I../Drivers/CMSIS/Device/ST/STM32F4xx/Include -I../Drivers/CMSIS/Include -I../Middlewares/Third_Party/FreeRTOS/Source/include -I../Middlewares/Third_Party/FreeRTOS/Source/CMSIS_RTOS_V2 -I../Middlewares/Third_Party/FreeRTOS/Source/portable/GCC/ARM_CM4F -O0 -ffunction-sections -fdata-sections -Wall -fstack-usage -fcyclomatic-complexity -MMD -MP -MF"Drivers/STM32F4xx_HAL_Driver/Src/stm32f4xx_hal_flash_ex.d" -MT"Drivers/STM32F4xx_HAL_Driver/Src/stm32f4xx_hal_flash_ex.o" --specs=nano.specs -mfpu=fpv4-sp-d16 -mfloat-abi=hard -mthumb -o "Drivers/STM32F4xx_HAL_Driver/Src/stm32f4xx_hal_flash_ex.o"
arm-none-eabi-gcc "../Drivers/STM32F4xx_HAL_Driver/Src/stm32f4xx_hal_flash_ramfunc.c" -mcpu=cortex-m4 -std=gnu11 -g3 -DDEBUG -DUSE_HAL_DRIVER -DSTM32F411xE -c -I../Core/Inc -I../micro_ros_stm32cubemx_utils/microros_static_library_ide/libmicroros/include -I../Drivers/STM32F4xx_HAL_Driver/Inc -I../Drivers/STM32F4xx_HAL_Driver/Inc/Legacy -I../Drivers/CMSIS/Device/ST/STM32F4xx/Include -I../Drivers/CMSIS/Include -I../Middlewares/Third_Party/FreeRTOS/Source/include -I../Middlewares/Third_Party/FreeRTOS/Source/CMSIS_RTOS_V2 -I../Middlewares/Third_Party/FreeRTOS/Source/portable/GCC/ARM_CM4F -O0 -ffunction-sections -fdata-sections -Wall -fstack-usage -fcyclomatic-complexity -MMD -MP -MF"Drivers/STM32F4xx_HAL_Driver/Src/stm32f4xx_hal_flash_ramfunc.d" -MT"Drivers/STM32F4xx_HAL_Driver/Src/stm32f4xx_hal_flash_ramfunc.o" --specs=nano.specs -mfpu=fpv4-sp-d16 -mfloat-abi=hard -mthumb -o "Drivers/STM32F4xx_HAL_Driver/Src/stm32f4xx_hal_flash_ramfunc.o"
arm-none-eabi-gcc "../Drivers/STM32F4xx_HAL_Driver/Src/stm32f4xx_hal_gpio.c" -mcpu=cortex-m4 -std=gnu11 -g3 -DDEBUG -DUSE_HAL_DRIVER -DSTM32F411xE -c -I../Core/Inc -I../micro_ros_stm32cubemx_utils/microros_static_library_ide/libmicroros/include -I../Drivers/STM32F4xx_HAL_Driver/Inc -I../Drivers/STM32F4xx_HAL_Driver/Inc/Legacy -I../Drivers/CMSIS/Device/ST/STM32F4xx/Include -I../Drivers/CMSIS/Include -I../Middlewares/Third_Party/FreeRTOS/Source/include -I../Middlewares/Third_Party/FreeRTOS/Source/CMSIS_RTOS_V2 -I../Middlewares/Third_Party/FreeRTOS/Source/portable/GCC/ARM_CM4F -O0 -ffunction-sections -fdata-sections -Wall -fstack-usage -fcyclomatic-complexity -MMD -MP -MF"Drivers/STM32F4xx_HAL_Driver/Src/stm32f4xx_hal_gpio.d" -MT"Drivers/STM32F4xx_HAL_Driver/Src/stm32f4xx_hal_gpio.o" --specs=nano.specs -mfpu=fpv4-sp-d16 -mfloat-abi=hard -mthumb -o "Drivers/STM32F4xx_HAL_Driver/Src/stm32f4xx_hal_gpio.o"
arm-none-eabi-gcc "../Drivers/STM32F4xx_HAL_Driver/Src/stm32f4xx_hal_pwr.c" -mcpu=cortex-m4 -std=gnu11 -g3 -DDEBUG -DUSE_HAL_DRIVER -DSTM32F411xE -c -I../Core/Inc -I../micro_ros_stm32cubemx_utils/microros_static_library_ide/libmicroros/include -I../Drivers/STM32F4xx_HAL_Driver/Inc -I../Drivers/STM32F4xx_HAL_Driver/Inc/Legacy -I../Drivers/CMSIS/Device/ST/STM32F4xx/Include -I../Drivers/CMSIS/Include -I../Middlewares/Third_Party/FreeRTOS/Source/include -I../Middlewares/Third_Party/FreeRTOS/Source/CMSIS_RTOS_V2 -I../Middlewares/Third_Party/FreeRTOS/Source/portable/GCC/ARM_CM4F -O0 -ffunction-sections -fdata-sections -Wall -fstack-usage -fcyclomatic-complexity -MMD -MP -MF"Drivers/STM32F4xx_HAL_Driver/Src/stm32f4xx_hal_pwr.d" -MT"Drivers/STM32F4xx_HAL_Driver/Src/stm32f4xx_hal_pwr.o" --specs=nano.specs -mfpu=fpv4-sp-d16 -mfloat-abi=hard -mthumb -o "Drivers/STM32F4xx_HAL_Driver/Src/stm32f4xx_hal_pwr.o"
arm-none-eabi-gcc "../Drivers/STM32F4xx_HAL_Driver/Src/stm32f4xx_hal_pwr_ex.c" -mcpu=cortex-m4 -std=gnu11 -g3 -DDEBUG -DUSE_HAL_DRIVER -DSTM32F411xE -c -I../Core/Inc -I../micro_ros_stm32cubemx_utils/microros_static_library_ide/libmicroros/include -I../Drivers/STM32F4xx_HAL_Driver/Inc -I../Drivers/STM32F4xx_HAL_Driver/Inc/Legacy -I../Drivers/CMSIS/Device/ST/STM32F4xx/Include -I../Drivers/CMSIS/Include -I../Middlewares/Third_Party/FreeRTOS/Source/include -I../Middlewares/Third_Party/FreeRTOS/Source/CMSIS_RTOS_V2 -I../Middlewares/Third_Party/FreeRTOS/Source/portable/GCC/ARM_CM4F -O0 -ffunction-sections -fdata-sections -Wall -fstack-usage -fcyclomatic-complexity -MMD -MP -MF"Drivers/STM32F4xx_HAL_Driver/Src/stm32f4xx_hal_pwr_ex.d" -MT"Drivers/STM32F4xx_HAL_Driver/Src/stm32f4xx_hal_pwr_ex.o" --specs=nano.specs -mfpu=fpv4-sp-d16 -mfloat-abi=hard -mthumb -o "Drivers/STM32F4xx_HAL_Driver/Src/stm32f4xx_hal_pwr_ex.o"
arm-none-eabi-gcc "../Drivers/STM32F4xx_HAL_Driver/Src/stm32f4xx_hal_rcc.c" -mcpu=cortex-m4 -std=gnu11 -g3 -DDEBUG -DUSE_HAL_DRIVER -DSTM32F411xE -c -I../Core/Inc -I../micro_ros_stm32cubemx_utils/microros_static_library_ide/libmicroros/include -I../Drivers/STM32F4xx_HAL_Driver/Inc -I../Drivers/STM32F4xx_HAL_Driver/Inc/Legacy -I../Drivers/CMSIS/Device/ST/STM32F4xx/Include -I../Drivers/CMSIS/Include -I../Middlewares/Third_Party/FreeRTOS/Source/include -I../Middlewares/Third_Party/FreeRTOS/Source/CMSIS_RTOS_V2 -I../Middlewares/Third_Party/FreeRTOS/Source/portable/GCC/ARM_CM4F -O0 -ffunction-sections -fdata-sections -Wall -fstack-usage -fcyclomatic-complexity -MMD -MP -MF"Drivers/STM32F4xx_HAL_Driver/Src/stm32f4xx_hal_rcc.d" -MT"Drivers/STM32F4xx_HAL_Driver/Src/stm32f4xx_hal_rcc.o" --specs=nano.specs -mfpu=fpv4-sp-d16 -mfloat-abi=hard -mthumb -o "Drivers/STM32F4xx_HAL_Driver/Src/stm32f4xx_hal_rcc.o"
arm-none-eabi-gcc "../Drivers/STM32F4xx_HAL_Driver/Src/stm32f4xx_hal_rcc_ex.c" -mcpu=cortex-m4 -std=gnu11 -g3 -DDEBUG -DUSE_HAL_DRIVER -DSTM32F411xE -c -I../Core/Inc -I../micro_ros_stm32cubemx_utils/microros_static_library_ide/libmicroros/include -I../Drivers/STM32F4xx_HAL_Driver/Inc -I../Drivers/STM32F4xx_HAL_Driver/Inc/Legacy -I../Drivers/CMSIS/Device/ST/STM32F4xx/Include -I../Drivers/CMSIS/Include -I../Middlewares/Third_Party/FreeRTOS/Source/include -I../Middlewares/Third_Party/FreeRTOS/Source/CMSIS_RTOS_V2 -I../Middlewares/Third_Party/FreeRTOS/Source/portable/GCC/ARM_CM4F -O0 -ffunction-sections -fdata-sections -Wall -fstack-usage -fcyclomatic-complexity -MMD -MP -MF"Drivers/STM32F4xx_HAL_Driver/Src/stm32f4xx_hal_rcc_ex.d" -MT"Drivers/STM32F4xx_HAL_Driver/Src/stm32f4xx_hal_rcc_ex.o" --specs=nano.specs -mfpu=fpv4-sp-d16 -mfloat-abi=hard -mthumb -o "Drivers/STM32F4xx_HAL_Driver/Src/stm32f4xx_hal_rcc_ex.o"
arm-none-eabi-gcc "../Drivers/STM32F4xx_HAL_Driver/Src/stm32f4xx_hal_tim.c" -mcpu=cortex-m4 -std=gnu11 -g3 -DDEBUG -DUSE_HAL_DRIVER -DSTM32F411xE -c -I../Core/Inc -I../micro_ros_stm32cubemx_utils/microros_static_library_ide/libmicroros/include -I../Drivers/STM32F4xx_HAL_Driver/Inc -I../Drivers/STM32F4xx_HAL_Driver/Inc/Legacy -I../Drivers/CMSIS/Device/ST/STM32F4xx/Include -I../Drivers/CMSIS/Include -I../Middlewares/Third_Party/FreeRTOS/Source/include -I../Middlewares/Third_Party/FreeRTOS/Source/CMSIS_RTOS_V2 -I../Middlewares/Third_Party/FreeRTOS/Source/portable/GCC/ARM_CM4F -O0 -ffunction-sections -fdata-sections -Wall -fstack-usage -fcyclomatic-complexity -MMD -MP -MF"Drivers/STM32F4xx_HAL_Driver/Src/stm32f4xx_hal_tim.d" -MT"Drivers/STM32F4xx_HAL_Driver/Src/stm32f4xx_hal_tim.o" --specs=nano.specs -mfpu=fpv4-sp-d16 -mfloat-abi=hard -mthumb -o "Drivers/STM32F4xx_HAL_Driver/Src/stm32f4xx_hal_tim.o"
arm-none-eabi-gcc "../Drivers/STM32F4xx_HAL_Driver/Src/stm32f4xx_hal_tim_ex.c" -mcpu=cortex-m4 -std=gnu11 -g3 -DDEBUG -DUSE_HAL_DRIVER -DSTM32F411xE -c -I../Core/Inc -I../micro_ros_stm32cubemx_utils/microros_static_library_ide/libmicroros/include -I../Drivers/STM32F4xx_HAL_Driver/Inc -I../Drivers/STM32F4xx_HAL_Driver/Inc/Legacy -I../Drivers/CMSIS/Device/ST/STM32F4xx/Include -I../Drivers/CMSIS/Include -I../Middlewares/Third_Party/FreeRTOS/Source/include -I../Middlewares/Third_Party/FreeRTOS/Source/CMSIS_RTOS_V2 -I../Middlewares/Third_Party/FreeRTOS/Source/portable/GCC/ARM_CM4F -O0 -ffunction-sections -fdata-sections -Wall -fstack-usage -fcyclomatic-complexity -MMD -MP -MF"Drivers/STM32F4xx_HAL_Driver/Src/stm32f4xx_hal_tim_ex.d" -MT"Drivers/STM32F4xx_HAL_Driver/Src/stm32f4xx_hal_tim_ex.o" --specs=nano.specs -mfpu=fpv4-sp-d16 -mfloat-abi=hard -mthumb -o "Drivers/STM32F4xx_HAL_Driver/Src/stm32f4xx_hal_tim_ex.o"
arm-none-eabi-gcc "../Drivers/STM32F4xx_HAL_Driver/Src/stm32f4xx_hal_uart.c" -mcpu=cortex-m4 -std=gnu11 -g3 -DDEBUG -DUSE_HAL_DRIVER -DSTM32F411xE -c -I../Core/Inc -I../micro_ros_stm32cubemx_utils/microros_static_library_ide/libmicroros/include -I../Drivers/STM32F4xx_HAL_Driver/Inc -I../Drivers/STM32F4xx_HAL_Driver/Inc/Legacy -I../Drivers/CMSIS/Device/ST/STM32F4xx/Include -I../Drivers/CMSIS/Include -I../Middlewares/Third_Party/FreeRTOS/Source/include -I../Middlewares/Third_Party/FreeRTOS/Source/CMSIS_RTOS_V2 -I../Middlewares/Third_Party/FreeRTOS/Source/portable/GCC/ARM_CM4F -O0 -ffunction-sections -fdata-sections -Wall -fstack-usage -fcyclomatic-complexity -MMD -MP -MF"Drivers/STM32F4xx_HAL_Driver/Src/stm32f4xx_hal_uart.d" -MT"Drivers/STM32F4xx_HAL_Driver/Src/stm32f4xx_hal_uart.o" --specs=nano.specs -mfpu=fpv4-sp-d16 -mfloat-abi=hard -mthumb -o "Drivers/STM32F4xx_HAL_Driver/Src/stm32f4xx_hal_uart.o"
arm-none-eabi-gcc "../Core/Src/microros_transports/dma_transport.c" -mcpu=cortex-m4 -std=gnu11 -g3 -DDEBUG -DUSE_HAL_DRIVER -DSTM32F411xE -c -I../Core/Inc -I../micro_ros_stm32cubemx_utils/microros_static_library_ide/libmicroros/include -I../Drivers/STM32F4xx_HAL_Driver/Inc -I../Drivers/STM32F4xx_HAL_Driver/Inc/Legacy -I../Drivers/CMSIS/Device/ST/STM32F4xx/Include -I../Drivers/CMSIS/Include -I../Middlewares/Third_Party/FreeRTOS/Source/include -I../Middlewares/Third_Party/FreeRTOS/Source/CMSIS_RTOS_V2 -I../Middlewares/Third_Party/FreeRTOS/Source/portable/GCC/ARM_CM4F -O0 -ffunction-sections -fdata-sections -Wall -fstack-usage -fcyclomatic-complexity -MMD -MP -MF"Core/Src/microros_transports/dma_transport.d" -MT"Core/Src/microros_transports/dma_transport.o" --specs=nano.specs -mfpu=fpv4-sp-d16 -mfloat-abi=hard -mthumb -o "Core/Src/microros_transports/dma_transport.o"
arm-none-eabi-gcc "../Core/Src/custom_memory_manager.c" -mcpu=cortex-m4 -std=gnu11 -g3 -DDEBUG -DUSE_HAL_DRIVER -DSTM32F411xE -c -I../Core/Inc -I../micro_ros_stm32cubemx_utils/microros_static_library_ide/libmicroros/include -I../Drivers/STM32F4xx_HAL_Driver/Inc -I../Drivers/STM32F4xx_HAL_Driver/Inc/Legacy -I../Drivers/CMSIS/Device/ST/STM32F4xx/Include -I../Drivers/CMSIS/Include -I../Middlewares/Third_Party/FreeRTOS/Source/include -I../Middlewares/Third_Party/FreeRTOS/Source/CMSIS_RTOS_V2 -I../Middlewares/Third_Party/FreeRTOS/Source/portable/GCC/ARM_CM4F -O0 -ffunction-sections -fdata-sections -Wall -fstack-usage -fcyclomatic-complexity -MMD -MP -MF"Core/Src/custom_memory_manager.d" -MT"Core/Src/custom_memory_manager.o" --specs=nano.specs -mfpu=fpv4-sp-d16 -mfloat-abi=hard -mthumb -o "Core/Src/custom_memory_manager.o"
arm-none-eabi-gcc "../Core/Src/freertos.c" -mcpu=cortex-m4 -std=gnu11 -g3 -DDEBUG -DUSE_HAL_DRIVER -DSTM32F411xE -c -I../Core/Inc -I../micro_ros_stm32cubemx_utils/microros_static_library_ide/libmicroros/include -I../Drivers/STM32F4xx_HAL_Driver/Inc -I../Drivers/STM32F4xx_HAL_Driver/Inc/Legacy -I../Drivers/CMSIS/Device/ST/STM32F4xx/Include -I../Drivers/CMSIS/Include -I../Middlewares/Third_Party/FreeRTOS/Source/include -I../Middlewares/Third_Party/FreeRTOS/Source/CMSIS_RTOS_V2 -I../Middlewares/Third_Party/FreeRTOS/Source/portable/GCC/ARM_CM4F -O0 -ffunction-sections -fdata-sections -Wall -fstack-usage -fcyclomatic-complexity -MMD -MP -MF"Core/Src/freertos.d" -MT"Core/Src/freertos.o" --specs=nano.specs -mfpu=fpv4-sp-d16 -mfloat-abi=hard -mthumb -o "Core/Src/freertos.o"
arm-none-eabi-gcc "../Core/Src/main.c" -mcpu=cortex-m4 -std=gnu11 -g3 -DDEBUG -DUSE_HAL_DRIVER -DSTM32F411xE -c -I../Core/Inc -I../micro_ros_stm32cubemx_utils/microros_static_library_ide/libmicroros/include -I../Drivers/STM32F4xx_HAL_Driver/Inc -I../Drivers/STM32F4xx_HAL_Driver/Inc/Legacy -I../Drivers/CMSIS/Device/ST/STM32F4xx/Include -I../Drivers/CMSIS/Include -I../Middlewares/Third_Party/FreeRTOS/Source/include -I../Middlewares/Third_Party/FreeRTOS/Source/CMSIS_RTOS_V2 -I../Middlewares/Third_Party/FreeRTOS/Source/portable/GCC/ARM_CM4F -O0 -ffunction-sections -fdata-sections -Wall -fstack-usage -fcyclomatic-complexity -MMD -MP -MF"Core/Src/main.d" -MT"Core/Src/main.o" --specs=nano.specs -mfpu=fpv4-sp-d16 -mfloat-abi=hard -mthumb -o "Core/Src/main.o"
arm-none-eabi-gcc "../Core/Src/microros_allocators.c" -mcpu=cortex-m4 -std=gnu11 -g3 -DDEBUG -DUSE_HAL_DRIVER -DSTM32F411xE -c -I../Core/Inc -I../micro_ros_stm32cubemx_utils/microros_static_library_ide/libmicroros/include -I../Drivers/STM32F4xx_HAL_Driver/Inc -I../Drivers/STM32F4xx_HAL_Driver/Inc/Legacy -I../Drivers/CMSIS/Device/ST/STM32F4xx/Include -I../Drivers/CMSIS/Include -I../Middlewares/Third_Party/FreeRTOS/Source/include -I../Middlewares/Third_Party/FreeRTOS/Source/CMSIS_RTOS_V2 -I../Middlewares/Third_Party/FreeRTOS/Source/portable/GCC/ARM_CM4F -O0 -ffunction-sections -fdata-sections -Wall -fstack-usage -fcyclomatic-complexity -MMD -MP -MF"Core/Src/microros_allocators.d" -MT"Core/Src/microros_allocators.o" --specs=nano.specs -mfpu=fpv4-sp-d16 -mfloat-abi=hard -mthumb -o "Core/Src/microros_allocators.o"
arm-none-eabi-gcc "../Core/Src/microros_time.c" -mcpu=cortex-m4 -std=gnu11 -g3 -DDEBUG -DUSE_HAL_DRIVER -DSTM32F411xE -c -I../Core/Inc -I../micro_ros_stm32cubemx_utils/microros_static_library_ide/libmicroros/include -I../Drivers/STM32F4xx_HAL_Driver/Inc -I../Drivers/STM32F4xx_HAL_Driver/Inc/Legacy -I../Drivers/CMSIS/Device/ST/STM32F4xx/Include -I../Drivers/CMSIS/Include -I../Middlewares/Third_Party/FreeRTOS/Source/include -I../Middlewares/Third_Party/FreeRTOS/Source/CMSIS_RTOS_V2 -I../Middlewares/Third_Party/FreeRTOS/Source/portable/GCC/ARM_CM4F -O0 -ffunction-sections -fdata-sections -Wall -fstack-usage -fcyclomatic-complexity -MMD -MP -MF"Core/Src/microros_time.d" -MT"Core/Src/microros_time.o" --specs=nano.specs -mfpu=fpv4-sp-d16 -mfloat-abi=hard -mthumb -o "Core/Src/microros_time.o"
arm-none-eabi-gcc "../Core/Src/stm32f4xx_hal_msp.c" -mcpu=cortex-m4 -std=gnu11 -g3 -DDEBUG -DUSE_HAL_DRIVER -DSTM32F411xE -c -I../Core/Inc -I../micro_ros_stm32cubemx_utils/microros_static_library_ide/libmicroros/include -I../Drivers/STM32F4xx_HAL_Driver/Inc -I../Drivers/STM32F4xx_HAL_Driver/Inc/Legacy -I../Drivers/CMSIS/Device/ST/STM32F4xx/Include -I../Drivers/CMSIS/Include -I../Middlewares/Third_Party/FreeRTOS/Source/include -I../Middlewares/Third_Party/FreeRTOS/Source/CMSIS_RTOS_V2 -I../Middlewares/Third_Party/FreeRTOS/Source/portable/GCC/ARM_CM4F -O0 -ffunction-sections -fdata-sections -Wall -fstack-usage -fcyclomatic-complexity -MMD -MP -MF"Core/Src/stm32f4xx_hal_msp.d" -MT"Core/Src/stm32f4xx_hal_msp.o" --specs=nano.specs -mfpu=fpv4-sp-d16 -mfloat-abi=hard -mthumb -o "Core/Src/stm32f4xx_hal_msp.o"
arm-none-eabi-gcc "../Core/Src/stm32f4xx_it.c" -mcpu=cortex-m4 -std=gnu11 -g3 -DDEBUG -DUSE_HAL_DRIVER -DSTM32F411xE -c -I../Core/Inc -I../micro_ros_stm32cubemx_utils/microros_static_library_ide/libmicroros/include -I../Drivers/STM32F4xx_HAL_Driver/Inc -I../Drivers/STM32F4xx_HAL_Driver/Inc/Legacy -I../Drivers/CMSIS/Device/ST/STM32F4xx/Include -I../Drivers/CMSIS/Include -I../Middlewares/Third_Party/FreeRTOS/Source/include -I../Middlewares/Third_Party/FreeRTOS/Source/CMSIS_RTOS_V2 -I../Middlewares/Third_Party/FreeRTOS/Source/portable/GCC/ARM_CM4F -O0 -ffunction-sections -fdata-sections -Wall -fstack-usage -fcyclomatic-complexity -MMD -MP -MF"Core/Src/stm32f4xx_it.d" -MT"Core/Src/stm32f4xx_it.o" --specs=nano.specs -mfpu=fpv4-sp-d16 -mfloat-abi=hard -mthumb -o "Core/Src/stm32f4xx_it.o"
arm-none-eabi-gcc "../Core/Src/system_stm32f4xx.c" -mcpu=cortex-m4 -std=gnu11 -g3 -DDEBUG -DUSE_HAL_DRIVER -DSTM32F411xE -c -I../Core/Inc -I../micro_ros_stm32cubemx_utils/microros_static_library_ide/libmicroros/include -I../Drivers/STM32F4xx_HAL_Driver/Inc -I../Drivers/STM32F4xx_HAL_Driver/Inc/Legacy -I../Drivers/CMSIS/Device/ST/STM32F4xx/Include -I../Drivers/CMSIS/Include -I../Middlewares/Third_Party/FreeRTOS/Source/include -I../Middlewares/Third_Party/FreeRTOS/Source/CMSIS_RTOS_V2 -I../Middlewares/Third_Party/FreeRTOS/Source/portable/GCC/ARM_CM4F -O0 -ffunction-sections -fdata-sections -Wall -fstack-usage -fcyclomatic-complexity -MMD -MP -MF"Core/Src/system_stm32f4xx.d" -MT"Core/Src/system_stm32f4xx.o" --specs=nano.specs -mfpu=fpv4-sp-d16 -mfloat-abi=hard -mthumb -o "Core/Src/system_stm32f4xx.o"
../Core/Src/main.c:103:29: warning: type defaults to 'int' in declaration of 'msgin' [-Wimplicit-int]
  103 | void cmd_vel_callback(const*msgin)
      |                             ^~~~~
../Core/Src/main.c:117:36: warning: type defaults to 'int' in declaration of 'msgin' [-Wimplicit-int]
  117 | void cmd_vel_status_callback(const*msgin)
      |                                    ^~~~~
../Core/Src/main.c: In function 'cmd_vel_status_callback':
../Core/Src/main.c:122:17: error: 'rclc_' undeclared (first use in this function)
  122 |                 rclc_
      |                 ^~~~~
../Core/Src/main.c:122:17: note: each undeclared identifier is reported only once for each function it appears in
../Core/Src/main.c:122:22: error: expected ';' before '}' token
  122 |                 rclc_
      |                      ^
      |                      ;
  123 |         }else{
      |         ~             
../Core/Src/main.c:124:24: warning: passing argument 1 of 'printf' from incompatible pointer type [-Wincompatible-pointer-types]
  124 |                 printf(msg);
      |                        ^~~
      |                        |
      |                        geometry_msgs__msg__Twist *
In file included from ../micro_ros_stm32cubemx_utils/microros_static_library_ide/libmicroros/include/rcutils/logging.h:22,
                 from ../micro_ros_stm32cubemx_utils/microros_static_library_ide/libmicroros/include/rmw/types.h:28,
                 from ../micro_ros_stm32cubemx_utils/microros_static_library_ide/libmicroros/include/rcl/types.h:20,
                 from ../micro_ros_stm32cubemx_utils/microros_static_library_ide/libmicroros/include/rcl/init_options.h:29,
                 from ../micro_ros_stm32cubemx_utils/microros_static_library_ide/libmicroros/include/rcl/context.h:31,
                 from ../micro_ros_stm32cubemx_utils/microros_static_library_ide/libmicroros/include/rcl/init.h:26,
                 from ../micro_ros_stm32cubemx_utils/microros_static_library_ide/libmicroros/include/rcl/rcl.h:76,
                 from ../Core/Src/main.c:25:
/opt/st/stm32cubeide_1.14.0/plugins/com.st.stm32cube.ide.mcu.externaltools.gnu-tools-for-stm32.11.3.rel1.linux64_1.1.100.202309141235/tools/arm-none-eabi/include/stdio.h:210:17: note: expected 'const char * restrict' but argument is of type 'geometry_msgs__msg__Twist *'
  210 | int     printf (const char *__restrict, ...)
      |                 ^
../Core/Src/main.c: In function 'StartDefaultTask':
../Core/Src/main.c:485:27: warning: passing argument 1 of 'rclc_publisher_init_default' from incompatible pointer type [-Wincompatible-pointer-types]
  485 |                           &subscriber_cmd_vel_status,
      |                           ^~~~~~~~~~~~~~~~~~~~~~~~~~
      |                           |
      |                           rcl_subscription_t * {aka struct rcl_subscription_s *}
In file included from ../micro_ros_stm32cubemx_utils/microros_static_library_ide/libmicroros/include/rclc/rclc.h:30,
                 from ../Core/Src/main.c:27:
../micro_ros_stm32cubemx_utils/microros_static_library_ide/libmicroros/include/rclc/publisher.h:52:21: note: expected 'rcl_publisher_t *' {aka 'struct rcl_publisher_s *'} but argument is of type 'rcl_subscription_t *' {aka 'struct rcl_subscription_s *'}
   52 |   rcl_publisher_t * publisher,
      |   ~~~~~~~~~~~~~~~~~~^~~~~~~~~
../Core/Src/main.c:506:88: warning: passing argument 4 of 'rclc_executor_add_subscription' from incompatible pointer type [-Wincompatible-pointer-types]
  506 |           rclc_executor_add_subscription(&executor, &subscriber_cmd_vel, &cmd_vel_msg, &cmd_vel_callback, ON_NEW_DATA);
      |                                                                                        ^~~~~~~~~~~~~~~~~
      |                                                                                        |
      |                                                                                        void (*)(const int *)
In file included from ../Core/Src/main.c:28:
../micro_ros_stm32cubemx_utils/microros_static_library_ide/libmicroros/include/rclc/executor.h:247:32: note: expected 'rclc_subscription_callback_t' {aka 'void (*)(const void *)'} but argument is of type 'void (*)(const int *)'
  247 |   rclc_subscription_callback_t callback,
      |   ~~~~~~~~~~~~~~~~~~~~~~~~~~~~~^~~~~~~~
../Core/Src/main.c:522:32: warning: passing argument 1 of 'rcl_publisher_fini' from incompatible pointer type [-Wincompatible-pointer-types]
  522 |             rcl_publisher_fini(&subscriber_cmd_vel_status, &node);
      |                                ^~~~~~~~~~~~~~~~~~~~~~~~~~
      |                                |
      |                                rcl_subscription_t * {aka struct rcl_subscription_s *}
In file included from ../micro_ros_stm32cubemx_utils/microros_static_library_ide/libmicroros/include/rcl/rcl.h:78,
                 from ../Core/Src/main.c:25:
../micro_ros_stm32cubemx_utils/microros_static_library_ide/libmicroros/include/rcl/publisher.h:188:38: note: expected 'rcl_publisher_t *' {aka 'struct rcl_publisher_s *'} but argument is of type 'rcl_subscription_t *' {aka 'struct rcl_subscription_s *'}
  188 | rcl_publisher_fini(rcl_publisher_t * publisher, rcl_node_t * node);
      |                    ~~~~~~~~~~~~~~~~~~^~~~~~~~~
../Core/Src/main.c:524:32: warning: passing argument 1 of 'rcl_publisher_fini' from incompatible pointer type [-Wincompatible-pointer-types]
  524 |             rcl_publisher_fini(&subscriber_cmd_vel_status, &node);
      |                                ^~~~~~~~~~~~~~~~~~~~~~~~~~
      |                                |
      |                                rcl_subscription_t * {aka struct rcl_subscription_s *}
In file included from ../micro_ros_stm32cubemx_utils/microros_static_library_ide/libmicroros/include/rcl/rcl.h:78,
                 from ../Core/Src/main.c:25:
../micro_ros_stm32cubemx_utils/microros_static_library_ide/libmicroros/include/rcl/publisher.h:188:38: note: expected 'rcl_publisher_t *' {aka 'struct rcl_publisher_s *'} but argument is of type 'rcl_subscription_t *' {aka 'struct rcl_subscription_s *'}
  188 | rcl_publisher_fini(rcl_publisher_t * publisher, rcl_node_t * node);
      |                    ~~~~~~~~~~~~~~~~~~^~~~~~~~~
../Core/Src/main.c:462:37: warning: unused variable 'cmd_vel_status_msg' [-Wunused-variable]
  462 |           geometry_msgs__msg__Twist cmd_vel_status_msg;
      |                                     ^~~~~~~~~~~~~~~~~~
../Core/Src/main.c:460:33: warning: unused variable 'sub_str_msg' [-Wunused-variable]
  460 |           std_msgs__msg__String sub_str_msg;
      |                                 ^~~~~~~~~~~
../Core/Src/main.c:522:13: warning: ignoring return value of 'rcl_publisher_fini' declared with attribute 'warn_unused_result' [-Wunused-result]
  522 |             rcl_publisher_fini(&subscriber_cmd_vel_status, &node);
      |             ^~~~~~~~~~~~~~~~~~~~~~~~~~~~~~~~~~~~~~~~~~~~~~~~~~~~~
../Core/Src/main.c:523:13: warning: ignoring return value of 'rcl_subscription_fini' declared with attribute 'warn_unused_result' [-Wunused-result]
  523 |             rcl_subscription_fini(&subscriber_cmd_vel, &node);
      |             ^~~~~~~~~~~~~~~~~~~~~~~~~~~~~~~~~~~~~~~~~~~~~~~~~
../Core/Src/main.c:524:13: warning: ignoring return value of 'rcl_publisher_fini' declared with attribute 'warn_unused_result' [-Wunused-result]
  524 |             rcl_publisher_fini(&subscriber_cmd_vel_status, &node);
      |             ^~~~~~~~~~~~~~~~~~~~~~~~~~~~~~~~~~~~~~~~~~~~~~~~~~~~~
../Core/Src/main.c:525:13: warning: ignoring return value of 'rcl_node_fini' declared with attribute 'warn_unused_result' [-Wunused-result]
  525 |             rcl_node_fini(&node);
      |             ^~~~~~~~~~~~~~~~~~~~
make[1]: *** [Core/Src/subdir.mk:46: Core/Src/main.o] Error 1
make[1]: *** Waiting for unfinished jobs....
make: *** [makefile:63: all] Error 2
"make -j16 all" terminated with exit code 2. Build might be incomplete.
13:32:09 **** Incremental Build of configuration Debug for project microros ****
make -j16 all 
docker pull microros/micro_ros_static_library_builder:humble && docker run --rm -v /home/abhay/STM32CubeIDE/microROS_ws/microros:/project --env MICROROS_LIBRARY_FOLDER=micro_ros_stm32cubemx_utils/microros_static_library_ide microros/micro_ros_static_library_builder:humble
humble: Pulling from microros/micro_ros_static_library_builder
Digest: sha256:8df17bda10fac82ff893bc51d80cf7383ceacf4d9ba550ee8bdcd89a016413ef
Status: Image is up to date for microros/micro_ros_static_library_builder:humble
docker.io/microros/micro_ros_static_library_builder:humble
dos2unix: converting file /project/micro_ros_stm32cubemx_utils/microros_static_library_ide/library_generation/library_generation.sh to Unix format...
micro-ROS library found. Skipping...
Delete micro_ros_stm32cubemx_utils/microros_static_library_ide/libmicroros/ for rebuild.
 
arm-none-eabi-gcc "../Core/Src/main.c" -mcpu=cortex-m4 -std=gnu11 -g3 -DDEBUG -DUSE_HAL_DRIVER -DSTM32F411xE -c -I../Core/Inc -I../micro_ros_stm32cubemx_utils/microros_static_library_ide/libmicroros/include -I../Drivers/STM32F4xx_HAL_Driver/Inc -I../Drivers/STM32F4xx_HAL_Driver/Inc/Legacy -I../Drivers/CMSIS/Device/ST/STM32F4xx/Include -I../Drivers/CMSIS/Include -I../Middlewares/Third_Party/FreeRTOS/Source/include -I../Middlewares/Third_Party/FreeRTOS/Source/CMSIS_RTOS_V2 -I../Middlewares/Third_Party/FreeRTOS/Source/portable/GCC/ARM_CM4F -O0 -ffunction-sections -fdata-sections -Wall -fstack-usage -fcyclomatic-complexity -MMD -MP -MF"Core/Src/main.d" -MT"Core/Src/main.o" --specs=nano.specs -mfpu=fpv4-sp-d16 -mfloat-abi=hard -mthumb -o "Core/Src/main.o"
../Core/Src/main.c: In function 'StartDefaultTask':
../Core/Src/main.c:473:27: warning: passing argument 1 of 'rclc_publisher_init_default' from incompatible pointer type [-Wincompatible-pointer-types]
  473 |                           &subscriber_cmd_vel_status,
      |                           ^~~~~~~~~~~~~~~~~~~~~~~~~~
      |                           |
      |                           rcl_subscription_t * {aka struct rcl_subscription_s *}
In file included from ../micro_ros_stm32cubemx_utils/microros_static_library_ide/libmicroros/include/rclc/rclc.h:30,
                 from ../Core/Src/main.c:27:
../micro_ros_stm32cubemx_utils/microros_static_library_ide/libmicroros/include/rclc/publisher.h:52:21: note: expected 'rcl_publisher_t *' {aka 'struct rcl_publisher_s *'} but argument is of type 'rcl_subscription_t *' {aka 'struct rcl_subscription_s *'}
   52 |   rcl_publisher_t * publisher,
      |   ~~~~~~~~~~~~~~~~~~^~~~~~~~~
../Core/Src/main.c:510:32: warning: passing argument 1 of 'rcl_publisher_fini' from incompatible pointer type [-Wincompatible-pointer-types]
  510 |             rcl_publisher_fini(&subscriber_cmd_vel_status, &node);
      |                                ^~~~~~~~~~~~~~~~~~~~~~~~~~
      |                                |
      |                                rcl_subscription_t * {aka struct rcl_subscription_s *}
In file included from ../micro_ros_stm32cubemx_utils/microros_static_library_ide/libmicroros/include/rcl/rcl.h:78,
                 from ../Core/Src/main.c:25:
../micro_ros_stm32cubemx_utils/microros_static_library_ide/libmicroros/include/rcl/publisher.h:188:38: note: expected 'rcl_publisher_t *' {aka 'struct rcl_publisher_s *'} but argument is of type 'rcl_subscription_t *' {aka 'struct rcl_subscription_s *'}
  188 | rcl_publisher_fini(rcl_publisher_t * publisher, rcl_node_t * node);
      |                    ~~~~~~~~~~~~~~~~~~^~~~~~~~~
../Core/Src/main.c:512:32: warning: passing argument 1 of 'rcl_publisher_fini' from incompatible pointer type [-Wincompatible-pointer-types]
  512 |             rcl_publisher_fini(&subscriber_cmd_vel_status, &node);
      |                                ^~~~~~~~~~~~~~~~~~~~~~~~~~
      |                                |
      |                                rcl_subscription_t * {aka struct rcl_subscription_s *}
In file included from ../micro_ros_stm32cubemx_utils/microros_static_library_ide/libmicroros/include/rcl/rcl.h:78,
                 from ../Core/Src/main.c:25:
../micro_ros_stm32cubemx_utils/microros_static_library_ide/libmicroros/include/rcl/publisher.h:188:38: note: expected 'rcl_publisher_t *' {aka 'struct rcl_publisher_s *'} but argument is of type 'rcl_subscription_t *' {aka 'struct rcl_subscription_s *'}
  188 | rcl_publisher_fini(rcl_publisher_t * publisher, rcl_node_t * node);
      |                    ~~~~~~~~~~~~~~~~~~^~~~~~~~~
../Core/Src/main.c:450:37: warning: unused variable 'cmd_vel_status_msg' [-Wunused-variable]
  450 |           geometry_msgs__msg__Twist cmd_vel_status_msg;
      |                                     ^~~~~~~~~~~~~~~~~~
../Core/Src/main.c:448:33: warning: unused variable 'sub_str_msg' [-Wunused-variable]
  448 |           std_msgs__msg__String sub_str_msg;
      |                                 ^~~~~~~~~~~
../Core/Src/main.c:510:13: warning: ignoring return value of 'rcl_publisher_fini' declared with attribute 'warn_unused_result' [-Wunused-result]
  510 |             rcl_publisher_fini(&subscriber_cmd_vel_status, &node);
      |             ^~~~~~~~~~~~~~~~~~~~~~~~~~~~~~~~~~~~~~~~~~~~~~~~~~~~~
../Core/Src/main.c:511:13: warning: ignoring return value of 'rcl_subscription_fini' declared with attribute 'warn_unused_result' [-Wunused-result]
  511 |             rcl_subscription_fini(&subscriber_cmd_vel, &node);
      |             ^~~~~~~~~~~~~~~~~~~~~~~~~~~~~~~~~~~~~~~~~~~~~~~~~
../Core/Src/main.c:512:13: warning: ignoring return value of 'rcl_publisher_fini' declared with attribute 'warn_unused_result' [-Wunused-result]
  512 |             rcl_publisher_fini(&subscriber_cmd_vel_status, &node);
      |             ^~~~~~~~~~~~~~~~~~~~~~~~~~~~~~~~~~~~~~~~~~~~~~~~~~~~~
../Core/Src/main.c:513:13: warning: ignoring return value of 'rcl_node_fini' declared with attribute 'warn_unused_result' [-Wunused-result]
  513 |             rcl_node_fini(&node);
      |             ^~~~~~~~~~~~~~~~~~~~
arm-none-eabi-gcc -o "microros.elf" @"objects.list"  -lmicroros -mcpu=cortex-m4 -T"/home/abhay/STM32CubeIDE/microROS_ws/microros/STM32F411VETX_FLASH.ld" --specs=nosys.specs -Wl,-Map="microros.map" -Wl,--gc-sections -static -L../micro_ros_stm32cubemx_utils/microros_static_library_ide/libmicroros --specs=nano.specs -mfpu=fpv4-sp-d16 -mfloat-abi=hard -mthumb -Wl,--start-group -lc -lm -Wl,--end-group
/opt/st/stm32cubeide_1.14.0/plugins/com.st.stm32cube.ide.mcu.externaltools.gnu-tools-for-stm32.11.3.rel1.linux64_1.1.100.202309141235/tools/bin/../lib/gcc/arm-none-eabi/11.3.1/../../../../arm-none-eabi/bin/ld: /opt/st/stm32cubeide_1.14.0/plugins/com.st.stm32cube.ide.mcu.externaltools.gnu-tools-for-stm32.11.3.rel1.linux64_1.1.100.202309141235/tools/bin/../lib/gcc/arm-none-eabi/11.3.1/../../../../arm-none-eabi/lib/thumb/v7e-m+fp/hard/libc_nano.a(libc_a-gettimeofdayr.o): in function `_gettimeofday_r':
(.text._gettimeofday_r+0xe): warning: _gettimeofday is not implemented and will always fail
Finished building target: microros.elf
 
arm-none-eabi-size  microros.elf 
[...]
../Core/Src/main.c: In function 'StartDefaultTask':
../Core/Src/main.c:569:33: error: 'subscriber_cmd_vel_status' undeclared (first use in this function); did you mean 'subscriber_cmd_vel'?
  569 |             rcl_publisher_fini(&subscriber_cmd_vel_status, &node);
      |                                 ^~~~~~~~~~~~~~~~~~~~~~~~~
      |                                 subscriber_cmd_vel
../Core/Src/main.c:569:33: note: each undeclared identifier is reported only once for each function it appears in
../Core/Src/main.c:568:13: warning: ignoring return value of 'rcl_subscription_fini' declared with attribute 'warn_unused_result' [-Wunused-result]
  568 |             rcl_subscription_fini(&subscriber_cmd_vel, &node);
      |             ^~~~~~~~~~~~~~~~~~~~~~~~~~~~~~~~~~~~~~~~~~~~~~~~~
../Core/Src/main.c:570:13: warning: ignoring return value of 'rcl_node_fini' declared with attribute 'warn_unused_result' [-Wunused-result]
  570 |             rcl_node_fini(&node);
      |             ^~~~~~~~~~~~~~~~~~~~
make[1]: *** [Core/Src/subdir.mk:46: Core/Src/main.o] Error 1
make: *** [makefile:63: all] Error 2
"make -j16 all" terminated with exit code 2. Build might be incomplete.
13:32:44 **** Incremental Build of configuration Debug for project microros ****
make -j16 all 
docker pull microros/micro_ros_static_library_builder:humble && docker run --rm -v /home/abhay/STM32CubeIDE/microROS_ws/microros:/project --env MICROROS_LIBRARY_FOLDER=micro_ros_stm32cubemx_utils/microros_static_library_ide microros/micro_ros_static_library_builder:humble
humble: Pulling from microros/micro_ros_static_library_builder
Digest: sha256:8df17bda10fac82ff893bc51d80cf7383ceacf4d9ba550ee8bdcd89a016413ef
Status: Image is up to date for microros/micro_ros_static_library_builder:humble
docker.io/microros/micro_ros_static_library_builder:humble
dos2unix: converting file /project/micro_ros_stm32cubemx_utils/microros_static_library_ide/library_generation/library_generation.sh to Unix format...
micro-ROS library found. Skipping...
Delete micro_ros_stm32cubemx_utils/microros_static_library_ide/libmicroros/ for rebuild.
 
arm-none-eabi-gcc "../Core/Src/main.c" -mcpu=cortex-m4 -std=gnu11 -g3 -DDEBUG -DUSE_HAL_DRIVER -DSTM32F411xE -c -I../Core/Inc -I../micro_ros_stm32cubemx_utils/microros_static_library_ide/libmicroros/include -I../Drivers/STM32F4xx_HAL_Driver/Inc -I../Drivers/STM32F4xx_HAL_Driver/Inc/Legacy -I../Drivers/CMSIS/Device/ST/STM32F4xx/Include -I../Drivers/CMSIS/Include -I../Middlewares/Third_Party/FreeRTOS/Source/include -I../Middlewares/Third_Party/FreeRTOS/Source/CMSIS_RTOS_V2 -I../Middlewares/Third_Party/FreeRTOS/Source/portable/GCC/ARM_CM4F -O0 -ffunction-sections -fdata-sections -Wall -fstack-usage -fcyclomatic-complexity -MMD -MP -MF"Core/Src/main.d" -MT"Core/Src/main.o" --specs=nano.specs -mfpu=fpv4-sp-d16 -mfloat-abi=hard -mthumb -o "Core/Src/main.o"
../Core/Src/main.c: In function 'StartDefaultTask':
../Core/Src/main.c:568:13: warning: ignoring return value of 'rcl_subscription_fini' declared with attribute 'warn_unused_result' [-Wunused-result]
  568 |             rcl_subscription_fini(&subscriber_cmd_vel, &node);
      |             ^~~~~~~~~~~~~~~~~~~~~~~~~~~~~~~~~~~~~~~~~~~~~~~~~
../Core/Src/main.c:569:13: warning: ignoring return value of 'rcl_node_fini' declared with attribute 'warn_unused_result' [-Wunused-result]
  569 |             rcl_node_fini(&node);
      |             ^~~~~~~~~~~~~~~~~~~~
arm-none-eabi-gcc -o "microros.elf" @"objects.list"  -lmicroros -mcpu=cortex-m4 -T"/home/abhay/STM32CubeIDE/microROS_ws/microros/STM32F411VETX_FLASH.ld" --specs=nosys.specs -Wl,-Map="microros.map" -Wl,--gc-sections -static -L../micro_ros_stm32cubemx_utils/microros_static_library_ide/libmicroros --specs=nano.specs -mfpu=fpv4-sp-d16 -mfloat-abi=hard -mthumb -Wl,--start-group -lc -lm -Wl,--end-group
/opt/st/stm32cubeide_1.14.0/plugins/com.st.stm32cube.ide.mcu.externaltools.gnu-tools-for-stm32.11.3.rel1.linux64_1.1.100.202309141235/tools/bin/../lib/gcc/arm-none-eabi/11.3.1/../../../../arm-none-eabi/bin/ld: /opt/st/stm32cubeide_1.14.0/plugins/com.st.stm32cube.ide.mcu.externaltools.gnu-tools-for-stm32.11.3.rel1.linux64_1.1.100.202309141235/tools/bin/../lib/gcc/arm-none-eabi/11.3.1/../../../../arm-none-eabi/lib/thumb/v7e-m+fp/hard/libc_nano.a(libc_a-gettimeofdayr.o): in function `_gettimeofday_r':
(.text._gettimeofday_r+0xe): warning: _gettimeofday is not implemented and will always fail
Finished building target: microros.elf
 
arm-none-eabi-size  microros.elf 
arm-none-eabi-objdump -h -S microros.elf  > "microros.list"
   text	   data	    bss	    dec	    hex	filename
  93440	    576	  57696	 151712	  250a0	microros.elf
Finished building: default.size.stdout
 
Finished building: microros.list
 
13:35:15 **** Incremental Build of configuration Debug for project microros ****
make -j16 all 
docker pull microros/micro_ros_static_library_builder:humble && docker run --rm -v /home/abhay/STM32CubeIDE/microROS_ws/microros:/project --env MICROROS_LIBRARY_FOLDER=micro_ros_stm32cubemx_utils/microros_static_library_ide microros/micro_ros_static_library_builder:humble
humble: Pulling from microros/micro_ros_static_library_builder
Digest: sha256:8df17bda10fac82ff893bc51d80cf7383ceacf4d9ba550ee8bdcd89a016413ef
Status: Image is up to date for microros/micro_ros_static_library_builder:humble
docker.io/microros/micro_ros_static_library_builder:humble
dos2unix: converting file /project/micro_ros_stm32cubemx_utils/microros_static_library_ide/library_generation/library_generation.sh to Unix format...
micro-ROS library found. Skipping...
Delete micro_ros_stm32cubemx_utils/microros_static_library_ide/libmicroros/ for rebuild.
 
arm-none-eabi-gcc "../Core/Src/main.c" -mcpu=cortex-m4 -std=gnu11 -g3 -DDEBUG -DUSE_HAL_DRIVER -DSTM32F411xE -c -I../Core/Inc -I../micro_ros_stm32cubemx_utils/microros_static_library_ide/libmicroros/include -I../Drivers/STM32F4xx_HAL_Driver/Inc -I../Drivers/STM32F4xx_HAL_Driver/Inc/Legacy -I../Drivers/CMSIS/Device/ST/STM32F4xx/Include -I../Drivers/CMSIS/Include -I../Middlewares/Third_Party/FreeRTOS/Source/include -I../Middlewares/Third_Party/FreeRTOS/Source/CMSIS_RTOS_V2 -I../Middlewares/Third_Party/FreeRTOS/Source/portable/GCC/ARM_CM4F -O0 -ffunction-sections -fdata-sections -Wall -fstack-usage -fcyclomatic-complexity -MMD -MP -MF"Core/Src/main.d" -MT"Core/Src/main.o" --specs=nano.specs -mfpu=fpv4-sp-d16 -mfloat-abi=hard -mthumb -o "Core/Src/main.o"
../Core/Src/main.c: In function 'StartDefaultTask':
../Core/Src/main.c:546:27: warning: passing argument 1 of 'rclc_publisher_init_default' from incompatible pointer type [-Wincompatible-pointer-types]
  546 |                           &subscriber_cmd_vel_status,
      |                           ^~~~~~~~~~~~~~~~~~~~~~~~~~
      |                           |
      |                           rcl_subscription_t * {aka struct rcl_subscription_s *}
In file included from ../micro_ros_stm32cubemx_utils/microros_static_library_ide/libmicroros/include/rclc/rclc.h:30,
                 from ../Core/Src/main.c:29:
../micro_ros_stm32cubemx_utils/microros_static_library_ide/libmicroros/include/rclc/publisher.h:52:21: note: expected 'rcl_publisher_t *' {aka 'struct rcl_publisher_s *'} but argument is of type 'rcl_subscription_t *' {aka 'struct rcl_subscription_s *'}
   52 |   rcl_publisher_t * publisher,
      |   ~~~~~~~~~~~~~~~~~~^~~~~~~~~
../Core/Src/main.c:583:32: warning: passing argument 1 of 'rcl_publisher_fini' from incompatible pointer type [-Wincompatible-pointer-types]
  583 |             rcl_publisher_fini(&subscriber_cmd_vel_status, &node);
      |                                ^~~~~~~~~~~~~~~~~~~~~~~~~~
      |                                |
      |                                rcl_subscription_t * {aka struct rcl_subscription_s *}
In file included from ../micro_ros_stm32cubemx_utils/microros_static_library_ide/libmicroros/include/rcl/rcl.h:78,
                 from ../Core/Src/main.c:27:
../micro_ros_stm32cubemx_utils/microros_static_library_ide/libmicroros/include/rcl/publisher.h:188:38: note: expected 'rcl_publisher_t *' {aka 'struct rcl_publisher_s *'} but argument is of type 'rcl_subscription_t *' {aka 'struct rcl_subscription_s *'}
  188 | rcl_publisher_fini(rcl_publisher_t * publisher, rcl_node_t * node);
      |                    ~~~~~~~~~~~~~~~~~~^~~~~~~~~
../Core/Src/main.c:585:32: warning: passing argument 1 of 'rcl_publisher_fini' from incompatible pointer type [-Wincompatible-pointer-types]
  585 |             rcl_publisher_fini(&subscriber_cmd_vel_status, &node);
      |                                ^~~~~~~~~~~~~~~~~~~~~~~~~~
      |                                |
      |                                rcl_subscription_t * {aka struct rcl_subscription_s *}
In file included from ../micro_ros_stm32cubemx_utils/microros_static_library_ide/libmicroros/include/rcl/rcl.h:78,
                 from ../Core/Src/main.c:27:
../micro_ros_stm32cubemx_utils/microros_static_library_ide/libmicroros/include/rcl/publisher.h:188:38: note: expected 'rcl_publisher_t *' {aka 'struct rcl_publisher_s *'} but argument is of type 'rcl_subscription_t *' {aka 'struct rcl_subscription_s *'}
  188 | rcl_publisher_fini(rcl_publisher_t * publisher, rcl_node_t * node);
      |                    ~~~~~~~~~~~~~~~~~~^~~~~~~~~
../Core/Src/main.c:523:37: warning: unused variable 'cmd_vel_status_msg' [-Wunused-variable]
  523 |           geometry_msgs__msg__Twist cmd_vel_status_msg;
      |                                     ^~~~~~~~~~~~~~~~~~
../Core/Src/main.c:521:33: warning: unused variable 'sub_str_msg' [-Wunused-variable]
  521 |           std_msgs__msg__String sub_str_msg;
      |                                 ^~~~~~~~~~~
../Core/Src/main.c:583:13: warning: ignoring return value of 'rcl_publisher_fini' declared with attribute 'warn_unused_result' [-Wunused-result]
  583 |             rcl_publisher_fini(&subscriber_cmd_vel_status, &node);
      |             ^~~~~~~~~~~~~~~~~~~~~~~~~~~~~~~~~~~~~~~~~~~~~~~~~~~~~
../Core/Src/main.c:584:13: warning: ignoring return value of 'rcl_subscription_fini' declared with attribute 'warn_unused_result' [-Wunused-result]
  584 |             rcl_subscription_fini(&subscriber_cmd_vel, &node);
      |             ^~~~~~~~~~~~~~~~~~~~~~~~~~~~~~~~~~~~~~~~~~~~~~~~~
../Core/Src/main.c:585:13: warning: ignoring return value of 'rcl_publisher_fini' declared with attribute 'warn_unused_result' [-Wunused-result]
  585 |             rcl_publisher_fini(&subscriber_cmd_vel_status, &node);
      |             ^~~~~~~~~~~~~~~~~~~~~~~~~~~~~~~~~~~~~~~~~~~~~~~~~~~~~
../Core/Src/main.c:586:13: warning: ignoring return value of 'rcl_node_fini' declared with attribute 'warn_unused_result' [-Wunused-result]
  586 |             rcl_node_fini(&node);
      |             ^~~~~~~~~~~~~~~~~~~~
arm-none-eabi-gcc -o "microros.elf" @"objects.list"  -lmicroros -mcpu=cortex-m4 -T"/home/abhay/STM32CubeIDE/microROS_ws/microros/STM32F411VETX_FLASH.ld" --specs=nosys.specs -Wl,-Map="microros.map" -Wl,--gc-sections -static -L../micro_ros_stm32cubemx_utils/microros_static_library_ide/libmicroros --specs=nano.specs -mfpu=fpv4-sp-d16 -mfloat-abi=hard -mthumb -Wl,--start-group -lc -lm -Wl,--end-group
/opt/st/stm32cubeide_1.14.0/plugins/com.st.stm32cube.ide.mcu.externaltools.gnu-tools-for-stm32.11.3.rel1.linux64_1.1.100.202309141235/tools/bin/../lib/gcc/arm-none-eabi/11.3.1/../../../../arm-none-eabi/bin/ld: /opt/st/stm32cubeide_1.14.0/plugins/com.st.stm32cube.ide.mcu.externaltools.gnu-tools-for-stm32.11.3.rel1.linux64_1.1.100.202309141235/tools/bin/../lib/gcc/arm-none-eabi/11.3.1/../../../../arm-none-eabi/lib/thumb/v7e-m+fp/hard/libc_nano.a(libc_a-gettimeofdayr.o): in function `_gettimeofday_r':
(.text._gettimeofday_r+0xe): warning: _gettimeofday is not implemented and will always fail
Finished building target: microros.elf
 
arm-none-eabi-size  microros.elf 
arm-none-eabi-objdump -h -S microros.elf  > "microros.list"
   text	   data	    bss	    dec	    hex	filename
  97060	    712	  57816	 155588	  25fc4	microros.elf
Finished building: default.size.stdout
 
Finished building: microros.list
 
13:50:45 **** Incremental Build of configuration Debug for project microros ****
make -j16 all 
docker pull microros/micro_ros_static_library_builder:humble && docker run --rm -v /home/abhay/STM32CubeIDE/microROS_ws/microros:/project --env MICROROS_LIBRARY_FOLDER=micro_ros_stm32cubemx_utils/microros_static_library_ide microros/micro_ros_static_library_builder:humble
humble: Pulling from microros/micro_ros_static_library_builder
Digest: sha256:8df17bda10fac82ff893bc51d80cf7383ceacf4d9ba550ee8bdcd89a016413ef
Status: Image is up to date for microros/micro_ros_static_library_builder:humble
docker.io/microros/micro_ros_static_library_builder:humble
dos2unix: converting file /project/micro_ros_stm32cubemx_utils/microros_static_library_ide/library_generation/library_generation.sh to Unix format...
micro-ROS library found. Skipping...
Delete micro_ros_stm32cubemx_utils/microros_static_library_ide/libmicroros/ for rebuild.
 
arm-none-eabi-gcc "../Core/Src/main.c" -mcpu=cortex-m4 -std=gnu11 -g3 -DDEBUG -DUSE_HAL_DRIVER -DSTM32F411xE -c -I../Core/Inc -I../micro_ros_stm32cubemx_utils/microros_static_library_ide/libmicroros/include -I../Drivers/STM32F4xx_HAL_Driver/Inc -I../Drivers/STM32F4xx_HAL_Driver/Inc/Legacy -I../Drivers/CMSIS/Device/ST/STM32F4xx/Include -I../Drivers/CMSIS/Include -I../Middlewares/Third_Party/FreeRTOS/Source/include -I../Middlewares/Third_Party/FreeRTOS/Source/CMSIS_RTOS_V2 -I../Middlewares/Third_Party/FreeRTOS/Source/portable/GCC/ARM_CM4F -O0 -ffunction-sections -fdata-sections -Wall -fstack-usage -fcyclomatic-complexity -MMD -MP -MF"Core/Src/main.d" -MT"Core/Src/main.o" --specs=nano.specs -mfpu=fpv4-sp-d16 -mfloat-abi=hard -mthumb -o "Core/Src/main.o"
../Core/Src/main.c: In function 'StartDefaultTask':
../Core/Src/main.c:585:13: warning: ignoring return value of 'rcl_subscription_fini' declared with attribute 'warn_unused_result' [-Wunused-result]
  585 |             rcl_subscription_fini(&subscriber_cmd_vel, &node);
      |             ^~~~~~~~~~~~~~~~~~~~~~~~~~~~~~~~~~~~~~~~~~~~~~~~~
../Core/Src/main.c:586:13: warning: ignoring return value of 'rcl_node_fini' declared with attribute 'warn_unused_result' [-Wunused-result]
  586 |             rcl_node_fini(&node);
      |             ^~~~~~~~~~~~~~~~~~~~
arm-none-eabi-gcc -o "microros.elf" @"objects.list"  -lmicroros -mcpu=cortex-m4 -T"/home/abhay/STM32CubeIDE/microROS_ws/microros/STM32F411VETX_FLASH.ld" --specs=nosys.specs -Wl,-Map="microros.map" -Wl,--gc-sections -static -L../micro_ros_stm32cubemx_utils/microros_static_library_ide/libmicroros --specs=nano.specs -mfpu=fpv4-sp-d16 -mfloat-abi=hard -mthumb -Wl,--start-group -lc -lm -Wl,--end-group
/opt/st/stm32cubeide_1.14.0/plugins/com.st.stm32cube.ide.mcu.externaltools.gnu-tools-for-stm32.11.3.rel1.linux64_1.1.100.202309141235/tools/bin/../lib/gcc/arm-none-eabi/11.3.1/../../../../arm-none-eabi/bin/ld: /opt/st/stm32cubeide_1.14.0/plugins/com.st.stm32cube.ide.mcu.externaltools.gnu-tools-for-stm32.11.3.rel1.linux64_1.1.100.202309141235/tools/bin/../lib/gcc/arm-none-eabi/11.3.1/../../../../arm-none-eabi/lib/thumb/v7e-m+fp/hard/libc_nano.a(libc_a-gettimeofdayr.o): in function `_gettimeofday_r':
(.text._gettimeofday_r+0xe): warning: _gettimeofday is not implemented and will always fail
Finished building target: microros.elf
 
arm-none-eabi-size  microros.elf 
arm-none-eabi-objdump -h -S microros.elf  > "microros.list"
   text	   data	    bss	    dec	    hex	filename
  93296	    576	  57696	 151568	  25010	microros.elf
Finished building: default.size.stdout
 
Finished building: microros.list
 
13:58:21 **** Incremental Build of configuration Debug for project microros ****
make -j16 all 
docker pull microros/micro_ros_static_library_builder:humble && docker run --rm -v /home/abhay/STM32CubeIDE/microROS_ws/microros:/project --env MICROROS_LIBRARY_FOLDER=micro_ros_stm32cubemx_utils/microros_static_library_ide microros/micro_ros_static_library_builder:humble
humble: Pulling from microros/micro_ros_static_library_builder
Digest: sha256:8df17bda10fac82ff893bc51d80cf7383ceacf4d9ba550ee8bdcd89a016413ef
Status: Image is up to date for microros/micro_ros_static_library_builder:humble
docker.io/microros/micro_ros_static_library_builder:humble
dos2unix: converting file /project/micro_ros_stm32cubemx_utils/microros_static_library_ide/library_generation/library_generation.sh to Unix format...
micro-ROS library found. Skipping...
Delete micro_ros_stm32cubemx_utils/microros_static_library_ide/libmicroros/ for rebuild.
 
arm-none-eabi-gcc "../Core/Src/main.c" -mcpu=cortex-m4 -std=gnu11 -g3 -DDEBUG -DUSE_HAL_DRIVER -DSTM32F411xE -c -I../Core/Inc -I../micro_ros_stm32cubemx_utils/microros_static_library_ide/libmicroros/include -I../Drivers/STM32F4xx_HAL_Driver/Inc -I../Drivers/STM32F4xx_HAL_Driver/Inc/Legacy -I../Drivers/CMSIS/Device/ST/STM32F4xx/Include -I../Drivers/CMSIS/Include -I../Middlewares/Third_Party/FreeRTOS/Source/include -I../Middlewares/Third_Party/FreeRTOS/Source/CMSIS_RTOS_V2 -I../Middlewares/Third_Party/FreeRTOS/Source/portable/GCC/ARM_CM4F -O0 -ffunction-sections -fdata-sections -Wall -fstack-usage -fcyclomatic-complexity -MMD -MP -MF"Core/Src/main.d" -MT"Core/Src/main.o" --specs=nano.specs -mfpu=fpv4-sp-d16 -mfloat-abi=hard -mthumb -o "Core/Src/main.o"
../Core/Src/main.c: In function 'StartDefaultTask':
../Core/Src/main.c:585:13: warning: ignoring return value of 'rcl_subscription_fini' declared with attribute 'warn_unused_result' [-Wunused-result]
  585 |             rcl_subscription_fini(&subscriber_cmd_vel, &node);
      |             ^~~~~~~~~~~~~~~~~~~~~~~~~~~~~~~~~~~~~~~~~~~~~~~~~
../Core/Src/main.c:586:13: warning: ignoring return value of 'rcl_node_fini' declared with attribute 'warn_unused_result' [-Wunused-result]
  586 |             rcl_node_fini(&node);
      |             ^~~~~~~~~~~~~~~~~~~~
arm-none-eabi-gcc -o "microros.elf" @"objects.list"  -lmicroros -mcpu=cortex-m4 -T"/home/abhay/STM32CubeIDE/microROS_ws/microros/STM32F411VETX_FLASH.ld" --specs=nosys.specs -Wl,-Map="microros.map" -Wl,--gc-sections -static -L../micro_ros_stm32cubemx_utils/microros_static_library_ide/libmicroros --specs=nano.specs -mfpu=fpv4-sp-d16 -mfloat-abi=hard -mthumb -Wl,--start-group -lc -lm -Wl,--end-group
/opt/st/stm32cubeide_1.14.0/plugins/com.st.stm32cube.ide.mcu.externaltools.gnu-tools-for-stm32.11.3.rel1.linux64_1.1.100.202309141235/tools/bin/../lib/gcc/arm-none-eabi/11.3.1/../../../../arm-none-eabi/bin/ld: /opt/st/stm32cubeide_1.14.0/plugins/com.st.stm32cube.ide.mcu.externaltools.gnu-tools-for-stm32.11.3.rel1.linux64_1.1.100.202309141235/tools/bin/../lib/gcc/arm-none-eabi/11.3.1/../../../../arm-none-eabi/lib/thumb/v7e-m+fp/hard/libc_nano.a(libc_a-gettimeofdayr.o): in function `_gettimeofday_r':
(.text._gettimeofday_r+0xe): warning: _gettimeofday is not implemented and will always fail
Finished building target: microros.elf
 
arm-none-eabi-size  microros.elf 
arm-none-eabi-objdump -h -S microros.elf  > "microros.list"
   text	   data	    bss	    dec	    hex	filename
  93472	    576	  57696	 151744	  250c0	microros.elf
Finished building: default.size.stdout
 
Finished building: microros.list
 
