../Core/Src/main.c:103:6:cmd_vel_callback	24	static
../Core/Src/main.c:117:6:cmd_vel_status_callback	24	static
../Core/Src/main.c:133:5:main	8	static
../Core/Src/main.c:216:6:SystemClock_Config	88	static
../Core/Src/main.c:263:13:MX_TIM3_Init	64	static
../Core/Src/main.c:322:13:MX_USART2_UART_Init	8	static
../Core/Src/main.c:353:13:MX_DMA_Init	16	static
../Core/Src/main.c:374:13:MX_GPIO_Init	48	static
../Core/Src/main.c:430:6:StartDefaultTask	608	static
../Core/Src/main.c:553:6:Error_Handler	4	static,ignoring_inline_asm
